Archive member included to satisfy reference by file (symbol)

/home/rph/Bureau/Documents/Travail/3e/Oral/Programme/MontyHallDS/nflib/lib/libnflib.a(nf_2d.o)
                              main.o (NF_Set2D)
/home/rph/Bureau/Documents/Travail/3e/Oral/Programme/MontyHallDS/nflib/lib/libnflib.a(nf_basic.o)
                              /home/rph/Bureau/Documents/Travail/3e/Oral/Programme/MontyHallDS/nflib/lib/libnflib.a(nf_2d.o) (NF_Error)
/home/rph/Bureau/Documents/Travail/3e/Oral/Programme/MontyHallDS/nflib/lib/libnflib.a(nf_sound.o)
                              main.o (NF_InitRawSoundBuffers)
/home/rph/Bureau/Documents/Travail/3e/Oral/Programme/MontyHallDS/nflib/lib/libnflib.a(nf_sprite256.o)
                              main.o (NF_InitSpriteBuffers)
/home/rph/Bureau/Documents/Travail/3e/Oral/Programme/MontyHallDS/nflib/lib/libnflib.a(nf_tiledbg.o)
                              main.o (NF_InitTiledBgBuffers)
/opt/devkitpro/libnds/lib/libfilesystem.a(nitrofs.o)
                              /home/rph/Bureau/Documents/Travail/3e/Oral/Programme/MontyHallDS/nflib/lib/libnflib.a(nf_basic.o) (nitroFSInit)
/opt/devkitpro/libnds/lib/libfat.a(libfat.o)
                              /home/rph/Bureau/Documents/Travail/3e/Oral/Programme/MontyHallDS/nflib/lib/libnflib.a(nf_basic.o) (fatInitDefault)
/opt/devkitpro/libnds/lib/libfat.a(disc.o)
                              /opt/devkitpro/libnds/lib/libfat.a(libfat.o) (_FAT_disc_interfaces)
/opt/devkitpro/libnds/lib/libfat.a(fatfile.o)
                              /opt/devkitpro/libnds/lib/libfat.a(libfat.o) (_FAT_open_r)
/opt/devkitpro/libnds/lib/libfat.a(cache.o)
                              /opt/devkitpro/libnds/lib/libfat.a(fatfile.o) (_FAT_cache_readSectors)
/opt/devkitpro/libnds/lib/libfat.a(fatdir.o)
                              /opt/devkitpro/libnds/lib/libfat.a(libfat.o) (_FAT_stat_r)
/opt/devkitpro/libnds/lib/libfat.a(directory.o)
                              /opt/devkitpro/libnds/lib/libfat.a(fatfile.o) (_FAT_directory_entryGetCluster)
/opt/devkitpro/libnds/lib/libfat.a(partition.o)
                              /opt/devkitpro/libnds/lib/libfat.a(libfat.o) (_FAT_partition_destructor)
/opt/devkitpro/libnds/lib/libfat.a(lock.o)
                              /opt/devkitpro/libnds/lib/libfat.a(partition.o) (_FAT_lock_init)
/opt/devkitpro/libnds/lib/libfat.a(filetime.o)
                              /opt/devkitpro/libnds/lib/libfat.a(fatfile.o) (_FAT_filetime_getTimeFromRTC)
/opt/devkitpro/libnds/lib/libfat.a(file_allocation_table.o)
                              /opt/devkitpro/libnds/lib/libfat.a(fatfile.o) (_FAT_fat_nextCluster)
/opt/devkitpro/libnds/lib/libnds9.a(video.o)
                              /home/rph/Bureau/Documents/Travail/3e/Oral/Programme/MontyHallDS/nflib/lib/libnflib.a(nf_basic.o) (setBrightness)
/opt/devkitpro/libnds/lib/libnds9.a(touch.o)
                              main.o (touchRead)
/opt/devkitpro/libnds/lib/libnds9.a(console.o)
                              main.o (consoleDemoInit)
/opt/devkitpro/libnds/lib/libnds9.a(sound.o)
                              main.o (soundEnable)
/opt/devkitpro/libnds/lib/libnds9.a(sprite.o)
                              /home/rph/Bureau/Documents/Travail/3e/Oral/Programme/MontyHallDS/nflib/lib/libnflib.a(nf_sprite256.o) (oamInit)
/opt/devkitpro/libnds/lib/libnds9.a(keys.o)
                              main.o (scanKeys)
/opt/devkitpro/libnds/lib/libnds9.a(dldi.o)
                              /opt/devkitpro/libnds/lib/libfat.a(disc.o) (dldiGetInternal)
/opt/devkitpro/libnds/lib/libnds9.a(initSystem.o)
                              /opt/devkitpro/devkitARM/bin/../lib/gcc/arm-none-eabi/14.1.0/../../../../arm-none-eabi/lib/thumb/ds_arm9_crt0.o (initSystem)
/opt/devkitpro/libnds/lib/libnds9.a(securearea.o)
                              /opt/devkitpro/devkitARM/bin/../lib/gcc/arm-none-eabi/14.1.0/../../../../arm-none-eabi/lib/thumb/ds_arm9_crt0.o (__secure_area__)
/opt/devkitpro/libnds/lib/libnds9.a(interrupts.o)
                              /opt/devkitpro/libnds/lib/libnds9.a(initSystem.o) (irqInit)
/opt/devkitpro/libnds/lib/libnds9.a(libnds_exit.arm.o)
                              /opt/devkitpro/devkitARM/bin/../lib/gcc/arm-none-eabi/14.1.0/../../../../arm-none-eabi/lib/thumb/ds_arm9_crt0.o (__libnds_exit)
/opt/devkitpro/libnds/lib/libnds9.a(card.o)
                              /opt/devkitpro/libnds/lib/libfilesystem.a(nitrofs.o) (cardParamCommand)
/opt/devkitpro/libnds/lib/libnds9.a(fifosystem.o)
                              /opt/devkitpro/libnds/lib/libnds9.a(initSystem.o) (fifoSetValue32Handler)
/opt/devkitpro/libnds/lib/libnds9.a(dcache.o)
                              /home/rph/Bureau/Documents/Travail/3e/Oral/Programme/MontyHallDS/nflib/lib/libnflib.a(nf_basic.o) (DC_FlushRange)
/opt/devkitpro/libnds/lib/libnds9.a(dldi_stub.o)
                              /opt/devkitpro/libnds/lib/libnds9.a(dldi.o) (_io_dldi_stub)
/opt/devkitpro/libnds/lib/libnds9.a(mpu_setup.o)
[...]
Memory Configuration

Name             Origin             Length             Attributes
ewram            0x02000000         0x00380000
dtcm             0x02ff0000         0x00004000
vectors          0x01000000         0x00000100
itcm             0x01000100         0x00007f00
*default*        0x00000000         0xffffffff

Linker script and memory map

                0x00000000                        __sync_synchronize = __sync_synchronize_none
                0x02380000                        __ewram_end = (ORIGIN (ewram) + LENGTH (ewram))
                0x02380000                        __eheap_end = (ORIGIN (ewram) + LENGTH (ewram))
                0x02ff4000                        __dtcm_top = (ORIGIN (dtcm) + LENGTH (dtcm))
                0x02ff3ff8                        __irq_flags = (__dtcm_top - 0x8)
                0x02ff3ffc                        __irq_vector = (__dtcm_top - 0x4)
                0x02ff3f00                        __sp_svc = (__dtcm_top - 0x100)
                0x02ff3e00                        __sp_irq = (__sp_svc - 0x100)
                0x02ff3d00                        __sp_usr = (__sp_irq - 0x100)

.secure         0x02000000      0x800
 *(.secure)
 .secure        0x02000000      0x800 /opt/devkitpro/libnds/lib/libnds9.a(securearea.o)
                0x02000000                __secure_area__

.crt0           0x02000800      0x300
                0x02000800                        __text_start = .
 *(.crt0)
 .crt0          0x02000800      0x300 /opt/devkitpro/devkitARM/bin/../lib/gcc/arm-none-eabi/14.1.0/../../../../arm-none-eabi/lib/thumb/ds_arm9_crt0.o
                0x02000800                _start
                0x02000b00                        . = ALIGN (0x4)

.plt
 *(.plt)

.init           0x02000b00        0xc
 *(SORT_NONE(.init))
 .init          0x02000b00        0x4 /opt/devkitpro/devkitARM/bin/../lib/gcc/arm-none-eabi/14.1.0/thumb/crti.o
                0x02000b00                _init
 .init          0x02000b04        0x8 /opt/devkitpro/devkitARM/bin/../lib/gcc/arm-none-eabi/14.1.0/thumb/crtn.o

.text           0x02000b40    0x1f8c0
 *(EXCLUDE_FILE(*.twl* *.vectors* *.itcm*) .text)
 .text          0x02000b40     0x19f0 main.o
                0x02000b40                LoadSprites()
                0x02000ee4                Titlescreen()
                0x0200104c                MontyHallInit()
                0x020010e4                ChooseDoor()
                0x0200125c                ChangeDoor()
                0x020013b0                PlayMontyHall()
                0x02001994                MontyHallSimuPgrm(int)
                0x02001d74                MontyHallSimuFast()
                0x02001e40                MontyHallSimuResults()
                0x020020b0                SimulateMontyHall()
 .text          0x02002530      0x874 /home/rph/Bureau/Documents/Travail/3e/Oral/Programme/MontyHallDS/nflib/lib/libnflib.a(nf_2d.o)
                0x02002530                NF_Set2D
                0x02002598                NF_ShowBg
                0x02002614                NF_HideBg
                0x020026b8                NF_ScrollBg
                0x02002a08                NF_MoveSprite
                0x02002a28                NF_SpriteLayer
                0x02002a44                NF_ShowSprite
                0x02002a64                NF_HflipSprite
                0x02002a80                NF_GetSpriteHflip
                0x02002a9c                NF_VflipSprite
                0x02002ab8                NF_GetSpriteVflip
                0x02002ad4                NF_SpriteFrame
                0x02002ba4                NF_EnableSpriteRotScale
                0x02002c38                NF_DisableSpriteRotScale
                0x02002cac                NF_SpriteRotScale
 .text          0x02002da4      0x4a0 /home/rph/Bureau/Documents/Travail/3e/Oral/Programme/MontyHallDS/nflib/lib/libnflib.a(nf_basic.o)
                0x02002da4                NF_Error
                0x02003050                NF_SetRootFolder
                0x020031a8                NF_DmaMemCopy
                0x02003234                NF_GetLanguage
 .text          0x02003244      0x294 /home/rph/Bureau/Documents/Travail/3e/Oral/Programme/MontyHallDS/nflib/lib/libnflib.a(nf_sound.o)
                0x02003244                NF_InitRawSoundBuffers
                0x02003270                NF_ResetRawSoundBuffers
                0x020032a8                NF_LoadRawSound
                0x020033e8                NF_UnloadRawSound
                0x02003458                NF_PlayRawSound
 .text          0x020034d8     0x13b4 /home/rph/Bureau/Documents/Travail/3e/Oral/Programme/MontyHallDS/nflib/lib/libnflib.a(nf_sprite256.o)
                0x020034d8                NF_InitSpriteBuffers
                0x02003524                NF_ResetSpriteBuffers
                0x02003558                NF_InitSpriteSys
                0x02003768                NF_LoadSpriteGfx
                0x02003878                NF_UnloadSpriteGfx
                0x020038e8                NF_LoadSpritePal
                0x020039e4                NF_UnloadSpritePal
                0x02003a34                NF_VramSpriteGfx
                0x02003d8c                NF_VramSpriteGfxDefrag
                0x02003f90                NF_FreeSpriteGfx
                0x02004090                NF_VramSpritePal
                0x02004164                NF_CreateSprite
                0x02004504                NF_DeleteSprite
                0x020045a4                NF_SpriteOamSet
                0x0200467c                NF_SpriteSetPalColor
                0x02004714                NF_SpriteEditPalColor
                0x02004790                NF_SpriteUpdatePalette
                0x02004820                NF_SpriteGetPalColor
 .text          0x0200488c     0x19fc /home/rph/Bureau/Documents/Travail/3e/Oral/Programme/MontyHallDS/nflib/lib/libnflib.a(nf_tiledbg.o)
                0x0200488c                NF_InitTiledBgBuffers
                0x02004928                NF_ResetTiledBgBuffers
                0x0200498c                NF_InitTiledBgSys
                0x02004abc                NF_LoadTiledBg
                0x02004d3c                NF_LoadTilesForBg
                0x02004fb8                NF_UnloadTiledBg
                0x02005070                NF_DeleteTiledBg
                0x02005218                NF_CreateTiledBg
                0x02005840                NF_GetTileMapAddress
                0x020058fc                NF_GetTileOfMap
                0x02005934                NF_SetTileOfMap
                0x02005978                NF_UpdateVramMap
                0x02005a98                NF_BgSetPalColor
                0x02005b48                NF_BgEditPalColor
                0x02005bec                NF_BgUpdatePalette
                0x02005cac                NF_BgGetPalColor
                0x02005d44                NF_GetTilePal
                0x02005d78                NF_SetTilePal
                0x02005dc0                NF_LoadExBgPal
                0x02005eac                NF_UnloadExBgPal
                0x02005efc                NF_VramExBgPal
                0x02005fb0                NF_SetExBgPal
                0x02006070                NF_SetTileHflip
                0x020060ac                NF_SetTileVflip
                0x020060e8                NF_RotateTileGfx
 *fill*         0x02006288       0x38 ff
 .text          0x020062c0     0x4000 /opt/devkitpro/libnds/lib/libnds9.a(dldi_stub.o)
                0x020062c0                _io_dldi_stub
 .text          0x0200a2c0      0x11c /opt/devkitpro/devkitARM/bin/../lib/gcc/arm-none-eabi/14.1.0/thumb/libgcc.a(_udivsi3.o)
                0x0200a2c0                __udivsi3
                0x0200a2c0                __aeabi_uidiv
                0x0200a3bc                __aeabi_uidivmod
 .text          0x0200a3dc      0x150 /opt/devkitpro/devkitARM/bin/../lib/gcc/arm-none-eabi/14.1.0/thumb/libgcc.a(_divsi3.o)
                0x0200a3dc                __aeabi_idiv
                0x0200a3dc                __divsi3
                0x0200a50c                __aeabi_idivmod
 .text          0x0200a52c        0x4 /opt/devkitpro/devkitARM/bin/../lib/gcc/arm-none-eabi/14.1.0/thumb/libgcc.a(_dvmd_tls.o)
                0x0200a52c                __aeabi_ldiv0
                0x0200a52c                __aeabi_idiv0
 .text          0x0200a530      0x424 /opt/devkitpro/devkitARM/bin/../lib/gcc/arm-none-eabi/14.1.0/thumb/libgcc.a(_arm_addsubdf3.o)
                0x0200a530                __aeabi_drsub
                0x0200a538                __aeabi_dsub
                0x0200a538                __subdf3
                0x0200a53c                __adddf3
                0x0200a53c                __aeabi_dadd
                0x0200a84c                __aeabi_ui2d
                0x0200a84c                __floatunsidf
                0x0200a870                __floatsidf
                0x0200a870                __aeabi_i2d
                0x0200a898                __extendsfdf2
                0x0200a898                __aeabi_f2d
                0x0200a8e0                __aeabi_ul2d
                0x0200a8e0                __floatundidf
                0x0200a8f4                __floatdidf
                0x0200a8f4                __aeabi_l2d
 .text          0x0200a954       0x5c /opt/devkitpro/devkitARM/bin/../lib/gcc/arm-none-eabi/14.1.0/thumb/libgcc.a(_arm_fixdfsi.o)
                0x0200a954                __fixdfsi
                0x0200a954                __aeabi_d2iz
 .text          0x0200a9b0       0xd4 /opt/devkitpro/devkitARM/bin/../lib/gcc/arm-none-eabi/14.1.0/thumb/libgcc.a(_aeabi_ldivmod.o)
                0x0200a9b0                __aeabi_ldivmod
 .text          0x0200aa84       0x28 /opt/devkitpro/devkitARM/bin/../lib/gcc/arm-none-eabi/14.1.0/thumb/libgcc.a(_clzdi2.o)
                0x0200aa84                __clzdi2
 .text          0x0200aaac       0x48 /opt/devkitpro/devkitARM/bin/../lib/gcc/arm-none-eabi/14.1.0/thumb/libgcc.a(_clzsi2.o)
                0x0200aaac                __clzsi2
 .text          0x0200aaf4      0x224 /opt/devkitpro/devkitARM/bin/../lib/gcc/arm-none-eabi/14.1.0/../../../../arm-none-eabi/lib/thumb/libg.a(libc_a-strcmp.o)
                0x0200aaf4                strcmp
 .text          0x0200ad18       0x14 /opt/devkitpro/devkitARM/bin/../lib/gcc/arm-none-eabi/14.1.0/thumb/libgcc.a(_thumb1_case_uqi.o)
                0x0200ad18                __gnu_thumb1_case_uqi
 .text          0x0200ad2c       0x14 /opt/devkitpro/devkitARM/bin/../lib/gcc/arm-none-eabi/14.1.0/thumb/libgcc.a(_thumb1_case_uhi.o)
                0x0200ad2c                __gnu_thumb1_case_uhi
 .text          0x0200ad40      0x49c /opt/devkitpro/devkitARM/bin/../lib/gcc/arm-none-eabi/14.1.0/thumb/libgcc.a(_arm_muldivdf3.o)
                0x0200ad40                __aeabi_dmul
                0x0200ad40                __muldf3
                0x0200afd0                __aeabi_ddiv
                0x0200afd0                __divdf3
 .text          0x0200b1dc      0x144 /opt/devkitpro/devkitARM/bin/../lib/gcc/arm-none-eabi/14.1.0/thumb/libgcc.a(_arm_cmpdf2.o)
                0x0200b1dc                __gtdf2
                0x0200b1dc                __gedf2
                0x0200b1e4                __ltdf2
                0x0200b1e4                __ledf2
                0x0200b1ec                __cmpdf2
                0x0200b1ec                __eqdf2
                0x0200b1ec                __nedf2
                0x0200b274                __aeabi_cdrcmple
                0x0200b290                __aeabi_cdcmple
                0x0200b290                __aeabi_cdcmpeq
                0x0200b2a8                __aeabi_dcmpeq
                0x0200b2c0                __aeabi_dcmplt
                0x0200b2d8                __aeabi_dcmple
                0x0200b2f0                __aeabi_dcmpge
                0x0200b308                __aeabi_dcmpgt
 .text          0x0200b320       0x38 /opt/devkitpro/devkitARM/bin/../lib/gcc/arm-none-eabi/14.1.0/thumb/libgcc.a(_arm_unorddf2.o)
                0x0200b320                __aeabi_dcmpun
                0x0200b320                __unorddf2
 .text          0x0200b358       0x3c /opt/devkitpro/devkitARM/bin/../lib/gcc/arm-none-eabi/14.1.0/thumb/libgcc.a(_aeabi_uldivmod.o)
                0x0200b358                __aeabi_uldivmod
 *(EXCLUDE_FILE(*.twl* *.vectors* *.itcm*) .stub)
 *(EXCLUDE_FILE(*.twl* *.vectors* *.itcm*) .text.*)
 .text.__do_global_dtors_aux
                0x0200b394       0x2c /opt/devkitpro/devkitARM/bin/../lib/gcc/arm-none-eabi/14.1.0/thumb/crtbegin.o
 .text.frame_dummy
                0x0200b3c0       0x24 /opt/devkitpro/devkitARM/bin/../lib/gcc/arm-none-eabi/14.1.0/thumb/crtbegin.o
 .text.startup  0x0200b3e4      0x1e4 main.o
                0x0200b3e4                main
 .text.nitroFSDirClose
                0x0200b5c8        0x4 /opt/devkitpro/libnds/lib/libfilesystem.a(nitrofs.o)
 .text.nitroFSSeek
                0x0200b5cc       0x78 /opt/devkitpro/libnds/lib/libfilesystem.a(nitrofs.o)
 .text.nitroFSFstat
                0x0200b644       0x10 /opt/devkitpro/libnds/lib/libfilesystem.a(nitrofs.o)
 .text.nitroSubReadBlock
                0x0200b654       0x54 /opt/devkitpro/libnds/lib/libfilesystem.a(nitrofs.o)
 .text.nitroSubReadCard
                0x0200b6a8       0xb0 /opt/devkitpro/libnds/lib/libfilesystem.a(nitrofs.o)
 .text.nitroFSClose
                0x0200b758        0x4 /opt/devkitpro/libnds/lib/libfilesystem.a(nitrofs.o)
 .text.nitroDirReset
                0x0200b75c       0x9c /opt/devkitpro/libnds/lib/libfilesystem.a(nitrofs.o)
 .text.nitroFSRead
                0x0200b7f8       0xbc /opt/devkitpro/libnds/lib/libfilesystem.a(nitrofs.o)
 .text.nitroFSDirNext
                0x0200b8b4      0x30c /opt/devkitpro/libnds/lib/libfilesystem.a(nitrofs.o)
 .text.nitroFSDirOpen
                0x0200bbc0       0xe0 /opt/devkitpro/libnds/lib/libfilesystem.a(nitrofs.o)
 .text.nitroFSChdir
                0x0200bca0       0x30 /opt/devkitpro/libnds/lib/libfilesystem.a(nitrofs.o)
 .text.nitroFSOpen
                0x0200bcd0       0xc4 /opt/devkitpro/libnds/lib/libfilesystem.a(nitrofs.o)
 .text.nitroFSstat
                0x0200bd94       0x68 /opt/devkitpro/libnds/lib/libfilesystem.a(nitrofs.o)
 .text.nitroFSInit
                0x0200bdfc      0x12c /opt/devkitpro/libnds/lib/libfilesystem.a(nitrofs.o)
                0x0200bdfc                nitroFSInit
 .text.fatMount.part.0
                0x0200bf28       0xa0 /opt/devkitpro/libnds/lib/libfat.a(libfat.o)
 .text.fatMount
                0x0200bfc8       0x3c /opt/devkitpro/libnds/lib/libfat.a(libfat.o)
                0x0200bfc8                fatMount
 .text.fatInit  0x0200c004      0x130 /opt/devkitpro/libnds/lib/libfat.a(libfat.o)
                0x0200c004                fatInit
 .text.fatInitDefault
                0x0200c134        0xc /opt/devkitpro/libnds/lib/libfat.a(libfat.o)
                0x0200c134                fatInitDefault
 .text._FAT_check_position_for_next_cluster.part.0
                0x0200c140       0x68 /opt/devkitpro/libnds/lib/libfat.a(fatfile.o)
 .text._FAT_syncToDisc.part.0
                0x0200c1a8       0xd4 /opt/devkitpro/libnds/lib/libfat.a(fatfile.o)
 .text._FAT_file_extend_r
                0x0200c27c      0x208 /opt/devkitpro/libnds/lib/libfat.a(fatfile.o)
 .text._FAT_open_r
                0x0200c484      0x2d4 /opt/devkitpro/libnds/lib/libfat.a(fatfile.o)
                0x0200c484                _FAT_open_r
 .text._FAT_close_r
                0x0200c758       0x74 /opt/devkitpro/libnds/lib/libfat.a(fatfile.o)
                0x0200c758                _FAT_close_r
 .text._FAT_read_r
                0x0200c7cc      0x398 /opt/devkitpro/libnds/lib/libfat.a(fatfile.o)
                0x0200c7cc                _FAT_read_r
 .text._FAT_write_r
                0x0200cb64      0x53c /opt/devkitpro/libnds/lib/libfat.a(fatfile.o)
                0x0200cb64                _FAT_write_r
 .text._FAT_seek_r
                0x0200d0a0      0x194 /opt/devkitpro/libnds/lib/libfat.a(fatfile.o)
                0x0200d0a0                _FAT_seek_r
 .text._FAT_fstat_r
                0x0200d234       0x8c /opt/devkitpro/libnds/lib/libfat.a(fatfile.o)
                0x0200d234                _FAT_fstat_r
 .text._FAT_ftruncate_r
                0x0200d2c0      0x16c /opt/devkitpro/libnds/lib/libfat.a(fatfile.o)
                0x0200d2c0                _FAT_ftruncate_r
 .text._FAT_fsync_r
                0x0200d42c       0x44 /opt/devkitpro/libnds/lib/libfat.a(fatfile.o)
                0x0200d42c                _FAT_fsync_r
 .text._FAT_cache_getPage
                0x0200d470       0xf0 /opt/devkitpro/libnds/lib/libfat.a(cache.o)
 .text._FAT_cache_constructor
                0x0200d560       0x90 /opt/devkitpro/libnds/lib/libfat.a(cache.o)
                0x0200d560                _FAT_cache_constructor
 .text._FAT_cache_readSectors
                0x0200d5f0       0x60 /opt/devkitpro/libnds/lib/libfat.a(cache.o)
                0x0200d5f0                _FAT_cache_readSectors
 .text._FAT_cache_readPartialSector
                0x0200d650       0x3c /opt/devkitpro/libnds/lib/libfat.a(cache.o)
                0x0200d650                _FAT_cache_readPartialSector
 .text._FAT_cache_readLittleEndianValue
                0x0200d68c       0x70 /opt/devkitpro/libnds/lib/libfat.a(cache.o)
                0x0200d68c                _FAT_cache_readLittleEndianValue
 .text._FAT_cache_writePartialSector
                0x0200d6fc       0x4c /opt/devkitpro/libnds/lib/libfat.a(cache.o)
                0x0200d6fc                _FAT_cache_writePartialSector
 .text._FAT_cache_writeLittleEndianValue
                0x0200d748       0x8c /opt/devkitpro/libnds/lib/libfat.a(cache.o)
                0x0200d748                _FAT_cache_writeLittleEndianValue
 .text._FAT_cache_eraseWritePartialSector
                0x0200d7d4       0x60 /opt/devkitpro/libnds/lib/libfat.a(cache.o)
                0x0200d7d4                _FAT_cache_eraseWritePartialSector
 .text._FAT_cache_writeSectors
                0x0200d834       0x80 /opt/devkitpro/libnds/lib/libfat.a(cache.o)
                0x0200d834                _FAT_cache_writeSectors
 .text._FAT_cache_flush
                0x0200d8b4       0x40 /opt/devkitpro/libnds/lib/libfat.a(cache.o)
                0x0200d8b4                _FAT_cache_flush
 .text._FAT_stat_r
                0x0200d8f4       0x90 /opt/devkitpro/libnds/lib/libfat.a(fatdir.o)
                0x0200d8f4                _FAT_stat_r
 .text._FAT_link_r
                0x0200d984        0xc /opt/devkitpro/libnds/lib/libfat.a(fatdir.o)
                0x0200d984                _FAT_link_r
 .text._FAT_unlink_r
                0x0200d990      0x184 /opt/devkitpro/libnds/lib/libfat.a(fatdir.o)
                0x0200d990                _FAT_unlink_r
 .text._FAT_chdir_r
                0x0200db14       0x70 /opt/devkitpro/libnds/lib/libfat.a(fatdir.o)
                0x0200db14                _FAT_chdir_r
 .text._FAT_rename_r
                0x0200db84      0x1c4 /opt/devkitpro/libnds/lib/libfat.a(fatdir.o)
                0x0200db84                _FAT_rename_r
 .text._FAT_mkdir_r
                0x0200dd48      0x244 /opt/devkitpro/libnds/lib/libfat.a(fatdir.o)
                0x0200dd48                _FAT_mkdir_r
 .text._FAT_statvfs_r
                0x0200df8c       0x78 /opt/devkitpro/libnds/lib/libfat.a(fatdir.o)
                0x0200df8c                _FAT_statvfs_r
 .text._FAT_diropen_r
                0x0200e004       0xb0 /opt/devkitpro/libnds/lib/libfat.a(fatdir.o)
                0x0200e004                _FAT_diropen_r
 .text._FAT_dirreset_r
                0x0200e0b4       0x4c /opt/devkitpro/libnds/lib/libfat.a(fatdir.o)
                0x0200e0b4                _FAT_dirreset_r
 .text._FAT_dirnext_r
                0x0200e100       0x7c /opt/devkitpro/libnds/lib/libfat.a(fatdir.o)
                0x0200e100                _FAT_dirnext_r
 .text._FAT_dirclose_r
                0x0200e17c       0x20 /opt/devkitpro/libnds/lib/libfat.a(fatdir.o)
                0x0200e17c                _FAT_dirclose_r
 .text._FAT_directory_entryGetAlias
                0x0200e19c       0xc8 /opt/devkitpro/libnds/lib/libfat.a(directory.o)
 .text._FAT_directory_incrementDirEntryPosition
                0x0200e264       0x80 /opt/devkitpro/libnds/lib/libfat.a(directory.o)
 .text._FAT_directory_mbsncasecmp
                0x0200e2e4       0xa8 /opt/devkitpro/libnds/lib/libfat.a(directory.o)
 .text._FAT_directory_ucs2tombs.constprop.0
                0x0200e38c       0x90 /opt/devkitpro/libnds/lib/libfat.a(directory.o)
 .text._FAT_directory_entryGetCluster
                0x0200e41c       0x20 /opt/devkitpro/libnds/lib/libfat.a(directory.o)
                0x0200e41c                _FAT_directory_entryGetCluster
 .text._FAT_directory_getNextEntry
                0x0200e43c      0x23c /opt/devkitpro/libnds/lib/libfat.a(directory.o)
                0x0200e43c                _FAT_directory_getNextEntry
 .text._FAT_directory_entryExists
                0x0200e678       0x80 /opt/devkitpro/libnds/lib/libfat.a(directory.o)
 .text._FAT_directory_getFirstEntry
                0x0200e6f8       0x20 /opt/devkitpro/libnds/lib/libfat.a(directory.o)
                0x0200e6f8                _FAT_directory_getFirstEntry
 .text._FAT_directory_getRootEntry
                0x0200e718       0x60 /opt/devkitpro/libnds/lib/libfat.a(directory.o)
                0x0200e718                _FAT_directory_getRootEntry
 .text._FAT_directory_entryFromPosition
                0x0200e778      0x150 /opt/devkitpro/libnds/lib/libfat.a(directory.o)
                0x0200e778                _FAT_directory_entryFromPosition
 .text._FAT_directory_entryFromPath
                0x0200e8c8      0x248 /opt/devkitpro/libnds/lib/libfat.a(directory.o)
                0x0200e8c8                _FAT_directory_entryFromPath
 .text._FAT_directory_removeEntry
                0x0200eb10       0xd8 /opt/devkitpro/libnds/lib/libfat.a(directory.o)
                0x0200eb10                _FAT_directory_removeEntry
 .text._FAT_directory_addEntry
                0x0200ebe8      0x808 /opt/devkitpro/libnds/lib/libfat.a(directory.o)
                0x0200ebe8                _FAT_directory_addEntry
 .text._FAT_directory_chdir
                0x0200f3f0       0x3c /opt/devkitpro/libnds/lib/libfat.a(directory.o)
                0x0200f3f0                _FAT_directory_chdir
 .text._FAT_directory_entryStat
                0x0200f42c       0xe4 /opt/devkitpro/libnds/lib/libfat.a(directory.o)
                0x0200f42c                _FAT_directory_entryStat
 .text.isValidMBR
                0x0200f510       0x5c /opt/devkitpro/libnds/lib/libfat.a(partition.o)
 .text._FAT_updateFS_INFO
                0x0200f56c       0x54 /opt/devkitpro/libnds/lib/libfat.a(partition.o)
 .text.FindFirstValidPartition_buf.part.0
                0x0200f5c0      0x11c /opt/devkitpro/libnds/lib/libfat.a(partition.o)
 .text._FAT_partition_getPartitionFromPath
                0x0200f6dc       0x10 /opt/devkitpro/libnds/lib/libfat.a(partition.o)
                0x0200f6dc                _FAT_partition_getPartitionFromPath
 .text._FAT_partition_createFSinfo
                0x0200f6ec       0x50 /opt/devkitpro/libnds/lib/libfat.a(partition.o)
                0x0200f6ec                _FAT_partition_createFSinfo
 .text._FAT_partition_readFSinfo.part.0
                0x0200f73c       0x74 /opt/devkitpro/libnds/lib/libfat.a(partition.o)
 .text._FAT_partition_constructor_buf
                0x0200f7b0      0x2e8 /opt/devkitpro/libnds/lib/libfat.a(partition.o)
                0x0200f7b0                _FAT_partition_constructor_buf
 .text._FAT_partition_constructor
                0x0200fa98       0x40 /opt/devkitpro/libnds/lib/libfat.a(partition.o)
                0x0200fa98                _FAT_partition_constructor
 .text._FAT_partition_readFSinfo
                0x0200fad8       0x10 /opt/devkitpro/libnds/lib/libfat.a(partition.o)
                0x0200fad8                _FAT_partition_readFSinfo
 .text._FAT_lock_init
                0x0200fae8        0x4 /opt/devkitpro/libnds/lib/libfat.a(lock.o)
                0x0200fae8                _FAT_lock_init
 .text._FAT_lock
                0x0200faec        0x4 /opt/devkitpro/libnds/lib/libfat.a(lock.o)
                0x0200faec                _FAT_lock
 .text._FAT_unlock
                0x0200faf0        0x4 /opt/devkitpro/libnds/lib/libfat.a(lock.o)
                0x0200faf0                _FAT_unlock
 .text._FAT_filetime_getTimeFromRTC
                0x0200faf4       0x44 /opt/devkitpro/libnds/lib/libfat.a(filetime.o)
                0x0200faf4                _FAT_filetime_getTimeFromRTC
 .text._FAT_filetime_getDateFromRTC
                0x0200fb38       0x44 /opt/devkitpro/libnds/lib/libfat.a(filetime.o)
                0x0200fb38                _FAT_filetime_getDateFromRTC
 .text._FAT_filetime_to_time_t
                0x0200fb7c       0x38 /opt/devkitpro/libnds/lib/libfat.a(filetime.o)
                0x0200fb7c                _FAT_filetime_to_time_t
 .text._FAT_fat_writeFatEntry.part.0.isra.0
                0x0200fbb4      0x12c /opt/devkitpro/libnds/lib/libfat.a(file_allocation_table.o)
 .text._FAT_fat_nextCluster
                0x0200fce0      0x108 /opt/devkitpro/libnds/lib/libfat.a(file_allocation_table.o)
                0x0200fce0                _FAT_fat_nextCluster
 .text._FAT_fat_linkFreeCluster
                0x0200fde8       0xac /opt/devkitpro/libnds/lib/libfat.a(file_allocation_table.o)
                0x0200fde8                _FAT_fat_linkFreeCluster
 .text._FAT_fat_linkFreeClusterCleared
                0x0200fe94       0x68 /opt/devkitpro/libnds/lib/libfat.a(file_allocation_table.o)
                0x0200fe94                _FAT_fat_linkFreeClusterCleared
 .text._FAT_fat_clearLinks
                0x0200fefc       0x7c /opt/devkitpro/libnds/lib/libfat.a(file_allocation_table.o)
                0x0200fefc                _FAT_fat_clearLinks
 .text._FAT_fat_trimChain
                0x0200ff78       0x80 /opt/devkitpro/libnds/lib/libfat.a(file_allocation_table.o)
                0x0200ff78                _FAT_fat_trimChain
 .text._FAT_fat_lastCluster
                0x0200fff8       0x34 /opt/devkitpro/libnds/lib/libfat.a(file_allocation_table.o)
                0x0200fff8                _FAT_fat_lastCluster
 .text._FAT_fat_freeClusterCount
                0x0201002c       0x2c /opt/devkitpro/libnds/lib/libfat.a(file_allocation_table.o)
                0x0201002c                _FAT_fat_freeClusterCount
 .text.setBrightness
                0x02010058       0x40 /opt/devkitpro/libnds/lib/libnds9.a(video.o)
                0x02010058                setBrightness
 .text.vramDefault
                0x02010098       0xd0 /opt/devkitpro/libnds/lib/libnds9.a(video.o)
                0x02010098                vramDefault
 .text.touchRead
                0x02010168       0x24 /opt/devkitpro/libnds/lib/libnds9.a(touch.o)
                0x02010168                touchRead
 .text.newRow   0x0201018c       0xa8 /opt/devkitpro/libnds/lib/libnds9.a(console.o)
 .text.consolePrintChar
                0x02010234       0xe0 /opt/devkitpro/libnds/lib/libnds9.a(console.o)
                0x02010234                consolePrintChar
 .text.con_write
                0x02010314      0x36c /opt/devkitpro/libnds/lib/libnds9.a(console.o)
                0x02010314                con_write
 .text.consoleLoadFont
                0x02010680      0x2a0 /opt/devkitpro/libnds/lib/libnds9.a(console.o)
                0x02010680                consoleLoadFont
 .text.consoleInit
                0x02010920      0x18c /opt/devkitpro/libnds/lib/libnds9.a(console.o)
                0x02010920                consoleInit
 .text.consoleDemoInit
                0x02010aac       0x40 /opt/devkitpro/libnds/lib/libnds9.a(console.o)
                0x02010aac                consoleDemoInit
 .text.consoleClear
                0x02010aec       0x10 /opt/devkitpro/libnds/lib/libnds9.a(console.o)
                0x02010aec                consoleClear
 .text.soundEnable
                0x02010afc       0x10 /opt/devkitpro/libnds/lib/libnds9.a(sound.o)
                0x02010afc                soundEnable
 .text.soundPlaySample
                0x02010b0c       0x68 /opt/devkitpro/libnds/lib/libnds9.a(sound.o)
                0x02010b0c                soundPlaySample
 .text.oamInit  0x02010b74      0x114 /opt/devkitpro/libnds/lib/libnds9.a(sprite.o)
                0x02010b74                oamInit
 .text.oamGfxPtrToOffset
                0x02010c88       0x34 /opt/devkitpro/libnds/lib/libnds9.a(sprite.o)
                0x02010c88                oamGfxPtrToOffset
 .text.oamSet   0x02010cbc      0x104 /opt/devkitpro/libnds/lib/libnds9.a(sprite.o)
                0x02010cbc                oamSet
 .text.oamUpdate
                0x02010dc0       0x60 /opt/devkitpro/libnds/lib/libnds9.a(sprite.o)
                0x02010dc0                oamUpdate
 .text.oamRotateScale
                0x02010e20       0x4c /opt/devkitpro/libnds/lib/libnds9.a(sprite.o)
                0x02010e20                oamRotateScale
 .text.scanKeys
                0x02010e6c       0x8c /opt/devkitpro/libnds/lib/libnds9.a(keys.o)
                0x02010e6c                scanKeys
 .text.keysDown
                0x02010ef8       0x14 /opt/devkitpro/libnds/lib/libnds9.a(keys.o)
                0x02010ef8                keysDown
 .text.dldiGetInternal
                0x02010f0c       0x34 /opt/devkitpro/libnds/lib/libnds9.a(dldi.o)
                0x02010f0c                dldiGetInternal
 .text.get_io_dsisd
                0x02010f40       0x24 /opt/devkitpro/libnds/lib/libnds9.a(dldi.o)
                0x02010f40                get_io_dsisd
 .text.__syscall_gettod_r
                0x02010f64       0x28 /opt/devkitpro/libnds/lib/libnds9.a(initSystem.o)
                0x02010f64                __syscall_gettod_r
 .text.__syscall_exit
                0x02010f8c        0x8 /opt/devkitpro/libnds/lib/libnds9.a(initSystem.o)
                0x02010f8c                __syscall_exit
 .text.initSystem
                0x02010f94      0x180 /opt/devkitpro/libnds/lib/libnds9.a(initSystem.o)
                0x02010f94                initSystem
 .text.irqDummy
                0x02011114        0x4 /opt/devkitpro/libnds/lib/libnds9.a(interrupts.o)
                0x02011114                irqDummy
 .text.irqSet   0x02011118       0x6c /opt/devkitpro/libnds/lib/libnds9.a(interrupts.o)
                0x02011118                irqSet
 .text.irqInit  0x02011184       0x50 /opt/devkitpro/libnds/lib/libnds9.a(interrupts.o)
                0x02011184                irqInit
 .text.irqEnable
                0x020111d4       0x64 /opt/devkitpro/libnds/lib/libnds9.a(interrupts.o)
                0x020111d4                irqEnable
 .text.systemErrorExit
                0x02011238        0x4 /opt/devkitpro/libnds/lib/libnds9.a(libnds_exit.arm.o)
                0x02011238                systemErrorExit
 .text.__libnds_exit
                0x0201123c       0x5c /opt/devkitpro/libnds/lib/libnds9.a(libnds_exit.arm.o)
                0x0201123c                __libnds_exit
 .text.cardPolledTransfer
                0x02011298       0x54 /opt/devkitpro/libnds/lib/libnds9.a(card.o)
                0x02011298                cardPolledTransfer
 .text.cardParamCommand
                0x020112ec       0x34 /opt/devkitpro/libnds/lib/libnds9.a(card.o)
                0x020112ec                cardParamCommand
 .text.fifo_queueBlock
                0x02011320       0x44 /opt/devkitpro/libnds/lib/libnds9.a(fifosystem.o)
 .text.fifo_waitBlock
                0x02011364       0x80 /opt/devkitpro/libnds/lib/libnds9.a(fifosystem.o)
 .text.fifoInternalSend.part.0
                0x020113e4       0xd4 /opt/devkitpro/libnds/lib/libnds9.a(fifosystem.o)
 .text.fifoInternalSendInterrupt
                0x020114b8       0xb0 /opt/devkitpro/libnds/lib/libnds9.a(fifosystem.o)
 .text.fifoSetValue32Handler
                0x02011568       0xd4 /opt/devkitpro/libnds/lib/libnds9.a(fifosystem.o)
                0x02011568                fifoSetValue32Handler
 .text.fifoSendValue32
                0x0201163c       0x4c /opt/devkitpro/libnds/lib/libnds9.a(fifosystem.o)
                0x0201163c                fifoSendValue32
 .text.fifoSendDatamsg
                0x02011688       0x90 /opt/devkitpro/libnds/lib/libnds9.a(fifosystem.o)
                0x02011688                fifoSendDatamsg
 .text.fifoGetValue32
                0x02011718       0x70 /opt/devkitpro/libnds/lib/libnds9.a(fifosystem.o)
                0x02011718                fifoGetValue32
 .text.fifoGetDatamsg
                0x02011788       0xf4 /opt/devkitpro/libnds/lib/libnds9.a(fifosystem.o)
                0x02011788                fifoGetDatamsg
 .text.fifoInternalRecvInterrupt
                0x0201187c      0x37c /opt/devkitpro/libnds/lib/libnds9.a(fifosystem.o)
 .text.fifoSetDatamsgHandler
                0x02011bf8       0x9c /opt/devkitpro/libnds/lib/libnds9.a(fifosystem.o)
                0x02011bf8                fifoSetDatamsgHandler
 .text.fifoCheckValue32
                0x02011c94       0x24 /opt/devkitpro/libnds/lib/libnds9.a(fifosystem.o)
                0x02011c94                fifoCheckValue32
 .text.fifoInit
                0x02011cb8      0x108 /opt/devkitpro/libnds/lib/libnds9.a(fifosystem.o)
                0x02011cb8                fifoInit
 .text.DC_FlushRange
                0x02011dc0       0x24 /opt/devkitpro/libnds/lib/libnds9.a(dcache.o)
                0x02011dc0                DC_FlushRange
 .text.DC_InvalidateRange
                0x02011de4       0x2c /opt/devkitpro/libnds/lib/libnds9.a(dcache.o)
                0x02011de4                DC_InvalidateRange
 .text.__libnds_mpu_setup
                0x02011e10      0x174 /opt/devkitpro/libnds/lib/libnds9.a(mpu_setup.o)
                0x02011e10                __libnds_mpu_setup
 .text.memUncached
                0x02011f84       0x20 /opt/devkitpro/libnds/lib/libnds9.a(mpu_setup.o)
                0x02011f84                memUncached
 .text.swiWaitForVBlank
                0x02011fa4        0x8 /opt/devkitpro/libnds/lib/libnds9.a(IntrWait.o)
                0x02011fa4                swiWaitForVBlank
 .text.swiIntrWait
                0x02011fac       0x70 /opt/devkitpro/libnds/lib/libnds9.a(IntrWait.o)
                0x02011fac                swiIntrWait
 .text.setCpuClock
                0x0201201c       0x50 /opt/devkitpro/libnds/lib/libnds9.a(cpu_clock.o)
                0x0201201c                setCpuClock
 .text.swiDelay
                0x0201206c        0x4 /opt/devkitpro/libnds/lib/libnds9.a(biosCalls.o)
                0x0201206c                swiDelay
 .text.swiSoftReset
                0x02012070       0x2c /opt/devkitpro/libnds/lib/libnds9.a(swiSoftReset.o)
                0x02012070                swiSoftReset
 .text.checkIfText
                0x0201209c       0x5c /opt/devkitpro/libnds/lib/libnds9.a(background.o)
                0x0201209c                checkIfText
 .text.bgUpdate
                0x020120f8       0xf4 /opt/devkitpro/libnds/lib/libnds9.a(background.o)
                0x020120f8                bgUpdate
 .text.bgInit_call
                0x020121ec       0xc4 /opt/devkitpro/libnds/lib/libnds9.a(background.o)
                0x020121ec                bgInit_call
 .text.bgInitSub_call
                0x020122b0       0xcc /opt/devkitpro/libnds/lib/libnds9.a(background.o)
                0x020122b0                bgInitSub_call
 .text.sinLutLookup
                0x0201237c       0x4c /opt/devkitpro/libnds/lib/libnds9.a(trig.o)
                0x0201237c                sinLutLookup
 .text.sinLerp  0x020123c8       0x40 /opt/devkitpro/libnds/lib/libnds9.a(trig.o)
                0x020123c8                sinLerp
 .text.cosLerp  0x02012408       0x4c /opt/devkitpro/libnds/lib/libnds9.a(trig.o)
                0x02012408                cosLerp
 .text.oamAllocReset
                0x02012454       0x1c /opt/devkitpro/libnds/lib/libnds9.a(sprite_alloc.o)
                0x02012454                oamAllocReset
 .text.systemValueHandler
                0x02012470       0x48 /opt/devkitpro/libnds/lib/libnds9.a(system.o)
                0x02012470                systemValueHandler
 .text.systemMsgHandler
                0x020124b8       0x60 /opt/devkitpro/libnds/lib/libnds9.a(system.o)
                0x020124b8                systemMsgHandler
 .text.powerOn  0x02012518       0x2c /opt/devkitpro/libnds/lib/libnds9.a(system.o)
                0x02012518                powerOn
 .text.__muldi3
                0x02012544       0x64 /opt/devkitpro/devkitARM/bin/../lib/gcc/arm-none-eabi/14.1.0/thumb/libgcc.a(_muldi3.o)
                0x02012544                __aeabi_lmul
                0x02012544                __muldi3
 .text.__udivmoddi4
                0x020125a8      0x19c /opt/devkitpro/devkitARM/bin/../lib/gcc/arm-none-eabi/14.1.0/thumb/libgcc.a(_udivmoddi4.o)
                0x020125a8                __udivmoddi4
 .text.strncmp  0x02012744       0x6c /opt/devkitpro/devkitARM/bin/../lib/gcc/arm-none-eabi/14.1.0/../../../../arm-none-eabi/lib/thumb/libg.a(libc_a-strncmp.o)
                0x02012744                strncmp
 .text.strchr   0x020127b0       0xc8 /opt/devkitpro/devkitARM/bin/../lib/gcc/arm-none-eabi/14.1.0/../../../../arm-none-eabi/lib/thumb/libg.a(libc_a-strchr.o)
                0x020127b0                strchr
 .text.srand    0x02012878       0x18 /opt/devkitpro/devkitARM/bin/../lib/gcc/arm-none-eabi/14.1.0/../../../../arm-none-eabi/lib/thumb/libg.a(libc_a-rand.o)
                0x02012878                srand
 .text.rand     0x02012890       0x34 /opt/devkitpro/devkitARM/bin/../lib/gcc/arm-none-eabi/14.1.0/../../../../arm-none-eabi/lib/thumb/libg.a(libc_a-rand.o)
                0x02012890                rand
 .text.strlen   0x020128c4       0x60 /opt/devkitpro/devkitARM/bin/../lib/gcc/arm-none-eabi/14.1.0/../../../../arm-none-eabi/lib/thumb/libg.a(libc_a-strlen-stub.o)
                0x020128c4                strlen
 .text.memmove  0x02012924       0xcc /opt/devkitpro/devkitARM/bin/../lib/gcc/arm-none-eabi/14.1.0/../../../../arm-none-eabi/lib/thumb/libg.a(libc_a-memmove.o)
                0x02012924                memmove
 .text.__locale_mb_cur_max
                0x020129f0       0x20 /opt/devkitpro/devkitARM/bin/../lib/gcc/arm-none-eabi/14.1.0/../../../../arm-none-eabi/lib/thumb/libg.a(libc_a-locale.o)
                0x020129f0                __locale_mb_cur_max
 .text.sprintf  0x02012a10       0x44 /opt/devkitpro/devkitARM/bin/../lib/gcc/arm-none-eabi/14.1.0/../../../../arm-none-eabi/lib/thumb/libg.a(libc_a-sprintf.o)
                0x02012a10                sprintf
 .text.memcmp   0x02012a54       0x4c /opt/devkitpro/devkitARM/bin/../lib/gcc/arm-none-eabi/14.1.0/../../../../arm-none-eabi/lib/thumb/libg.a(libc_a-memcmp.o)
                0x02012a54                memcmp
 .text.__utf8_mbtowc
                0x02012aa0      0x234 /opt/devkitpro/devkitARM/bin/../lib/gcc/arm-none-eabi/14.1.0/../../../../arm-none-eabi/lib/thumb/libg.a(libc_a-mbtowc_r.o)
                0x02012aa0                __utf8_mbtowc
 .text._fread_r
                0x02012cd4      0x224 /opt/devkitpro/devkitARM/bin/../lib/gcc/arm-none-eabi/14.1.0/../../../../arm-none-eabi/lib/thumb/libg.a(libc_a-fread.o)
                0x02012cd4                _fread_r
 .text.fread    0x02012ef8       0x24 /opt/devkitpro/devkitARM/bin/../lib/gcc/arm-none-eabi/14.1.0/../../../../arm-none-eabi/lib/thumb/libg.a(libc_a-fread.o)
                0x02012ef8                fread
 .text.calloc   0x02012f1c       0x18 /opt/devkitpro/devkitARM/bin/../lib/gcc/arm-none-eabi/14.1.0/../../../../arm-none-eabi/lib/thumb/libg.a(libc_a-calloc.o)
                0x02012f1c                calloc
 .text.siscanf  0x02012f34       0x50 /opt/devkitpro/devkitARM/bin/../lib/gcc/arm-none-eabi/14.1.0/../../../../arm-none-eabi/lib/thumb/libg.a(libc_a-siscanf.o)
                0x02012f34                siscanf
 .text.__sread  0x02012f84       0x34 /opt/devkitpro/devkitARM/bin/../lib/gcc/arm-none-eabi/14.1.0/../../../../arm-none-eabi/lib/thumb/libg.a(libc_a-stdio.o)
                0x02012f84                __sread
 .text.__seofread
                0x02012fb8        0x4 /opt/devkitpro/devkitARM/bin/../lib/gcc/arm-none-eabi/14.1.0/../../../../arm-none-eabi/lib/thumb/libg.a(libc_a-stdio.o)
                0x02012fb8                __seofread
 .text.__swrite
                0x02012fbc       0x4c /opt/devkitpro/devkitARM/bin/../lib/gcc/arm-none-eabi/14.1.0/../../../../arm-none-eabi/lib/thumb/libg.a(libc_a-stdio.o)
                0x02012fbc                __swrite
 .text.__sseek  0x02013008       0x3c /opt/devkitpro/devkitARM/bin/../lib/gcc/arm-none-eabi/14.1.0/../../../../arm-none-eabi/lib/thumb/libg.a(libc_a-stdio.o)
                0x02013008                __sseek
 .text.__sclose
                0x02013044       0x10 /opt/devkitpro/devkitARM/bin/../lib/gcc/arm-none-eabi/14.1.0/../../../../arm-none-eabi/lib/thumb/libg.a(libc_a-stdio.o)
                0x02013044                __sclose
 .text.strrchr  0x02013054       0x30 /opt/devkitpro/devkitARM/bin/../lib/gcc/arm-none-eabi/14.1.0/../../../../arm-none-eabi/lib/thumb/libg.a(libc_a-strrchr.o)
                0x02013054                strrchr
 .text.lflush   0x02013084       0x24 /opt/devkitpro/devkitARM/bin/../lib/gcc/arm-none-eabi/14.1.0/../../../../arm-none-eabi/lib/thumb/libg.a(libc_a-refill.o)
 .text.__srefill_r
                0x020130a8      0x10c /opt/devkitpro/devkitARM/bin/../lib/gcc/arm-none-eabi/14.1.0/../../../../arm-none-eabi/lib/thumb/libg.a(libc_a-refill.o)
                0x020130a8                __srefill_r
 .text._fclose_r
                0x020131b4       0xd4 /opt/devkitpro/devkitARM/bin/../lib/gcc/arm-none-eabi/14.1.0/../../../../arm-none-eabi/lib/thumb/libg.a(libc_a-fclose.o)
                0x020131b4                _fclose_r
 .text.fclose   0x02013288       0x14 /opt/devkitpro/devkitARM/bin/../lib/gcc/arm-none-eabi/14.1.0/../../../../arm-none-eabi/lib/thumb/libg.a(libc_a-fclose.o)
                0x02013288                fclose
 .text.read     0x0201329c       0x1c /opt/devkitpro/devkitARM/bin/../lib/gcc/arm-none-eabi/14.1.0/../../../../arm-none-eabi/lib/thumb/libg.a(libc_a-sysread.o)
                0x0201329c                read
 .text._calloc_r
                0x020132b8       0xb8 /opt/devkitpro/devkitARM/bin/../lib/gcc/arm-none-eabi/14.1.0/../../../../arm-none-eabi/lib/thumb/libg.a(libc_a-callocr.o)
                0x020132b8                _calloc_r
 .text.__smakebuf_r
                0x02013370       0xdc /opt/devkitpro/devkitARM/bin/../lib/gcc/arm-none-eabi/14.1.0/../../../../arm-none-eabi/lib/thumb/libg.a(libc_a-makebuf.o)
                0x02013370                __smakebuf_r
 .text.__swhatbuf_r
                0x0201344c       0x5c /opt/devkitpro/devkitARM/bin/../lib/gcc/arm-none-eabi/14.1.0/../../../../arm-none-eabi/lib/thumb/libg.a(libc_a-makebuf.o)
                0x0201344c                __swhatbuf_r
 .text.realloc  0x020134a8       0x18 /opt/devkitpro/devkitARM/bin/../lib/gcc/arm-none-eabi/14.1.0/../../../../arm-none-eabi/lib/thumb/libg.a(libc_a-realloc.o)
                0x020134a8                realloc
 .text.validate_structure
                0x020134c0      0x1f0 /opt/devkitpro/devkitARM/bin/../lib/gcc/arm-none-eabi/14.1.0/../../../../arm-none-eabi/lib/thumb/libg.a(libc_a-mktime.o)
 .text.mktime   0x020136b0      0x43c /opt/devkitpro/devkitARM/bin/../lib/gcc/arm-none-eabi/14.1.0/../../../../arm-none-eabi/lib/thumb/libg.a(libc_a-mktime.o)
                0x020136b0                mktime
 .text.strdup   0x02013aec       0x14 /opt/devkitpro/devkitARM/bin/../lib/gcc/arm-none-eabi/14.1.0/../../../../arm-none-eabi/lib/thumb/libg.a(libc_a-strdup.o)
                0x02013aec                strdup
 .text.stdio_exit_handler
                0x02013b00       0x20 /opt/devkitpro/devkitARM/bin/../lib/gcc/arm-none-eabi/14.1.0/../../../../arm-none-eabi/lib/thumb/libg.a(libc_a-findfp.o)
 .text.cleanup_stdio
                0x02013b20       0x40 /opt/devkitpro/devkitARM/bin/../lib/gcc/arm-none-eabi/14.1.0/../../../../arm-none-eabi/lib/thumb/libg.a(libc_a-findfp.o)
 .text.global_stdio_init.part.0
                0x02013b60      0x128 /opt/devkitpro/devkitARM/bin/../lib/gcc/arm-none-eabi/14.1.0/../../../../arm-none-eabi/lib/thumb/libg.a(libc_a-findfp.o)
 .text.__sfp    0x02013c88       0xcc /opt/devkitpro/devkitARM/bin/../lib/gcc/arm-none-eabi/14.1.0/../../../../arm-none-eabi/lib/thumb/libg.a(libc_a-findfp.o)
                0x02013c88                __sfp
 .text.__sinit  0x02013d54       0x3c /opt/devkitpro/devkitARM/bin/../lib/gcc/arm-none-eabi/14.1.0/../../../../arm-none-eabi/lib/thumb/libg.a(libc_a-findfp.o)
                0x02013d54                __sinit
 .text.__sfp_lock_acquire
                0x02013d90       0x14 /opt/devkitpro/devkitARM/bin/../lib/gcc/arm-none-eabi/14.1.0/../../../../arm-none-eabi/lib/thumb/libg.a(libc_a-findfp.o)
                0x02013d90                __sfp_lock_acquire
 .text.__sfp_lock_release
                0x02013da4       0x14 /opt/devkitpro/devkitARM/bin/../lib/gcc/arm-none-eabi/14.1.0/../../../../arm-none-eabi/lib/thumb/libg.a(libc_a-findfp.o)
                0x02013da4                __sfp_lock_release
 .text.__tz_lock
                0x02013db8       0x14 /opt/devkitpro/devkitARM/bin/../lib/gcc/arm-none-eabi/14.1.0/../../../../arm-none-eabi/lib/thumb/libg.a(libc_a-tzlock.o)
                0x02013db8                __tz_lock
 .text.__tz_unlock
                0x02013dcc       0x14 /opt/devkitpro/devkitARM/bin/../lib/gcc/arm-none-eabi/14.1.0/../../../../arm-none-eabi/lib/thumb/libg.a(libc_a-tzlock.o)
                0x02013dcc                __tz_unlock
 .text.rewind   0x02013de0       0x20 /opt/devkitpro/devkitARM/bin/../lib/gcc/arm-none-eabi/14.1.0/../../../../arm-none-eabi/lib/thumb/libg.a(libc_a-rewind.o)
                0x02013de0                rewind
 .text._malloc_r
                0x02013e00      0x588 /opt/devkitpro/devkitARM/bin/../lib/gcc/arm-none-eabi/14.1.0/../../../../arm-none-eabi/lib/thumb/libg.a(libc_a-mallocr.o)
                0x02013e00                _malloc_r
 .text.strcasecmp
                0x02014388       0x48 /opt/devkitpro/devkitARM/bin/../lib/gcc/arm-none-eabi/14.1.0/../../../../arm-none-eabi/lib/thumb/libg.a(libc_a-strcasecmp.o)
                0x02014388                strcasecmp
 .text._wcrtomb_r
                0x020143d0       0x84 /opt/devkitpro/devkitARM/bin/../lib/gcc/arm-none-eabi/14.1.0/../../../../arm-none-eabi/lib/thumb/libg.a(libc_a-wcrtomb.o)
                0x020143d0                _wcrtomb_r
 .text.wcrtomb  0x02014454       0x88 /opt/devkitpro/devkitARM/bin/../lib/gcc/arm-none-eabi/14.1.0/../../../../arm-none-eabi/lib/thumb/libg.a(libc_a-wcrtomb.o)
                0x02014454                wcrtomb
 .text._malloc_trim_r
                0x020144dc       0xac /opt/devkitpro/devkitARM/bin/../lib/gcc/arm-none-eabi/14.1.0/../../../../arm-none-eabi/lib/thumb/libg.a(libc_a-freer.o)
                0x020144dc                _malloc_trim_r
 .text._free_r  0x02014588      0x1f4 /opt/devkitpro/devkitARM/bin/../lib/gcc/arm-none-eabi/14.1.0/../../../../arm-none-eabi/lib/thumb/libg.a(libc_a-freer.o)
                0x02014588                _free_r
 .text.towupper
                0x0201477c       0x10 /opt/devkitpro/devkitARM/bin/../lib/gcc/arm-none-eabi/14.1.0/../../../../arm-none-eabi/lib/thumb/libg.a(libc_a-towupper.o)
                0x0201477c                towupper
 .text.get_arg  0x0201478c      0x428 /opt/devkitpro/devkitARM/bin/../lib/gcc/arm-none-eabi/14.1.0/../../../../arm-none-eabi/lib/thumb/libg.a(libc_a-svfprintf.o)
 .text._svfprintf_r
                0x02014bb4     0x2350 /opt/devkitpro/devkitARM/bin/../lib/gcc/arm-none-eabi/14.1.0/../../../../arm-none-eabi/lib/thumb/libg.a(libc_a-svfprintf.o)
                0x02014bb4                _svfprintf_r
 .text._strtol_l.part.0
                0x02016f04      0x25c /opt/devkitpro/devkitARM/bin/../lib/gcc/arm-none-eabi/14.1.0/../../../../arm-none-eabi/lib/thumb/libg.a(libc_a-strtol.o)
 .text._strtol_r
                0x02017160       0x34 /opt/devkitpro/devkitARM/bin/../lib/gcc/arm-none-eabi/14.1.0/../../../../arm-none-eabi/lib/thumb/libg.a(libc_a-strtol.o)
                0x02017160                _strtol_r
 .text.strpbrk  0x02017194       0x3c /opt/devkitpro/devkitARM/bin/../lib/gcc/arm-none-eabi/14.1.0/../../../../arm-none-eabi/lib/thumb/libg.a(libc_a-strpbrk.o)
                0x02017194                strpbrk
 .text.setvbuf  0x020171d0      0x1ac /opt/devkitpro/devkitARM/bin/../lib/gcc/arm-none-eabi/14.1.0/../../../../arm-none-eabi/lib/thumb/libg.a(libc_a-setvbuf.o)
                0x020171d0                setvbuf
 .text.strnlen  0x0201737c       0x24 /opt/devkitpro/devkitARM/bin/../lib/gcc/arm-none-eabi/14.1.0/../../../../arm-none-eabi/lib/thumb/libg.a(libc_a-strnlen.o)
                0x0201737c                strnlen
 .text.stpcpy   0x020173a0       0x4c /opt/devkitpro/devkitARM/bin/../lib/gcc/arm-none-eabi/14.1.0/../../../../arm-none-eabi/lib/thumb/libg.a(libc_a-stpcpy.o)
                0x020173a0                stpcpy
 .text.__errno  0x020173ec        0xc /opt/devkitpro/devkitARM/bin/../lib/gcc/arm-none-eabi/14.1.0/../../../../arm-none-eabi/lib/thumb/libg.a(libc_a-errno.o)
                0x020173ec                __errno
 .text.malloc   0x020173f8       0x28 /opt/devkitpro/devkitARM/bin/../lib/gcc/arm-none-eabi/14.1.0/../../../../arm-none-eabi/lib/thumb/libg.a(libc_a-malloc.o)
                0x020173f8                malloc
 .text.free     0x02017420       0x14 /opt/devkitpro/devkitARM/bin/../lib/gcc/arm-none-eabi/14.1.0/../../../../arm-none-eabi/lib/thumb/libg.a(libc_a-malloc.o)
                0x02017420                free
 .text.memcpy   0x02017434       0xb0 /opt/devkitpro/devkitARM/bin/../lib/gcc/arm-none-eabi/14.1.0/../../../../arm-none-eabi/lib/thumb/libg.a(libc_a-memcpy-stub.o)
                0x02017434                memcpy
 .text.wctob    0x020174e4       0x58 /opt/devkitpro/devkitARM/bin/../lib/gcc/arm-none-eabi/14.1.0/../../../../arm-none-eabi/lib/thumb/libg.a(libc_a-wctob.o)
                0x020174e4                wctob
 .text.lseek    0x0201753c       0x24 /opt/devkitpro/devkitARM/bin/../lib/gcc/arm-none-eabi/14.1.0/../../../../arm-none-eabi/lib/thumb/libg.a(libc_a-syslseek.o)
                0x0201753c                lseek
 .text._fopen_r
                0x02017560       0xb8 /opt/devkitpro/devkitARM/bin/../lib/gcc/arm-none-eabi/14.1.0/../../../../arm-none-eabi/lib/thumb/libg.a(libc_a-fopen.o)
                0x02017560                _fopen_r
 .text.fopen    0x02017618       0x18 /opt/devkitpro/devkitARM/bin/../lib/gcc/arm-none-eabi/14.1.0/../../../../arm-none-eabi/lib/thumb/libg.a(libc_a-fopen.o)
                0x02017618                fopen
 .text.time     0x02017630       0x38 /opt/devkitpro/devkitARM/bin/../lib/gcc/arm-none-eabi/14.1.0/../../../../arm-none-eabi/lib/thumb/libg.a(libc_a-time.o)
                0x02017630                time
 .text.open     0x02017668       0x28 /opt/devkitpro/devkitARM/bin/../lib/gcc/arm-none-eabi/14.1.0/../../../../arm-none-eabi/lib/thumb/libg.a(libc_a-sysopen.o)
                0x02017668                open
 .text._findenv_r
                0x02017690       0x94 /opt/devkitpro/devkitARM/bin/../lib/gcc/arm-none-eabi/14.1.0/../../../../arm-none-eabi/lib/thumb/libg.a(libc_a-getenv_r.o)
                0x02017690                _findenv_r
 .text._getenv_r
                0x02017724       0x10 /opt/devkitpro/devkitARM/bin/../lib/gcc/arm-none-eabi/14.1.0/../../../../arm-none-eabi/lib/thumb/libg.a(libc_a-getenv_r.o)
                0x02017724                _getenv_r
 .text.memset   0x02017734       0x98 /opt/devkitpro/devkitARM/bin/../lib/gcc/arm-none-eabi/14.1.0/../../../../arm-none-eabi/lib/thumb/libg.a(libc_a-memset.o)
                0x02017734                memset
 .text._realloc_r
                0x020177cc      0x384 /opt/devkitpro/devkitARM/bin/../lib/gcc/arm-none-eabi/14.1.0/../../../../arm-none-eabi/lib/thumb/libg.a(libc_a-reallocr.o)
                0x020177cc                _realloc_r
 .text.localtime_r
                0x02017b50      0x228 /opt/devkitpro/devkitARM/bin/../lib/gcc/arm-none-eabi/14.1.0/../../../../arm-none-eabi/lib/thumb/libg.a(libc_a-lcltime_r.o)
                0x02017b50                localtime_r
 .text.strncasecmp
                0x02017d78       0x54 /opt/devkitpro/devkitARM/bin/../lib/gcc/arm-none-eabi/14.1.0/../../../../arm-none-eabi/lib/thumb/libg.a(libc_a-strncasecmp.o)
                0x02017d78                strncasecmp
 .text._strdup_r
                0x02017dcc       0x2c /opt/devkitpro/devkitARM/bin/../lib/gcc/arm-none-eabi/14.1.0/../../../../arm-none-eabi/lib/thumb/libg.a(libc_a-strdup_r.o)
                0x02017dcc                _strdup_r
 .text._fwalk_sglue
                0x02017df8       0x4c /opt/devkitpro/devkitARM/bin/../lib/gcc/arm-none-eabi/14.1.0/../../../../arm-none-eabi/lib/thumb/libg.a(libc_a-fwalk.o)
                0x02017df8                _fwalk_sglue
 .text.__malloc_lock
                0x02017e44       0x14 /opt/devkitpro/devkitARM/bin/../lib/gcc/arm-none-eabi/14.1.0/../../../../arm-none-eabi/lib/thumb/libg.a(libc_a-mlock.o)
                0x02017e44                __malloc_lock
 .text.__malloc_unlock
                0x02017e58       0x14 /opt/devkitpro/devkitARM/bin/../lib/gcc/arm-none-eabi/14.1.0/../../../../arm-none-eabi/lib/thumb/libg.a(libc_a-mlock.o)
                0x02017e58                __malloc_unlock
 .text.__tzcalc_limits
                0x02017e6c      0x1b4 /opt/devkitpro/devkitARM/bin/../lib/gcc/arm-none-eabi/14.1.0/../../../../arm-none-eabi/lib/thumb/libg.a(libc_a-tzcalc_limits.o)
                0x02017e6c                __tzcalc_limits
 .text.ftell    0x02018020       0x24 /opt/devkitpro/devkitARM/bin/../lib/gcc/arm-none-eabi/14.1.0/../../../../arm-none-eabi/lib/thumb/libg.a(libc_a-ftell.o)
                0x02018020                ftell
 .text.strcpy   0x02018044       0x10 /opt/devkitpro/devkitARM/bin/../lib/gcc/arm-none-eabi/14.1.0/../../../../arm-none-eabi/lib/thumb/libg.a(libc_a-strcpy.o)
                0x02018044                strcpy
 .text._fseek_r
                0x02018054       0x18 /opt/devkitpro/devkitARM/bin/../lib/gcc/arm-none-eabi/14.1.0/../../../../arm-none-eabi/lib/thumb/libg.a(libc_a-fseek.o)
                0x02018054                _fseek_r
 .text.fseek    0x0201806c       0x24 /opt/devkitpro/devkitARM/bin/../lib/gcc/arm-none-eabi/14.1.0/../../../../arm-none-eabi/lib/thumb/libg.a(libc_a-fseek.o)
                0x0201806c                fseek
 .text.__utf8_wctomb
                0x02018090       0xb4 /opt/devkitpro/devkitARM/bin/../lib/gcc/arm-none-eabi/14.1.0/../../../../arm-none-eabi/lib/thumb/libg.a(libc_a-wctomb_r.o)
                0x02018090                __utf8_wctomb
 .text.mbsrtowcs
                0x02018144       0x28 /opt/devkitpro/devkitARM/bin/../lib/gcc/arm-none-eabi/14.1.0/../../../../arm-none-eabi/lib/thumb/libg.a(libc_a-mbsrtowcs.o)
                0x02018144                mbsrtowcs
 .text.strncpy  0x0201816c       0x68 /opt/devkitpro/devkitARM/bin/../lib/gcc/arm-none-eabi/14.1.0/../../../../arm-none-eabi/lib/thumb/libg.a(libc_a-strncpy.o)
                0x0201816c                strncpy
 .text._wcsrtombs_r
                0x020181d4       0x1c /opt/devkitpro/devkitARM/bin/../lib/gcc/arm-none-eabi/14.1.0/../../../../arm-none-eabi/lib/thumb/libg.a(libc_a-wcsrtombs.o)
                0x020181d4                _wcsrtombs_r
 .text.towlower
                0x020181f0       0x10 /opt/devkitpro/devkitARM/bin/../lib/gcc/arm-none-eabi/14.1.0/../../../../arm-none-eabi/lib/thumb/libg.a(libc_a-towlower.o)
                0x020181f0                towlower
 .text.__sflags
                0x02018200       0xa4 /opt/devkitpro/devkitARM/bin/../lib/gcc/arm-none-eabi/14.1.0/../../../../arm-none-eabi/lib/thumb/libg.a(libc_a-flags.o)
                0x02018200                __sflags
 .text.iprintf  0x020182a4       0x24 /opt/devkitpro/devkitARM/bin/../lib/gcc/arm-none-eabi/14.1.0/../../../../arm-none-eabi/lib/thumb/libg.a(libc_a-iprintf.o)
                0x020182a4                iprintf
 .text._mbrtowc_r
                0x020182c8       0x90 /opt/devkitpro/devkitARM/bin/../lib/gcc/arm-none-eabi/14.1.0/../../../../arm-none-eabi/lib/thumb/libg.a(libc_a-mbrtowc.o)
                0x020182c8                _mbrtowc_r
 .text.mbrtowc  0x02018358       0x94 /opt/devkitpro/devkitARM/bin/../lib/gcc/arm-none-eabi/14.1.0/../../../../arm-none-eabi/lib/thumb/libg.a(libc_a-mbrtowc.o)
                0x02018358                mbrtowc
 .text.__libc_init_array
                0x020183ec       0x54 /opt/devkitpro/devkitARM/bin/../lib/gcc/arm-none-eabi/14.1.0/../../../../arm-none-eabi/lib/thumb/libg.a(libc_a-init.o)
                0x020183ec                __libc_init_array
 .text.__sflush_r
                0x02018440      0x194 /opt/devkitpro/devkitARM/bin/../lib/gcc/arm-none-eabi/14.1.0/../../../../arm-none-eabi/lib/thumb/libg.a(libc_a-fflush.o)
                0x02018440                __sflush_r
 .text._fflush_r
                0x020185d4       0x70 /opt/devkitpro/devkitARM/bin/../lib/gcc/arm-none-eabi/14.1.0/../../../../arm-none-eabi/lib/thumb/libg.a(libc_a-fflush.o)
                0x020185d4                _fflush_r
 .text.frexp    0x02018644       0x6c /opt/devkitpro/devkitARM/bin/../lib/gcc/arm-none-eabi/14.1.0/../../../../arm-none-eabi/lib/thumb/libg.a(libm_a-s_frexp.o)
                0x02018644                frexp
 .text.__env_lock
                0x020186b0       0x14 /opt/devkitpro/devkitARM/bin/../lib/gcc/arm-none-eabi/14.1.0/../../../../arm-none-eabi/lib/thumb/libg.a(libc_a-envlock.o)
                0x020186b0                __env_lock
 .text.__env_unlock
                0x020186c4       0x14 /opt/devkitpro/devkitARM/bin/../lib/gcc/arm-none-eabi/14.1.0/../../../../arm-none-eabi/lib/thumb/libg.a(libc_a-envlock.o)
                0x020186c4                __env_unlock
 .text.__ssprint_r
                0x020186d8       0x60 /opt/devkitpro/devkitARM/bin/../lib/gcc/arm-none-eabi/14.1.0/../../../../arm-none-eabi/lib/thumb/libg.a(libc_a-ssprint_r.o)
                0x020186d8                __ssprint_r
 .text.gmtime_r
                0x02018738      0x1c4 /opt/devkitpro/devkitARM/bin/../lib/gcc/arm-none-eabi/14.1.0/../../../../arm-none-eabi/lib/thumb/libg.a(libc_a-gmtime_r.o)
                0x02018738                gmtime_r
 .text.get_arg  0x020188fc      0x428 /opt/devkitpro/devkitARM/bin/../lib/gcc/arm-none-eabi/14.1.0/../../../../arm-none-eabi/lib/thumb/libg.a(libc_a-vfiprintf.o)
 .text._vfiprintf_r
                0x02018d24     0x170c /opt/devkitpro/devkitARM/bin/../lib/gcc/arm-none-eabi/14.1.0/../../../../arm-none-eabi/lib/thumb/libg.a(libc_a-vfiprintf.o)
                0x02018d24                _vfiprintf_r
 .text.__sbprintf
                0x0201a430       0x7c /opt/devkitpro/devkitARM/bin/../lib/gcc/arm-none-eabi/14.1.0/../../../../arm-none-eabi/lib/thumb/libg.a(libc_a-vfiprintf.o)
 .text._memalign_r
                0x0201a4ac      0x128 /opt/devkitpro/devkitARM/bin/../lib/gcc/arm-none-eabi/14.1.0/../../../../arm-none-eabi/lib/thumb/libg.a(libc_a-malignr.o)
                0x0201a4ac                _memalign_r
 .text.memchr   0x0201a5d4       0x80 /opt/devkitpro/devkitARM/bin/../lib/gcc/arm-none-eabi/14.1.0/../../../../arm-none-eabi/lib/thumb/libg.a(libc_a-memchr-stub.o)
                0x0201a5d4                memchr
 .text.div      0x0201a654       0x18 /opt/devkitpro/devkitARM/bin/../lib/gcc/arm-none-eabi/14.1.0/../../../../arm-none-eabi/lib/thumb/libg.a(libc_a-div.o)
                0x0201a654                div
 .text._wcsnrtombs_l
                0x0201a66c      0x10c /opt/devkitpro/devkitARM/bin/../lib/gcc/arm-none-eabi/14.1.0/../../../../arm-none-eabi/lib/thumb/libg.a(libc_a-wcsnrtombs.o)
                0x0201a66c                _wcsnrtombs_l
 .text._wcsnrtombs_r
                0x0201a778       0x40 /opt/devkitpro/devkitARM/bin/../lib/gcc/arm-none-eabi/14.1.0/../../../../arm-none-eabi/lib/thumb/libg.a(libc_a-wcsnrtombs.o)
                0x0201a778                _wcsnrtombs_r
 .text.get_arg  0x0201a7b8       0x3e /opt/devkitpro/devkitARM/bin/../lib/gcc/arm-none-eabi/14.1.0/../../../../arm-none-eabi/lib/thumb/libg.a(libc_a-svfiscanf.o)
 .text._sungetc_r
                0x0201a7f6       0x7e /opt/devkitpro/devkitARM/bin/../lib/gcc/arm-none-eabi/14.1.0/../../../../arm-none-eabi/lib/thumb/libg.a(libc_a-svfiscanf.o)
                0x0201a7f6                _sungetc_r
 .text.__ssrefill_r
                0x0201a874       0x42 /opt/devkitpro/devkitARM/bin/../lib/gcc/arm-none-eabi/14.1.0/../../../../arm-none-eabi/lib/thumb/libg.a(libc_a-svfiscanf.o)
                0x0201a874                __ssrefill_r
 .text._sfread_r
                0x0201a8b6       0x88 /opt/devkitpro/devkitARM/bin/../lib/gcc/arm-none-eabi/14.1.0/../../../../arm-none-eabi/lib/thumb/libg.a(libc_a-svfiscanf.o)
                0x0201a8b6                _sfread_r
 *fill*         0x0201a93e        0x2 ff
 .text.__ssvfiscanf_r
                0x0201a940     0x1a78 /opt/devkitpro/devkitARM/bin/../lib/gcc/arm-none-eabi/14.1.0/../../../../arm-none-eabi/lib/thumb/libg.a(libc_a-svfiscanf.o)
                0x0201a940                __ssvfiscanf_r
 .text.towctrans
                0x0201c3b8       0x28 /opt/devkitpro/devkitARM/bin/../lib/gcc/arm-none-eabi/14.1.0/../../../../arm-none-eabi/lib/thumb/libg.a(libc_a-towctrans.o)
                0x0201c3b8                towctrans
 .text._strtoul_l.isra.0
                0x0201c3e0      0x154 /opt/devkitpro/devkitARM/bin/../lib/gcc/arm-none-eabi/14.1.0/../../../../arm-none-eabi/lib/thumb/libg.a(libc_a-strtoul.o)
 .text._strtoul_r
                0x0201c534       0x20 /opt/devkitpro/devkitARM/bin/../lib/gcc/arm-none-eabi/14.1.0/../../../../arm-none-eabi/lib/thumb/libg.a(libc_a-strtoul.o)
                0x0201c534                _strtoul_r
 .text.strtoul  0x0201c554       0x24 /opt/devkitpro/devkitARM/bin/../lib/gcc/arm-none-eabi/14.1.0/../../../../arm-none-eabi/lib/thumb/libg.a(libc_a-strtoul.o)
                0x0201c554                strtoul
 .text._fseeko_r
                0x0201c578      0x41c /opt/devkitpro/devkitARM/bin/../lib/gcc/arm-none-eabi/14.1.0/../../../../arm-none-eabi/lib/thumb/libg.a(libc_a-fseeko.o)
                0x0201c578                _fseeko_r
 .text._tzset_unlocked
                0x0201c994       0x10 /opt/devkitpro/devkitARM/bin/../lib/gcc/arm-none-eabi/14.1.0/../../../../arm-none-eabi/lib/thumb/libg.a(libc_a-tzset.o)
                0x0201c994                _tzset_unlocked
 .text.__sprint_r
                0x0201c9a4       0x24 /opt/devkitpro/devkitARM/bin/../lib/gcc/arm-none-eabi/14.1.0/../../../../arm-none-eabi/lib/thumb/libg.a(libc_a-sprint_r.o)
                0x0201c9a4                __sprint_r
 .text.iswspace
                0x0201c9c8       0x10 /opt/devkitpro/devkitARM/bin/../lib/gcc/arm-none-eabi/14.1.0/../../../../arm-none-eabi/lib/thumb/libg.a(libc_a-iswspace.o)
                0x0201c9c8                iswspace
 .text.__sccl   0x0201c9d8       0xa0 /opt/devkitpro/devkitARM/bin/../lib/gcc/arm-none-eabi/14.1.0/../../../../arm-none-eabi/lib/thumb/libg.a(libc_a-sccl.o)
                0x0201c9d8                __sccl
 .text.__gettzinfo
                0x0201ca78        0x8 /opt/devkitpro/devkitARM/bin/../lib/gcc/arm-none-eabi/14.1.0/../../../../arm-none-eabi/lib/thumb/libg.a(libc_a-gettzinfo.o)
                0x0201ca78                __gettzinfo
 .text._localeconv_r
                0x0201ca80       0x1c /opt/devkitpro/devkitARM/bin/../lib/gcc/arm-none-eabi/14.1.0/../../../../arm-none-eabi/lib/thumb/libg.a(libc_a-localeconv.o)
                0x0201ca80                _localeconv_r
 .text.quorem   0x0201ca9c      0x154 /opt/devkitpro/devkitARM/bin/../lib/gcc/arm-none-eabi/14.1.0/../../../../arm-none-eabi/lib/thumb/libg.a(libc_a-dtoa.o)
 .text._dtoa_r  0x0201cbf0     0x1140 /opt/devkitpro/devkitARM/bin/../lib/gcc/arm-none-eabi/14.1.0/../../../../arm-none-eabi/lib/thumb/libg.a(libc_a-dtoa.o)
                0x0201cbf0                _dtoa_r
 .text._mbsnrtowcs_r
                0x0201dd30       0xb8 /opt/devkitpro/devkitARM/bin/../lib/gcc/arm-none-eabi/14.1.0/../../../../arm-none-eabi/lib/thumb/libg.a(libc_a-mbsnrtowcs.o)
                0x0201dd30                _mbsnrtowcs_r
 .text._tzset_unlocked_r
                0x0201dde8      0x4b4 /opt/devkitpro/devkitARM/bin/../lib/gcc/arm-none-eabi/14.1.0/../../../../arm-none-eabi/lib/thumb/libg.a(libc_a-tzset_r.o)
                0x0201dde8                _tzset_unlocked_r
 .text.__ssputs_r
                0x0201e29c       0xd4 /opt/devkitpro/devkitARM/bin/../lib/gcc/arm-none-eabi/14.1.0/../../../../arm-none-eabi/lib/thumb/libg.a(libc_a-ssputs_r.o)
                0x0201e29c                __ssputs_r
 .text._ftello_r
                0x0201e370      0x130 /opt/devkitpro/devkitARM/bin/../lib/gcc/arm-none-eabi/14.1.0/../../../../arm-none-eabi/lib/thumb/libg.a(libc_a-ftello.o)
                0x0201e370                _ftello_r
 .text._strtoull_l.isra.0
                0x0201e4a0      0x1bc /opt/devkitpro/devkitARM/bin/../lib/gcc/arm-none-eabi/14.1.0/../../../../arm-none-eabi/lib/thumb/libg.a(libc_a-strtoull.o)
 .text._strtoull_r
                0x0201e65c       0x20 /opt/devkitpro/devkitARM/bin/../lib/gcc/arm-none-eabi/14.1.0/../../../../arm-none-eabi/lib/thumb/libg.a(libc_a-strtoull.o)
                0x0201e65c                _strtoull_r
 .text.__swsetup_r
                0x0201e67c      0x100 /opt/devkitpro/devkitARM/bin/../lib/gcc/arm-none-eabi/14.1.0/../../../../arm-none-eabi/lib/thumb/libg.a(libc_a-wsetup.o)
                0x0201e67c                __swsetup_r
 .text.__submore
                0x0201e77c       0x88 /opt/devkitpro/devkitARM/bin/../lib/gcc/arm-none-eabi/14.1.0/../../../../arm-none-eabi/lib/thumb/libg.a(libc_a-ungetc.o)
                0x0201e77c                __submore
 .text.__assert_func
                0x0201e804       0x40 /opt/devkitpro/devkitARM/bin/../lib/gcc/arm-none-eabi/14.1.0/../../../../arm-none-eabi/lib/thumb/libg.a(libc_a-assert.o)
                0x0201e804                __assert_func
 .text.iswspace_l
                0x0201e844       0x28 /opt/devkitpro/devkitARM/bin/../lib/gcc/arm-none-eabi/14.1.0/../../../../arm-none-eabi/lib/thumb/libg.a(libc_a-iswspace_l.o)
                0x0201e844                iswspace_l
 .text._Balloc  0x0201e86c       0x54 /opt/devkitpro/devkitARM/bin/../lib/gcc/arm-none-eabi/14.1.0/../../../../arm-none-eabi/lib/thumb/libg.a(libc_a-mprec.o)
                0x0201e86c                _Balloc
 .text._Bfree   0x0201e8c0       0x14 /opt/devkitpro/devkitARM/bin/../lib/gcc/arm-none-eabi/14.1.0/../../../../arm-none-eabi/lib/thumb/libg.a(libc_a-mprec.o)
                0x0201e8c0                _Bfree
 .text.__multadd
                0x0201e8d4       0xa8 /opt/devkitpro/devkitARM/bin/../lib/gcc/arm-none-eabi/14.1.0/../../../../arm-none-eabi/lib/thumb/libg.a(libc_a-mprec.o)
                0x0201e8d4                __multadd
 .text.__hi0bits
                0x0201e97c       0x60 /opt/devkitpro/devkitARM/bin/../lib/gcc/arm-none-eabi/14.1.0/../../../../arm-none-eabi/lib/thumb/libg.a(libc_a-mprec.o)
                0x0201e97c                __hi0bits
 .text.__lo0bits
                0x0201e9dc       0x94 /opt/devkitpro/devkitARM/bin/../lib/gcc/arm-none-eabi/14.1.0/../../../../arm-none-eabi/lib/thumb/libg.a(libc_a-mprec.o)
                0x0201e9dc                __lo0bits
 .text.__i2b    0x0201ea70       0x64 /opt/devkitpro/devkitARM/bin/../lib/gcc/arm-none-eabi/14.1.0/../../../../arm-none-eabi/lib/thumb/libg.a(libc_a-mprec.o)
                0x0201ea70                __i2b
 .text.__multiply
                0x0201ead4      0x1b4 /opt/devkitpro/devkitARM/bin/../lib/gcc/arm-none-eabi/14.1.0/../../../../arm-none-eabi/lib/thumb/libg.a(libc_a-mprec.o)
                0x0201ead4                __multiply
 .text.__pow5mult
                0x0201ec88       0xdc /opt/devkitpro/devkitARM/bin/../lib/gcc/arm-none-eabi/14.1.0/../../../../arm-none-eabi/lib/thumb/libg.a(libc_a-mprec.o)
                0x0201ec88                __pow5mult
 .text.__lshift
                0x0201ed64      0x100 /opt/devkitpro/devkitARM/bin/../lib/gcc/arm-none-eabi/14.1.0/../../../../arm-none-eabi/lib/thumb/libg.a(libc_a-mprec.o)
                0x0201ed64                __lshift
 .text.__mcmp   0x0201ee64       0x40 /opt/devkitpro/devkitARM/bin/../lib/gcc/arm-none-eabi/14.1.0/../../../../arm-none-eabi/lib/thumb/libg.a(libc_a-mprec.o)
                0x0201ee64                __mcmp
 .text.__mdiff  0x0201eea4      0x1ac /opt/devkitpro/devkitARM/bin/../lib/gcc/arm-none-eabi/14.1.0/../../../../arm-none-eabi/lib/thumb/libg.a(libc_a-mprec.o)
                0x0201eea4                __mdiff
 .text.__d2b    0x0201f050       0xc8 /opt/devkitpro/devkitARM/bin/../lib/gcc/arm-none-eabi/14.1.0/../../../../arm-none-eabi/lib/thumb/libg.a(libc_a-mprec.o)
                0x0201f050                __d2b
 .text.__sfvwrite_r
                0x0201f118      0x304 /opt/devkitpro/devkitARM/bin/../lib/gcc/arm-none-eabi/14.1.0/../../../../arm-none-eabi/lib/thumb/libg.a(libc_a-fvwrite.o)
                0x0201f118                __sfvwrite_r
 .text._strtoll_l.isra.0
                0x0201f41c      0x30c /opt/devkitpro/devkitARM/bin/../lib/gcc/arm-none-eabi/14.1.0/../../../../arm-none-eabi/lib/thumb/libg.a(libc_a-strtoll.o)
 .text._strtoll_r
                0x0201f728       0x20 /opt/devkitpro/devkitARM/bin/../lib/gcc/arm-none-eabi/14.1.0/../../../../arm-none-eabi/lib/thumb/libg.a(libc_a-strtoll.o)
                0x0201f728                _strtoll_r
 .text.fiprintf
                0x0201f748       0x28 /opt/devkitpro/devkitARM/bin/../lib/gcc/arm-none-eabi/14.1.0/../../../../arm-none-eabi/lib/thumb/libg.a(libc_a-fiprintf.o)
                0x0201f748                fiprintf
 .text.towctrans_l
                0x0201f770      0x190 /opt/devkitpro/devkitARM/bin/../lib/gcc/arm-none-eabi/14.1.0/../../../../arm-none-eabi/lib/thumb/libg.a(libc_a-towctrans_l.o)
                0x0201f770                towctrans_l
 .text.abort    0x0201f900       0x10 /opt/devkitpro/devkitARM/bin/../lib/gcc/arm-none-eabi/14.1.0/../../../../arm-none-eabi/lib/thumb/libg.a(libc_a-abort.o)
                0x0201f900                abort
 .text.category
                0x0201f910       0x58 /opt/devkitpro/devkitARM/bin/../lib/gcc/arm-none-eabi/14.1.0/../../../../arm-none-eabi/lib/thumb/libg.a(libc_a-categories.o)
                0x0201f910                category
 .text._raise_r
                0x0201f968       0x60 /opt/devkitpro/devkitARM/bin/../lib/gcc/arm-none-eabi/14.1.0/../../../../arm-none-eabi/lib/thumb/libg.a(libc_a-signal.o)
                0x0201f968                _raise_r
 .text.raise    0x0201f9c8       0x14 /opt/devkitpro/devkitARM/bin/../lib/gcc/arm-none-eabi/14.1.0/../../../../arm-none-eabi/lib/thumb/libg.a(libc_a-signal.o)
                0x0201f9c8                raise
 .text._exit    0x0201f9dc       0x14 /opt/devkitpro/devkitARM/bin/../lib/gcc/arm-none-eabi/14.1.0/../../../../arm-none-eabi/lib/thumb/libsysbase.a(libsysbase_libsysbase_a-_exit.o)
                0x0201f9dc                _exit
 .text.build_argv
                0x0201f9f0       0x54 /opt/devkitpro/devkitARM/bin/../lib/gcc/arm-none-eabi/14.1.0/../../../../arm-none-eabi/lib/thumb/libsysbase.a(libsysbase_libsysbase_a-build_argv.o)
                0x0201f9f0                build_argv
 .text.chdir    0x0201fa44       0xe4 /opt/devkitpro/devkitARM/bin/../lib/gcc/arm-none-eabi/14.1.0/../../../../arm-none-eabi/lib/thumb/libsysbase.a(libsysbase_libsysbase_a-chdir.o)
                0x0201fa44                chdir
 .text.getcwd   0x0201fb28       0x60 /opt/devkitpro/devkitARM/bin/../lib/gcc/arm-none-eabi/14.1.0/../../../../arm-none-eabi/lib/thumb/libsysbase.a(libsysbase_libsysbase_a-chdir.o)
                0x0201fb28                getcwd
 .text._concatenate_path
                0x0201fb88      0x134 /opt/devkitpro/devkitARM/bin/../lib/gcc/arm-none-eabi/14.1.0/../../../../arm-none-eabi/lib/thumb/libsysbase.a(libsysbase_libsysbase_a-concatenate.o)
                0x0201fb88                _concatenate_path
 .text._fstat_r
                0x0201fcbc       0x58 /opt/devkitpro/devkitARM/bin/../lib/gcc/arm-none-eabi/14.1.0/../../../../arm-none-eabi/lib/thumb/libsysbase.a(libsysbase_libsysbase_a-fstat.o)
                0x0201fcbc                _fstat_r
 .text._getpid_r
                0x0201fd14        0xc /opt/devkitpro/devkitARM/bin/../lib/gcc/arm-none-eabi/14.1.0/../../../../arm-none-eabi/lib/thumb/libsysbase.a(libsysbase_libsysbase_a-getpid.o)
                0x0201fd14                _getpid_r
 .text.__getreent
                0x0201fd20       0x20 /opt/devkitpro/devkitARM/bin/../lib/gcc/arm-none-eabi/14.1.0/../../../../arm-none-eabi/lib/thumb/libsysbase.a(libsysbase_libsysbase_a-getreent.o)
                0x0201fd20                __getreent
 .text._gettimeofday_r
                0x0201fd40       0x20 /opt/devkitpro/devkitARM/bin/../lib/gcc/arm-none-eabi/14.1.0/../../../../arm-none-eabi/lib/thumb/libsysbase.a(libsysbase_libsysbase_a-gettod.o)
                0x0201fd40                _gettimeofday_r
 .text.__release_handle
                0x0201fd60       0x68 /opt/devkitpro/devkitARM/bin/../lib/gcc/arm-none-eabi/14.1.0/../../../../arm-none-eabi/lib/thumb/libsysbase.a(libsysbase_libsysbase_a-handle_manager.o)
                0x0201fd60                __release_handle
 .text.__alloc_handle
                0x0201fdc8       0x7c /opt/devkitpro/devkitARM/bin/../lib/gcc/arm-none-eabi/14.1.0/../../../../arm-none-eabi/lib/thumb/libsysbase.a(libsysbase_libsysbase_a-handle_manager.o)
                0x0201fdc8                __alloc_handle
 .text.__get_handle
                0x0201fe44       0x34 /opt/devkitpro/devkitARM/bin/../lib/gcc/arm-none-eabi/14.1.0/../../../../arm-none-eabi/lib/thumb/libsysbase.a(libsysbase_libsysbase_a-handle_manager.o)
                0x0201fe44                __get_handle
 .text._close_r
                0x0201fe78       0xb8 /opt/devkitpro/devkitARM/bin/../lib/gcc/arm-none-eabi/14.1.0/../../../../arm-none-eabi/lib/thumb/libsysbase.a(libsysbase_libsysbase_a-handle_manager.o)
                0x0201fe78                _close_r
 .text.null_write
                0x0201ff30        0x4 /opt/devkitpro/devkitARM/bin/../lib/gcc/arm-none-eabi/14.1.0/../../../../arm-none-eabi/lib/thumb/libsysbase.a(libsysbase_libsysbase_a-iosupport.o)
 .text.setDefaultDevice
                0x0201ff34       0x10 /opt/devkitpro/devkitARM/bin/../lib/gcc/arm-none-eabi/14.1.0/../../../../arm-none-eabi/lib/thumb/libsysbase.a(libsysbase_libsysbase_a-iosupport.o)
                0x0201ff34                setDefaultDevice
 .text.FindDevice
                0x0201ff44       0x98 /opt/devkitpro/devkitARM/bin/../lib/gcc/arm-none-eabi/14.1.0/../../../../arm-none-eabi/lib/thumb/libsysbase.a(libsysbase_libsysbase_a-iosupport.o)
                0x0201ff44                FindDevice
 .text.AddDevice
                0x0201ffdc       0x78 /opt/devkitpro/devkitARM/bin/../lib/gcc/arm-none-eabi/14.1.0/../../../../arm-none-eabi/lib/thumb/libsysbase.a(libsysbase_libsysbase_a-iosupport.o)
                0x0201ffdc                AddDevice
 .text.GetDeviceOpTab
                0x02020054       0x20 /opt/devkitpro/devkitARM/bin/../lib/gcc/arm-none-eabi/14.1.0/../../../../arm-none-eabi/lib/thumb/libsysbase.a(libsysbase_libsysbase_a-iosupport.o)
                0x02020054                GetDeviceOpTab
 .text._isatty_r
                0x02020074        0x4 /opt/devkitpro/devkitARM/bin/../lib/gcc/arm-none-eabi/14.1.0/../../../../arm-none-eabi/lib/thumb/libsysbase.a(libsysbase_libsysbase_a-isatty.o)
                0x02020074                _isatty_r
 .text._kill_r  0x02020078        0xc /opt/devkitpro/devkitARM/bin/../lib/gcc/arm-none-eabi/14.1.0/../../../../arm-none-eabi/lib/thumb/libsysbase.a(libsysbase_libsysbase_a-kill.o)
                0x02020078                _kill_r
 .text._lseek_r
                0x02020084       0x60 /opt/devkitpro/devkitARM/bin/../lib/gcc/arm-none-eabi/14.1.0/../../../../arm-none-eabi/lib/thumb/libsysbase.a(libsysbase_libsysbase_a-lseek.o)
                0x02020084                _lseek_r
 .text._open_r  0x020200e4       0x98 /opt/devkitpro/devkitARM/bin/../lib/gcc/arm-none-eabi/14.1.0/../../../../arm-none-eabi/lib/thumb/libsysbase.a(libsysbase_libsysbase_a-open.o)
                0x020200e4                _open_r
 .text._read_r  0x0202017c       0x58 /opt/devkitpro/devkitARM/bin/../lib/gcc/arm-none-eabi/14.1.0/../../../../arm-none-eabi/lib/thumb/libsysbase.a(libsysbase_libsysbase_a-read.o)
                0x0202017c                _read_r
 .text._sbrk_r  0x020201d4       0x54 /opt/devkitpro/devkitARM/bin/../lib/gcc/arm-none-eabi/14.1.0/../../../../arm-none-eabi/lib/thumb/libsysbase.a(libsysbase_libsysbase_a-sbrk.o)
                0x020201d4                _sbrk_r
 .text.__libc_lock_acquire
                0x02020228       0x18 /opt/devkitpro/devkitARM/bin/../lib/gcc/arm-none-eabi/14.1.0/../../../../arm-none-eabi/lib/thumb/libsysbase.a(libsysbase_libsysbase_a-syscall_support.o)
                0x02020228                __libc_lock_acquire
 .text.__libc_lock_release
                0x02020240       0x18 /opt/devkitpro/devkitARM/bin/../lib/gcc/arm-none-eabi/14.1.0/../../../../arm-none-eabi/lib/thumb/libsysbase.a(libsysbase_libsysbase_a-syscall_support.o)
                0x02020240                __libc_lock_release
 .text.__libc_lock_acquire_recursive
                0x02020258       0x18 /opt/devkitpro/devkitARM/bin/../lib/gcc/arm-none-eabi/14.1.0/../../../../arm-none-eabi/lib/thumb/libsysbase.a(libsysbase_libsysbase_a-syscall_support.o)
                0x02020258                __libc_lock_acquire_recursive
 .text.__libc_lock_release_recursive
                0x02020270       0x18 /opt/devkitpro/devkitARM/bin/../lib/gcc/arm-none-eabi/14.1.0/../../../../arm-none-eabi/lib/thumb/libsysbase.a(libsysbase_libsysbase_a-syscall_support.o)
                0x02020270                __libc_lock_release_recursive
 .text._write_r
                0x02020288       0x58 /opt/devkitpro/devkitARM/bin/../lib/gcc/arm-none-eabi/14.1.0/../../../../arm-none-eabi/lib/thumb/libsysbase.a(libsysbase_libsysbase_a-write.o)
                0x02020288                _write_r
 .text._write_r.__stub
                0x020202e0      0x110 linker stubs
 *(EXCLUDE_FILE(*.twl*) .gnu.warning)
 *(EXCLUDE_FILE(*.twl*) .gnu.linkonce.t*)
 *(.glue_7)
 .glue_7        0x02020400        0x0 linker stubs
 *(.glue_7t)
 .glue_7t       0x02020400        0x0 linker stubs
                0x02020400                        . = ALIGN (0x4)

.vfp11_veneer   0x02020400        0x0
 .vfp11_veneer  0x02020400        0x0 linker stubs

.v4_bx          0x02020400        0x0
 .v4_bx         0x02020400        0x0 linker stubs

.iplt           0x02020400        0x0
 .iplt          0x02020400        0x0 /opt/devkitpro/devkitARM/bin/../lib/gcc/arm-none-eabi/14.1.0/../../../../arm-none-eabi/lib/thumb/ds_arm9_crt0.o

.fini           0x02020400        0xc
 *(.fini)
 .fini          0x02020400        0x4 /opt/devkitpro/devkitARM/bin/../lib/gcc/arm-none-eabi/14.1.0/thumb/crti.o
                0x02020400                _fini
 .fini          0x02020404        0x8 /opt/devkitpro/devkitARM/bin/../lib/gcc/arm-none-eabi/14.1.0/thumb/crtn.o
                0x0202040c                        __text_end = .

.rodata         0x02020410     0x6b7c
 *(EXCLUDE_FILE(*.twl*) .rodata)
 .rodata        0x02020410       0x50 /home/rph/Bureau/Documents/Travail/3e/Oral/Programme/MontyHallDS/nflib/lib/libnflib.a(nf_basic.o)
 *all.rodata*(*)
 *(EXCLUDE_FILE(*.twl*) .roda)
 *(EXCLUDE_FILE(*.twl*) .rodata.*)
 .rodata.str1.4
                0x02020460      0xc64 main.o
                                0x343 (size before relaxing)
 .rodata.str1.4
                0x020210c4       0x28 /home/rph/Bureau/Documents/Travail/3e/Oral/Programme/MontyHallDS/nflib/lib/libnflib.a(nf_2d.o)
 .rodata.str1.4
                0x020210c4      0x628 /home/rph/Bureau/Documents/Travail/3e/Oral/Programme/MontyHallDS/nflib/lib/libnflib.a(nf_basic.o)
 .rodata.str1.4
                0x020210c4       0x28 /home/rph/Bureau/Documents/Travail/3e/Oral/Programme/MontyHallDS/nflib/lib/libnflib.a(nf_sound.o)
 .rodata.str1.4
                0x020210c4       0x7c /home/rph/Bureau/Documents/Travail/3e/Oral/Programme/MontyHallDS/nflib/lib/libnflib.a(nf_sprite256.o)
 .rodata.str1.4
                0x020210c4       0x6c /home/rph/Bureau/Documents/Travail/3e/Oral/Programme/MontyHallDS/nflib/lib/libnflib.a(nf_tiledbg.o)
 .rodata.nitroFSInit.str1.4
                0x020210c4        0x8 /opt/devkitpro/libnds/lib/libfilesystem.a(nitrofs.o)
 .rodata.str1.4
                0x020210c4        0xe /opt/devkitpro/libnds/lib/libfilesystem.a(nitrofs.o)
 .rodata.fatMount.part.0.str1.4
                0x020210c4        0x2 /opt/devkitpro/libnds/lib/libfat.a(libfat.o)
 .rodata.fatInit.str1.4
                0x020210c4        0x3 /opt/devkitpro/libnds/lib/libfat.a(libfat.o)
 .rodata.str1.4
                0x020210c4        0x4 /opt/devkitpro/libnds/lib/libfat.a(libfat.o)
 .rodata.dotab_fat
                0x020210c4       0x70 /opt/devkitpro/libnds/lib/libfat.a(libfat.o)
 .rodata.str1.4
                0x02021134        0x8 /opt/devkitpro/libnds/lib/libfat.a(disc.o)
 .rodata._FAT_disc_interfaces
                0x02021134       0x18 /opt/devkitpro/libnds/lib/libfat.a(disc.o)
                0x02021134                _FAT_disc_interfaces
 .rodata._FAT_directory_entryFromPath.str1.4
                0x0202114c        0x7 /opt/devkitpro/libnds/lib/libfat.a(directory.o)
 .rodata.ILLEGAL_ALIAS_CHARACTERS
                0x0202114c       0x12 /opt/devkitpro/libnds/lib/libfat.a(directory.o)
 *fill*         0x0202115e        0x2 ff
 .rodata.ILLEGAL_LFN_CHARACTERS
                0x02021160        0xa /opt/devkitpro/libnds/lib/libfat.a(directory.o)
 *fill*         0x0202116a        0x2 ff
 .rodata.LFN_offset_table
                0x0202116c       0x34 /opt/devkitpro/libnds/lib/libfat.a(directory.o)
 .rodata.FAT_SIG
                0x020211a0        0x3 /opt/devkitpro/libnds/lib/libfat.a(partition.o)
 *fill*         0x020211a3        0x1 ff
 .rodata.FS_TWL_SIG
                0x020211a4        0x8 /opt/devkitpro/libnds/lib/libfat.a(partition.o)
 .rodata.con_write.str1.4
                0x020211ac       0x30 /opt/devkitpro/libnds/lib/libnds9.a(console.o)
 .rodata.con_write
                0x020211ac       0xd4 /opt/devkitpro/libnds/lib/libnds9.a(console.o)
 .rodata.consoleClear.str1.4
                0x02021280        0x5 /opt/devkitpro/libnds/lib/libnds9.a(console.o)
 .rodata.str1.4
                0x02021280       0x14 /opt/devkitpro/libnds/lib/libnds9.a(console.o)
 .rodata.dotab_stdout
                0x02021280       0x70 /opt/devkitpro/libnds/lib/libnds9.a(console.o)
 .rodata.default_font_bin
                0x020212f0     0x2000 /opt/devkitpro/libnds/lib/libnds9.a(default_font.bin.o)
                0x020212f0                default_font_bin
                0x020232f0                default_font_bin_end
 .rodata.SIN_LUT
                0x020232f0      0x102 /opt/devkitpro/libnds/lib/libnds9.a(trig.o)
                0x020232f0                SIN_LUT
 .rodata.str1.4
                0x020233f2       0x4c /opt/devkitpro/devkitARM/bin/../lib/gcc/arm-none-eabi/14.1.0/../../../../arm-none-eabi/lib/thumb/libg.a(libc_a-locale.o)
 *fill*         0x020233f2        0x2 ff
 .rodata._DAYS_BEFORE_MONTH
                0x020233f4       0x30 /opt/devkitpro/devkitARM/bin/../lib/gcc/arm-none-eabi/14.1.0/../../../../arm-none-eabi/lib/thumb/libg.a(libc_a-mktime.o)
 .rodata.DAYS_IN_MONTH
                0x02023424       0x30 /opt/devkitpro/devkitARM/bin/../lib/gcc/arm-none-eabi/14.1.0/../../../../arm-none-eabi/lib/thumb/libg.a(libc_a-mktime.o)
 .rodata._svfprintf_r.str1.1
                0x02023454       0x3b /opt/devkitpro/devkitARM/bin/../lib/gcc/arm-none-eabi/14.1.0/../../../../arm-none-eabi/lib/thumb/libg.a(libc_a-svfprintf.o)
 *fill*         0x0202348f        0x1 ff
 .rodata.zeroes.0
                0x02023490       0x10 /opt/devkitpro/devkitARM/bin/../lib/gcc/arm-none-eabi/14.1.0/../../../../arm-none-eabi/lib/thumb/libg.a(libc_a-svfprintf.o)
 .rodata.blanks.1
                0x020234a0       0x10 /opt/devkitpro/devkitARM/bin/../lib/gcc/arm-none-eabi/14.1.0/../../../../arm-none-eabi/lib/thumb/libg.a(libc_a-svfprintf.o)
 .rodata._ctype_
                0x020234b0      0x101 /opt/devkitpro/devkitARM/bin/../lib/gcc/arm-none-eabi/14.1.0/../../../../arm-none-eabi/lib/thumb/libg.a(libc_a-ctype_.o)
                0x020234b0                _ctype_
 .rodata.str1.4
                0x020235b1        0x4 /opt/devkitpro/devkitARM/bin/../lib/gcc/arm-none-eabi/14.1.0/../../../../arm-none-eabi/lib/thumb/libg.a(libc_a-tzvars.o)
 *fill*         0x020235b1        0x3 ff
 .rodata.__action_table
                0x020235b4       0x6c /opt/devkitpro/devkitARM/bin/../lib/gcc/arm-none-eabi/14.1.0/../../../../arm-none-eabi/lib/thumb/libg.a(libc_a-svfiprintf.o)
                0x020235b4                __action_table
 .rodata.__state_table
                0x02023620       0x6c /opt/devkitpro/devkitARM/bin/../lib/gcc/arm-none-eabi/14.1.0/../../../../arm-none-eabi/lib/thumb/libg.a(libc_a-svfiprintf.o)
                0x02023620                __state_table
 .rodata.__chclass
                0x0202368c      0x100 /opt/devkitpro/devkitARM/bin/../lib/gcc/arm-none-eabi/14.1.0/../../../../arm-none-eabi/lib/thumb/libg.a(libc_a-svfiprintf.o)
                0x0202368c                __chclass
 .rodata._mbrtowc_r.str1.4
                0x0202378c        0x1 /opt/devkitpro/devkitARM/bin/../lib/gcc/arm-none-eabi/14.1.0/../../../../arm-none-eabi/lib/thumb/libg.a(libc_a-mbrtowc.o)
 .rodata._vfiprintf_r.str1.1
                0x0202378c       0x29 /opt/devkitpro/devkitARM/bin/../lib/gcc/arm-none-eabi/14.1.0/../../../../arm-none-eabi/lib/thumb/libg.a(libc_a-vfiprintf.o)
 .rodata.zeroes.0
                0x0202378c       0x10 /opt/devkitpro/devkitARM/bin/../lib/gcc/arm-none-eabi/14.1.0/../../../../arm-none-eabi/lib/thumb/libg.a(libc_a-vfiprintf.o)
 .rodata.blanks.1
                0x0202379c       0x10 /opt/devkitpro/devkitARM/bin/../lib/gcc/arm-none-eabi/14.1.0/../../../../arm-none-eabi/lib/thumb/libg.a(libc_a-vfiprintf.o)
 .rodata.basefix.0
                0x020237ac       0x22 /opt/devkitpro/devkitARM/bin/../lib/gcc/arm-none-eabi/14.1.0/../../../../arm-none-eabi/lib/thumb/libg.a(libc_a-svfiscanf.o)
 *fill*         0x020237ce        0x2 ff
 .rodata.__month_lengths
                0x020237d0       0x60 /opt/devkitpro/devkitARM/bin/../lib/gcc/arm-none-eabi/14.1.0/../../../../arm-none-eabi/lib/thumb/libg.a(libc_a-month_lengths.o)
                0x020237d0                __month_lengths
 .rodata._dtoa_r.str1.4
                0x02023830       0x67 /opt/devkitpro/devkitARM/bin/../lib/gcc/arm-none-eabi/14.1.0/../../../../arm-none-eabi/lib/thumb/libg.a(libc_a-dtoa.o)
 .rodata._tzset_unlocked_r.str1.4
                0x02023830       0x6b /opt/devkitpro/devkitARM/bin/../lib/gcc/arm-none-eabi/14.1.0/../../../../arm-none-eabi/lib/thumb/libg.a(libc_a-tzset_r.o)
 .rodata.__assert_func.str1.4
                0x02023830       0x43 /opt/devkitpro/devkitARM/bin/../lib/gcc/arm-none-eabi/14.1.0/../../../../arm-none-eabi/lib/thumb/libg.a(libc_a-assert.o)
 .rodata.__multadd.str1.4
                0x02023830       0x54 /opt/devkitpro/devkitARM/bin/../lib/gcc/arm-none-eabi/14.1.0/../../../../arm-none-eabi/lib/thumb/libg.a(libc_a-mprec.o)
 .rodata.p05.0  0x02023830        0xc /opt/devkitpro/devkitARM/bin/../lib/gcc/arm-none-eabi/14.1.0/../../../../arm-none-eabi/lib/thumb/libg.a(libc_a-mprec.o)
 *fill*         0x0202383c        0x4 ff
 .rodata.__mprec_bigtens
                0x02023840       0x28 /opt/devkitpro/devkitARM/bin/../lib/gcc/arm-none-eabi/14.1.0/../../../../arm-none-eabi/lib/thumb/libg.a(libc_a-mprec.o)
                0x02023840                __mprec_bigtens
 .rodata.__mprec_tens
                0x02023868       0xc8 /opt/devkitpro/devkitARM/bin/../lib/gcc/arm-none-eabi/14.1.0/../../../../arm-none-eabi/lib/thumb/libg.a(libc_a-mprec.o)
                0x02023868                __mprec_tens
 .rodata.categories
                0x02023930     0x35dc /opt/devkitpro/devkitARM/bin/../lib/gcc/arm-none-eabi/14.1.0/../../../../arm-none-eabi/lib/thumb/libg.a(libc_a-categories.o)
 .rodata.AddDevice.str1.4
                0x02026f0c        0x8 /opt/devkitpro/devkitARM/bin/../lib/gcc/arm-none-eabi/14.1.0/../../../../arm-none-eabi/lib/thumb/libsysbase.a(libsysbase_libsysbase_a-iosupport.o)
 .rodata.dotab_stdnull
                0x02026f0c       0x80 /opt/devkitpro/devkitARM/bin/../lib/gcc/arm-none-eabi/14.1.0/../../../../arm-none-eabi/lib/thumb/libsysbase.a(libsysbase_libsysbase_a-iosupport.o)
                0x02026f0c                dotab_stdnull
 *(EXCLUDE_FILE(*.twl*) .gnu.linkonce.r*)
                0x02026f8c                        . = ALIGN (0x4)

.ARM.extab
 *(.ARM.extab* .gnu.linkonce.armextab.*)
                0x02026f8c                        __exidx_start = .

ARM.exidx
 *(.ARM.exidx* .gnu.linkonce.armexidx.*)
                0x02026f8c                        __exidx_end = .
                0x02026f8c                        . = ALIGN (0x4)
                0x02026f8c                        PROVIDE (__preinit_array_start = .)

.preinit_array
 *(.preinit_array)
                0x02026f8c                        PROVIDE (__preinit_array_end = .)
                0x02026f8c                        PROVIDE (__init_array_start = .)

.init_array     0x02026f8c        0x4
 *(SORT_BY_NAME(.init_array.*))
 *(.init_array)
 .init_array    0x02026f8c        0x4 /opt/devkitpro/devkitARM/bin/../lib/gcc/arm-none-eabi/14.1.0/thumb/crtbegin.o
                0x02026f90                        PROVIDE (__init_array_end = .)
                [!provide]                        PROVIDE (__fini_array_start = .)

.fini_array     0x02026f90        0x4
 *(.fini_array)
 .fini_array    0x02026f90        0x4 /opt/devkitpro/devkitARM/bin/../lib/gcc/arm-none-eabi/14.1.0/thumb/crtbegin.o
 *(SORT_BY_NAME(.fini_array.*))
                [!provide]                        PROVIDE (__fini_array_end = .)

.ctors          0x02026f94        0x0
 *crtbegin.o(.ctors)
 *(EXCLUDE_FILE(*crtend.o) .ctors)
 *(SORT_BY_NAME(.ctors.*))
 *(.ctors)
                0x02026f94                        . = ALIGN (0x4)

.dtors          0x02026f94        0x0
 *crtbegin.o(.dtors)
 *(EXCLUDE_FILE(*crtend.o) .dtors)
 *(SORT_BY_NAME(.dtors.*))
 *(.dtors)
                0x02026f94                        . = ALIGN (0x4)

.eh_frame       0x02026f94        0x4
 *(.eh_frame)
 .eh_frame      0x02026f94        0x0 /opt/devkitpro/devkitARM/bin/../lib/gcc/arm-none-eabi/14.1.0/thumb/crtbegin.o
 .eh_frame      0x02026f94        0x4 /opt/devkitpro/devkitARM/bin/../lib/gcc/arm-none-eabi/14.1.0/thumb/crtend.o
                0x02026f98                        . = ALIGN (0x4)

.gcc_except_table
                0x02026f98        0x0
 *(.gcc_except_table)
                0x02026f98                        . = ALIGN (0x4)

.jcr
 *(.jcr)

.got
 *(.got.plt)
 *(.got)
 *(.rel.got)

.ewram          0x02026f98        0x0
                0x02026f98                        __ewram_start = ABSOLUTE (.)
 *(.ewram)
 *ewram.*(.text)
                0x02026f98                        . = ALIGN (0x4)

.data           0x02026f98     0x252c
                0x02026f98                        __data_start = ABSOLUTE (.)
 *(EXCLUDE_FILE(*.twl*) .data)
 .data          0x02026f98       0x28 /opt/devkitpro/libnds/lib/libnds9.a(mpu_setup.o)
 *(EXCLUDE_FILE(*.twl*) .data.*)
 .data.ndsFileFD
                0x02026fc0        0x4 /opt/devkitpro/libnds/lib/libfilesystem.a(nitrofs.o)
 .data.nitroFSdevoptab
                0x02026fc4       0x70 /opt/devkitpro/libnds/lib/libfilesystem.a(nitrofs.o)
                0x02026fc4                nitroFSdevoptab
 .data.syspaths
                0x02027034        0x8 /opt/devkitpro/libnds/lib/libfilesystem.a(nitrofs.o)
                0x02027034                syspaths
 .data.currentConsole
                0x0202703c        0x4 /opt/devkitpro/libnds/lib/libnds9.a(console.o)
                0x0202703c                currentConsole
 .data.defaultConsole
                0x02027040       0x5c /opt/devkitpro/libnds/lib/libnds9.a(console.o)
                0x02027040                defaultConsole
 .data.firstConsoleInit.0
                0x0202709c        0x1 /opt/devkitpro/libnds/lib/libnds9.a(console.o)
 *fill*         0x0202709d        0x3 ff
 .data.oamMain  0x020270a0       0x18 /opt/devkitpro/libnds/lib/libnds9.a(sprite.o)
                0x020270a0                oamMain
 .data.oamSub   0x020270b8       0x18 /opt/devkitpro/libnds/lib/libnds9.a(sprite.o)
                0x020270b8                oamSub
 .data.count    0x020270d0        0x1 /opt/devkitpro/libnds/lib/libnds9.a(keys.o)
 .data.delay    0x020270d1        0x1 /opt/devkitpro/libnds/lib/libnds9.a(keys.o)
 .data.repeat   0x020270d2        0x1 /opt/devkitpro/libnds/lib/libnds9.a(keys.o)
 *fill*         0x020270d3        0x1 ff
 .data.fifo_buffer_free
                0x020270d4        0x4 /opt/devkitpro/libnds/lib/libnds9.a(fifosystem.o)
                0x020270d4                fifo_buffer_free
 .data.fifo_freewords
                0x020270d8        0x4 /opt/devkitpro/libnds/lib/libnds9.a(fifosystem.o)
                0x020270d8                fifo_freewords
 .data.fifo_receive_queue
                0x020270dc        0x4 /opt/devkitpro/libnds/lib/libnds9.a(fifosystem.o)
                0x020270dc                fifo_receive_queue
 .data.fifo_send_queue
                0x020270e0        0x4 /opt/devkitpro/libnds/lib/libnds9.a(fifosystem.o)
                0x020270e0                fifo_send_queue
 .data.bgControl
                0x020270e4       0x20 /opt/devkitpro/libnds/lib/libnds9.a(background.o)
                0x020270e4                bgControl
 .data.bgScrollTable
                0x02027104       0x20 /opt/devkitpro/libnds/lib/libnds9.a(background.o)
                0x02027104                bgScrollTable
 .data.bgTransform
                0x02027124       0x20 /opt/devkitpro/libnds/lib/libnds9.a(background.o)
                0x02027124                bgTransform
 .data.__global_locale