Archive member included to satisfy reference by file (symbol)

/home/rph/Bureau/Documents/Travail/3e/Oral/Programme/MontyHallDS/nflib/lib/libnflib.a(nf_2d.o)
                              main.o (NF_Set2D)
/home/rph/Bureau/Documents/Travail/3e/Oral/Programme/MontyHallDS/nflib/lib/libnflib.a(nf_basic.o)
                              /home/rph/Bureau/Documents/Travail/3e/Oral/Programme/MontyHallDS/nflib/lib/libnflib.a(nf_2d.o) (NF_Error)
/home/rph/Bureau/Documents/Travail/3e/Oral/Programme/MontyHallDS/nflib/lib/libnflib.a(nf_sound.o)
                              main.o (NF_InitRawSoundBuffers)
/home/rph/Bureau/Documents/Travail/3e/Oral/Programme/MontyHallDS/nflib/lib/libnflib.a(nf_sprite256.o)
                              main.o (NF_InitSpriteBuffers)
/home/rph/Bureau/Documents/Travail/3e/Oral/Programme/MontyHallDS/nflib/lib/libnflib.a(nf_tiledbg.o)
                              main.o (NF_InitTiledBgBuffers)
/opt/devkitpro/libnds/lib/libfilesystem.a(nitrofs.o)
                              /home/rph/Bureau/Documents/Travail/3e/Oral/Programme/MontyHallDS/nflib/lib/libnflib.a(nf_basic.o) (nitroFSInit)
/opt/devkitpro/libnds/lib/libfat.a(libfat.o)
                              /home/rph/Bureau/Documents/Travail/3e/Oral/Programme/MontyHallDS/nflib/lib/libnflib.a(nf_basic.o) (fatInitDefault)
/opt/devkitpro/libnds/lib/libfat.a(disc.o)
                              /opt/devkitpro/libnds/lib/libfat.a(libfat.o) (_FAT_disc_interfaces)
/opt/devkitpro/libnds/lib/libfat.a(fatfile.o)
                              /opt/devkitpro/libnds/lib/libfat.a(libfat.o) (_FAT_open_r)
/opt/devkitpro/libnds/lib/libfat.a(cache.o)
                              /opt/devkitpro/libnds/lib/libfat.a(fatfile.o) (_FAT_cache_readSectors)
/opt/devkitpro/libnds/lib/libfat.a(fatdir.o)
                              /opt/devkitpro/libnds/lib/libfat.a(libfat.o) (_FAT_stat_r)
/opt/devkitpro/libnds/lib/libfat.a(directory.o)
                              /opt/devkitpro/libnds/lib/libfat.a(fatfile.o) (_FAT_directory_entryGetCluster)
/opt/devkitpro/libnds/lib/libfat.a(partition.o)
                              /opt/devkitpro/libnds/lib/libfat.a(libfat.o) (_FAT_partition_destructor)
/opt/devkitpro/libnds/lib/libfat.a(lock.o)
                              /opt/devkitpro/libnds/lib/libfat.a(partition.o) (_FAT_lock_init)
/opt/devkitpro/libnds/lib/libfat.a(filetime.o)
                              /opt/devkitpro/libnds/lib/libfat.a(fatfile.o) (_FAT_filetime_getTimeFromRTC)
/opt/devkitpro/libnds/lib/libfat.a(file_allocation_table.o)
                              /opt/devkitpro/libnds/lib/libfat.a(fatfile.o) (_FAT_fat_nextCluster)
/opt/devkitpro/libnds/lib/libnds9.a(video.o)
                              /home/rph/Bureau/Documents/Travail/3e/Oral/Programme/MontyHallDS/nflib/lib/libnflib.a(nf_basic.o) (setBrightness)
/opt/devkitpro/libnds/lib/libnds9.a(console.o)
                              main.o (consoleDemoInit)
/opt/devkitpro/libnds/lib/libnds9.a(sound.o)
                              main.o (soundEnable)
/opt/devkitpro/libnds/lib/libnds9.a(sprite.o)
                              /home/rph/Bureau/Documents/Travail/3e/Oral/Programme/MontyHallDS/nflib/lib/libnflib.a(nf_sprite256.o) (oamInit)
/opt/devkitpro/libnds/lib/libnds9.a(keys.o)
                              main.o (scanKeys)
/opt/devkitpro/libnds/lib/libnds9.a(dldi.o)
                              /opt/devkitpro/libnds/lib/libfat.a(disc.o) (dldiGetInternal)
/opt/devkitpro/libnds/lib/libnds9.a(initSystem.o)
                              /opt/devkitpro/devkitARM/bin/../lib/gcc/arm-none-eabi/14.1.0/../../../../arm-none-eabi/lib/thumb/ds_arm9_crt0.o (initSystem)
/opt/devkitpro/libnds/lib/libnds9.a(securearea.o)
                              /opt/devkitpro/devkitARM/bin/../lib/gcc/arm-none-eabi/14.1.0/../../../../arm-none-eabi/lib/thumb/ds_arm9_crt0.o (__secure_area__)
/opt/devkitpro/libnds/lib/libnds9.a(interrupts.o)
                              /opt/devkitpro/libnds/lib/libnds9.a(initSystem.o) (irqInit)
/opt/devkitpro/libnds/lib/libnds9.a(libnds_exit.arm.o)
                              /opt/devkitpro/devkitARM/bin/../lib/gcc/arm-none-eabi/14.1.0/../../../../arm-none-eabi/lib/thumb/ds_arm9_crt0.o (__libnds_exit)
/opt/devkitpro/libnds/lib/libnds9.a(card.o)
                              /opt/devkitpro/libnds/lib/libfilesystem.a(nitrofs.o) (cardParamCommand)
/opt/devkitpro/libnds/lib/libnds9.a(fifosystem.o)
                              /opt/devkitpro/libnds/lib/libnds9.a(initSystem.o) (fifoSetValue32Handler)
/opt/devkitpro/libnds/lib/libnds9.a(dcache.o)
                              /home/rph/Bureau/Documents/Travail/3e/Oral/Programme/MontyHallDS/nflib/lib/libnflib.a(nf_basic.o) (DC_FlushRange)
/opt/devkitpro/libnds/lib/libnds9.a(dldi_stub.o)
                              /opt/devkitpro/libnds/lib/libnds9.a(dldi.o) (_io_dldi_stub)
/opt/devkitpro/libnds/lib/libnds9.a(mpu_setup.o)
[...]
Memory Configuration

Name             Origin             Length             Attributes
ewram            0x02000000         0x00380000
dtcm             0x02ff0000         0x00004000
vectors          0x01000000         0x00000100
itcm             0x01000100         0x00007f00
*default*        0x00000000         0xffffffff

Linker script and memory map

                0x00000000                        __sync_synchronize = __sync_synchronize_none
                0x02380000                        __ewram_end = (ORIGIN (ewram) + LENGTH (ewram))
                0x02380000                        __eheap_end = (ORIGIN (ewram) + LENGTH (ewram))
                0x02ff4000                        __dtcm_top = (ORIGIN (dtcm) + LENGTH (dtcm))
                0x02ff3ff8                        __irq_flags = (__dtcm_top - 0x8)
                0x02ff3ffc                        __irq_vector = (__dtcm_top - 0x4)
                0x02ff3f00                        __sp_svc = (__dtcm_top - 0x100)
                0x02ff3e00                        __sp_irq = (__sp_svc - 0x100)
                0x02ff3d00                        __sp_usr = (__sp_irq - 0x100)

.secure         0x02000000      0x800
 *(.secure)
 .secure        0x02000000      0x800 /opt/devkitpro/libnds/lib/libnds9.a(securearea.o)
                0x02000000                __secure_area__

.crt0           0x02000800      0x300
                0x02000800                        __text_start = .
 *(.crt0)
 .crt0          0x02000800      0x300 /opt/devkitpro/devkitARM/bin/../lib/gcc/arm-none-eabi/14.1.0/../../../../arm-none-eabi/lib/thumb/ds_arm9_crt0.o
                0x02000800                _start
                0x02000b00                        . = ALIGN (0x4)

.plt
 *(.plt)

.init           0x02000b00        0xc
 *(SORT_NONE(.init))
 .init          0x02000b00        0x4 /opt/devkitpro/devkitARM/bin/../lib/gcc/arm-none-eabi/14.1.0/thumb/crti.o
                0x02000b00                _init
 .init          0x02000b04        0x8 /opt/devkitpro/devkitARM/bin/../lib/gcc/arm-none-eabi/14.1.0/thumb/crtn.o

.text           0x02000b40    0x1f718
 *(EXCLUDE_FILE(*.twl* *.vectors* *.itcm*) .text)
 .text          0x02000b40     0x1888 main.o
                0x02000b40                LoadSprites()
                0x02000ee4                Titlescreen()
                0x02000fec                MontyHallInit()
                0x02001084                ChooseDoor()
                0x02001188                ChangeDoor()
                0x0200128c                PlayMontyHall()
                0x02001850                MontyHallSimuPgrm(int)
                0x02001c30                MontyHallSimuFast()
                0x02001cfc                MontyHallSimuResults()
                0x02001f6c                SimulateMontyHall()
 .text          0x020023c8      0x874 /home/rph/Bureau/Documents/Travail/3e/Oral/Programme/MontyHallDS/nflib/lib/libnflib.a(nf_2d.o)
                0x020023c8                NF_Set2D
                0x02002430                NF_ShowBg
                0x020024ac                NF_HideBg
                0x02002550                NF_ScrollBg
                0x020028a0                NF_MoveSprite
                0x020028c0                NF_SpriteLayer
                0x020028dc                NF_ShowSprite
                0x020028fc                NF_HflipSprite
                0x02002918                NF_GetSpriteHflip
                0x02002934                NF_VflipSprite
                0x02002950                NF_GetSpriteVflip
                0x0200296c                NF_SpriteFrame
                0x02002a3c                NF_EnableSpriteRotScale
                0x02002ad0                NF_DisableSpriteRotScale
                0x02002b44                NF_SpriteRotScale
 .text          0x02002c3c      0x4a0 /home/rph/Bureau/Documents/Travail/3e/Oral/Programme/MontyHallDS/nflib/lib/libnflib.a(nf_basic.o)
                0x02002c3c                NF_Error
                0x02002ee8                NF_SetRootFolder
                0x02003040                NF_DmaMemCopy
                0x020030cc                NF_GetLanguage
 .text          0x020030dc      0x294 /home/rph/Bureau/Documents/Travail/3e/Oral/Programme/MontyHallDS/nflib/lib/libnflib.a(nf_sound.o)
                0x020030dc                NF_InitRawSoundBuffers
                0x02003108                NF_ResetRawSoundBuffers
                0x02003140                NF_LoadRawSound
                0x02003280                NF_UnloadRawSound
                0x020032f0                NF_PlayRawSound
 .text          0x02003370     0x13b4 /home/rph/Bureau/Documents/Travail/3e/Oral/Programme/MontyHallDS/nflib/lib/libnflib.a(nf_sprite256.o)
                0x02003370                NF_InitSpriteBuffers
                0x020033bc                NF_ResetSpriteBuffers
                0x020033f0                NF_InitSpriteSys
                0x02003600                NF_LoadSpriteGfx
                0x02003710                NF_UnloadSpriteGfx
                0x02003780                NF_LoadSpritePal
                0x0200387c                NF_UnloadSpritePal
                0x020038cc                NF_VramSpriteGfx
                0x02003c24                NF_VramSpriteGfxDefrag
                0x02003e28                NF_FreeSpriteGfx
                0x02003f28                NF_VramSpritePal
                0x02003ffc                NF_CreateSprite
                0x0200439c                NF_DeleteSprite
                0x0200443c                NF_SpriteOamSet
                0x02004514                NF_SpriteSetPalColor
                0x020045ac                NF_SpriteEditPalColor
                0x02004628                NF_SpriteUpdatePalette
                0x020046b8                NF_SpriteGetPalColor
 .text          0x02004724     0x19fc /home/rph/Bureau/Documents/Travail/3e/Oral/Programme/MontyHallDS/nflib/lib/libnflib.a(nf_tiledbg.o)
                0x02004724                NF_InitTiledBgBuffers
                0x020047c0                NF_ResetTiledBgBuffers
                0x02004824                NF_InitTiledBgSys
                0x02004954                NF_LoadTiledBg
                0x02004bd4                NF_LoadTilesForBg
                0x02004e50                NF_UnloadTiledBg
                0x02004f08                NF_DeleteTiledBg
                0x020050b0                NF_CreateTiledBg
                0x020056d8                NF_GetTileMapAddress
                0x02005794                NF_GetTileOfMap
                0x020057cc                NF_SetTileOfMap
                0x02005810                NF_UpdateVramMap
                0x02005930                NF_BgSetPalColor
                0x020059e0                NF_BgEditPalColor
                0x02005a84                NF_BgUpdatePalette
                0x02005b44                NF_BgGetPalColor
                0x02005bdc                NF_GetTilePal
                0x02005c10                NF_SetTilePal
                0x02005c58                NF_LoadExBgPal
                0x02005d44                NF_UnloadExBgPal
                0x02005d94                NF_VramExBgPal
                0x02005e48                NF_SetExBgPal
                0x02005f08                NF_SetTileHflip
                0x02005f44                NF_SetTileVflip
                0x02005f80                NF_RotateTileGfx
 *fill*         0x02006120       0x20 ff
 .text          0x02006140     0x4000 /opt/devkitpro/libnds/lib/libnds9.a(dldi_stub.o)
                0x02006140                _io_dldi_stub
 .text          0x0200a140      0x11c /opt/devkitpro/devkitARM/bin/../lib/gcc/arm-none-eabi/14.1.0/thumb/libgcc.a(_udivsi3.o)
                0x0200a140                __udivsi3
                0x0200a140                __aeabi_uidiv
                0x0200a23c                __aeabi_uidivmod
 .text          0x0200a25c      0x150 /opt/devkitpro/devkitARM/bin/../lib/gcc/arm-none-eabi/14.1.0/thumb/libgcc.a(_divsi3.o)
                0x0200a25c                __aeabi_idiv
                0x0200a25c                __divsi3
                0x0200a38c                __aeabi_idivmod
 .text          0x0200a3ac        0x4 /opt/devkitpro/devkitARM/bin/../lib/gcc/arm-none-eabi/14.1.0/thumb/libgcc.a(_dvmd_tls.o)
                0x0200a3ac                __aeabi_ldiv0
                0x0200a3ac                __aeabi_idiv0
 .text          0x0200a3b0      0x424 /opt/devkitpro/devkitARM/bin/../lib/gcc/arm-none-eabi/14.1.0/thumb/libgcc.a(_arm_addsubdf3.o)
                0x0200a3b0                __aeabi_drsub
                0x0200a3b8                __aeabi_dsub
                0x0200a3b8                __subdf3
                0x0200a3bc                __adddf3
                0x0200a3bc                __aeabi_dadd
                0x0200a6cc                __aeabi_ui2d
                0x0200a6cc                __floatunsidf
                0x0200a6f0                __floatsidf
                0x0200a6f0                __aeabi_i2d
                0x0200a718                __extendsfdf2
                0x0200a718                __aeabi_f2d
                0x0200a760                __aeabi_ul2d
                0x0200a760                __floatundidf
                0x0200a774                __floatdidf
                0x0200a774                __aeabi_l2d
 .text          0x0200a7d4       0x5c /opt/devkitpro/devkitARM/bin/../lib/gcc/arm-none-eabi/14.1.0/thumb/libgcc.a(_arm_fixdfsi.o)
                0x0200a7d4                __fixdfsi
                0x0200a7d4                __aeabi_d2iz
 .text          0x0200a830       0xd4 /opt/devkitpro/devkitARM/bin/../lib/gcc/arm-none-eabi/14.1.0/thumb/libgcc.a(_aeabi_ldivmod.o)
                0x0200a830                __aeabi_ldivmod
 .text          0x0200a904       0x28 /opt/devkitpro/devkitARM/bin/../lib/gcc/arm-none-eabi/14.1.0/thumb/libgcc.a(_clzdi2.o)
                0x0200a904                __clzdi2
 .text          0x0200a92c       0x48 /opt/devkitpro/devkitARM/bin/../lib/gcc/arm-none-eabi/14.1.0/thumb/libgcc.a(_clzsi2.o)
                0x0200a92c                __clzsi2
 .text          0x0200a974      0x224 /opt/devkitpro/devkitARM/bin/../lib/gcc/arm-none-eabi/14.1.0/../../../../arm-none-eabi/lib/thumb/libg.a(libc_a-strcmp.o)
                0x0200a974                strcmp
 .text          0x0200ab98       0x14 /opt/devkitpro/devkitARM/bin/../lib/gcc/arm-none-eabi/14.1.0/thumb/libgcc.a(_thumb1_case_uqi.o)
                0x0200ab98                __gnu_thumb1_case_uqi
 .text          0x0200abac       0x14 /opt/devkitpro/devkitARM/bin/../lib/gcc/arm-none-eabi/14.1.0/thumb/libgcc.a(_thumb1_case_uhi.o)
                0x0200abac                __gnu_thumb1_case_uhi
 .text          0x0200abc0      0x49c /opt/devkitpro/devkitARM/bin/../lib/gcc/arm-none-eabi/14.1.0/thumb/libgcc.a(_arm_muldivdf3.o)
                0x0200abc0                __aeabi_dmul
                0x0200abc0                __muldf3
                0x0200ae50                __aeabi_ddiv
                0x0200ae50                __divdf3
 .text          0x0200b05c      0x144 /opt/devkitpro/devkitARM/bin/../lib/gcc/arm-none-eabi/14.1.0/thumb/libgcc.a(_arm_cmpdf2.o)
                0x0200b05c                __gtdf2
                0x0200b05c                __gedf2
                0x0200b064                __ltdf2
                0x0200b064                __ledf2
                0x0200b06c                __cmpdf2
                0x0200b06c                __eqdf2
                0x0200b06c                __nedf2
                0x0200b0f4                __aeabi_cdrcmple
                0x0200b110                __aeabi_cdcmple
                0x0200b110                __aeabi_cdcmpeq
                0x0200b128                __aeabi_dcmpeq
                0x0200b140                __aeabi_dcmplt
                0x0200b158                __aeabi_dcmple
                0x0200b170                __aeabi_dcmpge
                0x0200b188                __aeabi_dcmpgt
 .text          0x0200b1a0       0x38 /opt/devkitpro/devkitARM/bin/../lib/gcc/arm-none-eabi/14.1.0/thumb/libgcc.a(_arm_unorddf2.o)
                0x0200b1a0                __aeabi_dcmpun
                0x0200b1a0                __unorddf2
 .text          0x0200b1d8       0x3c /opt/devkitpro/devkitARM/bin/../lib/gcc/arm-none-eabi/14.1.0/thumb/libgcc.a(_aeabi_uldivmod.o)
                0x0200b1d8                __aeabi_uldivmod
 *(EXCLUDE_FILE(*.twl* *.vectors* *.itcm*) .stub)
 *(EXCLUDE_FILE(*.twl* *.vectors* *.itcm*) .text.*)
 .text.__do_global_dtors_aux
                0x0200b214       0x2c /opt/devkitpro/devkitARM/bin/../lib/gcc/arm-none-eabi/14.1.0/thumb/crtbegin.o
 .text.frame_dummy
                0x0200b240       0x24 /opt/devkitpro/devkitARM/bin/../lib/gcc/arm-none-eabi/14.1.0/thumb/crtbegin.o
 .text.startup  0x0200b264      0x1dc main.o
                0x0200b264                main
 .text.nitroFSDirClose
                0x0200b440        0x4 /opt/devkitpro/libnds/lib/libfilesystem.a(nitrofs.o)
 .text.nitroFSSeek
                0x0200b444       0x78 /opt/devkitpro/libnds/lib/libfilesystem.a(nitrofs.o)
 .text.nitroFSFstat
                0x0200b4bc       0x10 /opt/devkitpro/libnds/lib/libfilesystem.a(nitrofs.o)
 .text.nitroSubReadBlock
                0x0200b4cc       0x54 /opt/devkitpro/libnds/lib/libfilesystem.a(nitrofs.o)
 .text.nitroSubReadCard
                0x0200b520       0xb0 /opt/devkitpro/libnds/lib/libfilesystem.a(nitrofs.o)
 .text.nitroFSClose
                0x0200b5d0        0x4 /opt/devkitpro/libnds/lib/libfilesystem.a(nitrofs.o)
 .text.nitroDirReset
                0x0200b5d4       0x9c /opt/devkitpro/libnds/lib/libfilesystem.a(nitrofs.o)
 .text.nitroFSRead
                0x0200b670       0xbc /opt/devkitpro/libnds/lib/libfilesystem.a(nitrofs.o)
 .text.nitroFSDirNext
                0x0200b72c      0x30c /opt/devkitpro/libnds/lib/libfilesystem.a(nitrofs.o)
 .text.nitroFSDirOpen
                0x0200ba38       0xe0 /opt/devkitpro/libnds/lib/libfilesystem.a(nitrofs.o)
 .text.nitroFSChdir
                0x0200bb18       0x30 /opt/devkitpro/libnds/lib/libfilesystem.a(nitrofs.o)
 .text.nitroFSOpen
                0x0200bb48       0xc4 /opt/devkitpro/libnds/lib/libfilesystem.a(nitrofs.o)
 .text.nitroFSstat
                0x0200bc0c       0x68 /opt/devkitpro/libnds/lib/libfilesystem.a(nitrofs.o)
 .text.nitroFSInit
                0x0200bc74      0x12c /opt/devkitpro/libnds/lib/libfilesystem.a(nitrofs.o)
                0x0200bc74                nitroFSInit
 .text.fatMount.part.0
                0x0200bda0       0xa0 /opt/devkitpro/libnds/lib/libfat.a(libfat.o)
 .text.fatMount
                0x0200be40       0x3c /opt/devkitpro/libnds/lib/libfat.a(libfat.o)
                0x0200be40                fatMount
 .text.fatInit  0x0200be7c      0x130 /opt/devkitpro/libnds/lib/libfat.a(libfat.o)
                0x0200be7c                fatInit
 .text.fatInitDefault
                0x0200bfac        0xc /opt/devkitpro/libnds/lib/libfat.a(libfat.o)
                0x0200bfac                fatInitDefault
 .text._FAT_check_position_for_next_cluster.part.0
                0x0200bfb8       0x68 /opt/devkitpro/libnds/lib/libfat.a(fatfile.o)
 .text._FAT_syncToDisc.part.0
                0x0200c020       0xd4 /opt/devkitpro/libnds/lib/libfat.a(fatfile.o)
 .text._FAT_file_extend_r
                0x0200c0f4      0x208 /opt/devkitpro/libnds/lib/libfat.a(fatfile.o)
 .text._FAT_open_r
                0x0200c2fc      0x2d4 /opt/devkitpro/libnds/lib/libfat.a(fatfile.o)
                0x0200c2fc                _FAT_open_r
 .text._FAT_close_r
                0x0200c5d0       0x74 /opt/devkitpro/libnds/lib/libfat.a(fatfile.o)
                0x0200c5d0                _FAT_close_r
 .text._FAT_read_r
                0x0200c644      0x398 /opt/devkitpro/libnds/lib/libfat.a(fatfile.o)
                0x0200c644                _FAT_read_r
 .text._FAT_write_r
                0x0200c9dc      0x53c /opt/devkitpro/libnds/lib/libfat.a(fatfile.o)
                0x0200c9dc                _FAT_write_r
 .text._FAT_seek_r
                0x0200cf18      0x194 /opt/devkitpro/libnds/lib/libfat.a(fatfile.o)
                0x0200cf18                _FAT_seek_r
 .text._FAT_fstat_r
                0x0200d0ac       0x8c /opt/devkitpro/libnds/lib/libfat.a(fatfile.o)
                0x0200d0ac                _FAT_fstat_r
 .text._FAT_ftruncate_r
                0x0200d138      0x16c /opt/devkitpro/libnds/lib/libfat.a(fatfile.o)
                0x0200d138                _FAT_ftruncate_r
 .text._FAT_fsync_r
                0x0200d2a4       0x44 /opt/devkitpro/libnds/lib/libfat.a(fatfile.o)
                0x0200d2a4                _FAT_fsync_r
 .text._FAT_cache_getPage
                0x0200d2e8       0xf0 /opt/devkitpro/libnds/lib/libfat.a(cache.o)
 .text._FAT_cache_constructor
                0x0200d3d8       0x90 /opt/devkitpro/libnds/lib/libfat.a(cache.o)
                0x0200d3d8                _FAT_cache_constructor
 .text._FAT_cache_readSectors
                0x0200d468       0x60 /opt/devkitpro/libnds/lib/libfat.a(cache.o)
                0x0200d468                _FAT_cache_readSectors
 .text._FAT_cache_readPartialSector
                0x0200d4c8       0x3c /opt/devkitpro/libnds/lib/libfat.a(cache.o)
                0x0200d4c8                _FAT_cache_readPartialSector
 .text._FAT_cache_readLittleEndianValue
                0x0200d504       0x70 /opt/devkitpro/libnds/lib/libfat.a(cache.o)
                0x0200d504                _FAT_cache_readLittleEndianValue
 .text._FAT_cache_writePartialSector
                0x0200d574       0x4c /opt/devkitpro/libnds/lib/libfat.a(cache.o)
                0x0200d574                _FAT_cache_writePartialSector
 .text._FAT_cache_writeLittleEndianValue
                0x0200d5c0       0x8c /opt/devkitpro/libnds/lib/libfat.a(cache.o)
                0x0200d5c0                _FAT_cache_writeLittleEndianValue
 .text._FAT_cache_eraseWritePartialSector
                0x0200d64c       0x60 /opt/devkitpro/libnds/lib/libfat.a(cache.o)
                0x0200d64c                _FAT_cache_eraseWritePartialSector
 .text._FAT_cache_writeSectors
                0x0200d6ac       0x80 /opt/devkitpro/libnds/lib/libfat.a(cache.o)
                0x0200d6ac                _FAT_cache_writeSectors
 .text._FAT_cache_flush
                0x0200d72c       0x40 /opt/devkitpro/libnds/lib/libfat.a(cache.o)
                0x0200d72c                _FAT_cache_flush
 .text._FAT_stat_r
                0x0200d76c       0x90 /opt/devkitpro/libnds/lib/libfat.a(fatdir.o)
                0x0200d76c                _FAT_stat_r
 .text._FAT_link_r
                0x0200d7fc        0xc /opt/devkitpro/libnds/lib/libfat.a(fatdir.o)
                0x0200d7fc                _FAT_link_r
 .text._FAT_unlink_r
                0x0200d808      0x184 /opt/devkitpro/libnds/lib/libfat.a(fatdir.o)
                0x0200d808                _FAT_unlink_r
 .text._FAT_chdir_r
                0x0200d98c       0x70 /opt/devkitpro/libnds/lib/libfat.a(fatdir.o)
                0x0200d98c                _FAT_chdir_r
 .text._FAT_rename_r
                0x0200d9fc      0x1c4 /opt/devkitpro/libnds/lib/libfat.a(fatdir.o)
                0x0200d9fc                _FAT_rename_r
 .text._FAT_mkdir_r
                0x0200dbc0      0x244 /opt/devkitpro/libnds/lib/libfat.a(fatdir.o)
                0x0200dbc0                _FAT_mkdir_r
 .text._FAT_statvfs_r
                0x0200de04       0x78 /opt/devkitpro/libnds/lib/libfat.a(fatdir.o)
                0x0200de04                _FAT_statvfs_r
 .text._FAT_diropen_r
                0x0200de7c       0xb0 /opt/devkitpro/libnds/lib/libfat.a(fatdir.o)
                0x0200de7c                _FAT_diropen_r
 .text._FAT_dirreset_r
                0x0200df2c       0x4c /opt/devkitpro/libnds/lib/libfat.a(fatdir.o)
                0x0200df2c                _FAT_dirreset_r
 .text._FAT_dirnext_r
                0x0200df78       0x7c /opt/devkitpro/libnds/lib/libfat.a(fatdir.o)
                0x0200df78                _FAT_dirnext_r
 .text._FAT_dirclose_r
                0x0200dff4       0x20 /opt/devkitpro/libnds/lib/libfat.a(fatdir.o)
                0x0200dff4                _FAT_dirclose_r
 .text._FAT_directory_entryGetAlias
                0x0200e014       0xc8 /opt/devkitpro/libnds/lib/libfat.a(directory.o)
 .text._FAT_directory_incrementDirEntryPosition
                0x0200e0dc       0x80 /opt/devkitpro/libnds/lib/libfat.a(directory.o)
 .text._FAT_directory_mbsncasecmp
                0x0200e15c       0xa8 /opt/devkitpro/libnds/lib/libfat.a(directory.o)
 .text._FAT_directory_ucs2tombs.constprop.0
                0x0200e204       0x90 /opt/devkitpro/libnds/lib/libfat.a(directory.o)
 .text._FAT_directory_entryGetCluster
                0x0200e294       0x20 /opt/devkitpro/libnds/lib/libfat.a(directory.o)
                0x0200e294                _FAT_directory_entryGetCluster
 .text._FAT_directory_getNextEntry
                0x0200e2b4      0x23c /opt/devkitpro/libnds/lib/libfat.a(directory.o)
                0x0200e2b4                _FAT_directory_getNextEntry
 .text._FAT_directory_entryExists
                0x0200e4f0       0x80 /opt/devkitpro/libnds/lib/libfat.a(directory.o)
 .text._FAT_directory_getFirstEntry
                0x0200e570       0x20 /opt/devkitpro/libnds/lib/libfat.a(directory.o)
                0x0200e570                _FAT_directory_getFirstEntry
 .text._FAT_directory_getRootEntry
                0x0200e590       0x60 /opt/devkitpro/libnds/lib/libfat.a(directory.o)
                0x0200e590                _FAT_directory_getRootEntry
 .text._FAT_directory_entryFromPosition
                0x0200e5f0      0x150 /opt/devkitpro/libnds/lib/libfat.a(directory.o)
                0x0200e5f0                _FAT_directory_entryFromPosition
 .text._FAT_directory_entryFromPath
                0x0200e740      0x248 /opt/devkitpro/libnds/lib/libfat.a(directory.o)
                0x0200e740                _FAT_directory_entryFromPath
 .text._FAT_directory_removeEntry
                0x0200e988       0xd8 /opt/devkitpro/libnds/lib/libfat.a(directory.o)
                0x0200e988                _FAT_directory_removeEntry
 .text._FAT_directory_addEntry
                0x0200ea60      0x808 /opt/devkitpro/libnds/lib/libfat.a(directory.o)
                0x0200ea60                _FAT_directory_addEntry
 .text._FAT_directory_chdir
                0x0200f268       0x3c /opt/devkitpro/libnds/lib/libfat.a(directory.o)
                0x0200f268                _FAT_directory_chdir
 .text._FAT_directory_entryStat
                0x0200f2a4       0xe4 /opt/devkitpro/libnds/lib/libfat.a(directory.o)
                0x0200f2a4                _FAT_directory_entryStat
 .text.isValidMBR
                0x0200f388       0x5c /opt/devkitpro/libnds/lib/libfat.a(partition.o)
 .text._FAT_updateFS_INFO
                0x0200f3e4       0x54 /opt/devkitpro/libnds/lib/libfat.a(partition.o)
 .text.FindFirstValidPartition_buf.part.0
                0x0200f438      0x11c /opt/devkitpro/libnds/lib/libfat.a(partition.o)
 .text._FAT_partition_getPartitionFromPath
                0x0200f554       0x10 /opt/devkitpro/libnds/lib/libfat.a(partition.o)
                0x0200f554                _FAT_partition_getPartitionFromPath
 .text._FAT_partition_createFSinfo
                0x0200f564       0x50 /opt/devkitpro/libnds/lib/libfat.a(partition.o)
                0x0200f564                _FAT_partition_createFSinfo
 .text._FAT_partition_readFSinfo.part.0
                0x0200f5b4       0x74 /opt/devkitpro/libnds/lib/libfat.a(partition.o)
 .text._FAT_partition_constructor_buf
                0x0200f628      0x2e8 /opt/devkitpro/libnds/lib/libfat.a(partition.o)
                0x0200f628                _FAT_partition_constructor_buf
 .text._FAT_partition_constructor
                0x0200f910       0x40 /opt/devkitpro/libnds/lib/libfat.a(partition.o)
                0x0200f910                _FAT_partition_constructor
 .text._FAT_partition_readFSinfo
                0x0200f950       0x10 /opt/devkitpro/libnds/lib/libfat.a(partition.o)
                0x0200f950                _FAT_partition_readFSinfo
 .text._FAT_lock_init
                0x0200f960        0x4 /opt/devkitpro/libnds/lib/libfat.a(lock.o)
                0x0200f960                _FAT_lock_init
 .text._FAT_lock
                0x0200f964        0x4 /opt/devkitpro/libnds/lib/libfat.a(lock.o)
                0x0200f964                _FAT_lock
 .text._FAT_unlock
                0x0200f968        0x4 /opt/devkitpro/libnds/lib/libfat.a(lock.o)
                0x0200f968                _FAT_unlock
 .text._FAT_filetime_getTimeFromRTC
                0x0200f96c       0x44 /opt/devkitpro/libnds/lib/libfat.a(filetime.o)
                0x0200f96c                _FAT_filetime_getTimeFromRTC
 .text._FAT_filetime_getDateFromRTC
                0x0200f9b0       0x44 /opt/devkitpro/libnds/lib/libfat.a(filetime.o)
                0x0200f9b0                _FAT_filetime_getDateFromRTC
 .text._FAT_filetime_to_time_t
                0x0200f9f4       0x38 /opt/devkitpro/libnds/lib/libfat.a(filetime.o)
                0x0200f9f4                _FAT_filetime_to_time_t
 .text._FAT_fat_writeFatEntry.part.0.isra.0
                0x0200fa2c      0x12c /opt/devkitpro/libnds/lib/libfat.a(file_allocation_table.o)
 .text._FAT_fat_nextCluster
                0x0200fb58      0x108 /opt/devkitpro/libnds/lib/libfat.a(file_allocation_table.o)
                0x0200fb58                _FAT_fat_nextCluster
 .text._FAT_fat_linkFreeCluster
                0x0200fc60       0xac /opt/devkitpro/libnds/lib/libfat.a(file_allocation_table.o)
                0x0200fc60                _FAT_fat_linkFreeCluster
 .text._FAT_fat_linkFreeClusterCleared
                0x0200fd0c       0x68 /opt/devkitpro/libnds/lib/libfat.a(file_allocation_table.o)
                0x0200fd0c                _FAT_fat_linkFreeClusterCleared
 .text._FAT_fat_clearLinks
                0x0200fd74       0x7c /opt/devkitpro/libnds/lib/libfat.a(file_allocation_table.o)
                0x0200fd74                _FAT_fat_clearLinks
 .text._FAT_fat_trimChain
                0x0200fdf0       0x80 /opt/devkitpro/libnds/lib/libfat.a(file_allocation_table.o)
                0x0200fdf0                _FAT_fat_trimChain
 .text._FAT_fat_lastCluster
                0x0200fe70       0x34 /opt/devkitpro/libnds/lib/libfat.a(file_allocation_table.o)
                0x0200fe70                _FAT_fat_lastCluster
 .text._FAT_fat_freeClusterCount
                0x0200fea4       0x2c /opt/devkitpro/libnds/lib/libfat.a(file_allocation_table.o)
                0x0200fea4                _FAT_fat_freeClusterCount
 .text.setBrightness
                0x0200fed0       0x40 /opt/devkitpro/libnds/lib/libnds9.a(video.o)
                0x0200fed0                setBrightness
 .text.vramDefault
                0x0200ff10       0xd0 /opt/devkitpro/libnds/lib/libnds9.a(video.o)
                0x0200ff10                vramDefault
 .text.newRow   0x0200ffe0       0xa8 /opt/devkitpro/libnds/lib/libnds9.a(console.o)
 .text.consolePrintChar
                0x02010088       0xe0 /opt/devkitpro/libnds/lib/libnds9.a(console.o)
                0x02010088                consolePrintChar
 .text.con_write
                0x02010168      0x36c /opt/devkitpro/libnds/lib/libnds9.a(console.o)
                0x02010168                con_write
 .text.consoleLoadFont
                0x020104d4      0x2a0 /opt/devkitpro/libnds/lib/libnds9.a(console.o)
                0x020104d4                consoleLoadFont
 .text.consoleInit
                0x02010774      0x18c /opt/devkitpro/libnds/lib/libnds9.a(console.o)
                0x02010774                consoleInit
 .text.consoleDemoInit
                0x02010900       0x40 /opt/devkitpro/libnds/lib/libnds9.a(console.o)
                0x02010900                consoleDemoInit
 .text.consoleClear
                0x02010940       0x10 /opt/devkitpro/libnds/lib/libnds9.a(console.o)
                0x02010940                consoleClear
 .text.soundEnable
                0x02010950       0x10 /opt/devkitpro/libnds/lib/libnds9.a(sound.o)
                0x02010950                soundEnable
 .text.soundPlaySample
                0x02010960       0x68 /opt/devkitpro/libnds/lib/libnds9.a(sound.o)
                0x02010960                soundPlaySample
 .text.oamInit  0x020109c8      0x114 /opt/devkitpro/libnds/lib/libnds9.a(sprite.o)
                0x020109c8                oamInit
 .text.oamGfxPtrToOffset
                0x02010adc       0x34 /opt/devkitpro/libnds/lib/libnds9.a(sprite.o)
                0x02010adc                oamGfxPtrToOffset
 .text.oamSet   0x02010b10      0x104 /opt/devkitpro/libnds/lib/libnds9.a(sprite.o)
                0x02010b10                oamSet
 .text.oamUpdate
                0x02010c14       0x60 /opt/devkitpro/libnds/lib/libnds9.a(sprite.o)
                0x02010c14                oamUpdate
 .text.oamRotateScale
                0x02010c74       0x4c /opt/devkitpro/libnds/lib/libnds9.a(sprite.o)
                0x02010c74                oamRotateScale
 .text.scanKeys
                0x02010cc0       0x8c /opt/devkitpro/libnds/lib/libnds9.a(keys.o)
                0x02010cc0                scanKeys
 .text.keysDown
                0x02010d4c       0x14 /opt/devkitpro/libnds/lib/libnds9.a(keys.o)
                0x02010d4c                keysDown
 .text.dldiGetInternal
                0x02010d60       0x34 /opt/devkitpro/libnds/lib/libnds9.a(dldi.o)
                0x02010d60                dldiGetInternal
 .text.get_io_dsisd
                0x02010d94       0x24 /opt/devkitpro/libnds/lib/libnds9.a(dldi.o)
                0x02010d94                get_io_dsisd
 .text.__syscall_gettod_r
                0x02010db8       0x28 /opt/devkitpro/libnds/lib/libnds9.a(initSystem.o)
                0x02010db8                __syscall_gettod_r
 .text.__syscall_exit
                0x02010de0        0x8 /opt/devkitpro/libnds/lib/libnds9.a(initSystem.o)
                0x02010de0                __syscall_exit
 .text.initSystem
                0x02010de8      0x180 /opt/devkitpro/libnds/lib/libnds9.a(initSystem.o)
                0x02010de8                initSystem
 .text.irqDummy
                0x02010f68        0x4 /opt/devkitpro/libnds/lib/libnds9.a(interrupts.o)
                0x02010f68                irqDummy
 .text.irqSet   0x02010f6c       0x6c /opt/devkitpro/libnds/lib/libnds9.a(interrupts.o)
                0x02010f6c                irqSet
 .text.irqInit  0x02010fd8       0x50 /opt/devkitpro/libnds/lib/libnds9.a(interrupts.o)
                0x02010fd8                irqInit
 .text.irqEnable
                0x02011028       0x64 /opt/devkitpro/libnds/lib/libnds9.a(interrupts.o)
                0x02011028                irqEnable
 .text.systemErrorExit
                0x0201108c        0x4 /opt/devkitpro/libnds/lib/libnds9.a(libnds_exit.arm.o)
                0x0201108c                systemErrorExit
 .text.__libnds_exit
                0x02011090       0x5c /opt/devkitpro/libnds/lib/libnds9.a(libnds_exit.arm.o)
                0x02011090                __libnds_exit
 .text.cardPolledTransfer
                0x020110ec       0x54 /opt/devkitpro/libnds/lib/libnds9.a(card.o)
                0x020110ec                cardPolledTransfer
 .text.cardParamCommand
                0x02011140       0x34 /opt/devkitpro/libnds/lib/libnds9.a(card.o)
                0x02011140                cardParamCommand
 .text.fifo_queueBlock
                0x02011174       0x44 /opt/devkitpro/libnds/lib/libnds9.a(fifosystem.o)
 .text.fifo_waitBlock
                0x020111b8       0x80 /opt/devkitpro/libnds/lib/libnds9.a(fifosystem.o)
 .text.fifoInternalSend.part.0
                0x02011238       0xd4 /opt/devkitpro/libnds/lib/libnds9.a(fifosystem.o)
 .text.fifoInternalSendInterrupt
                0x0201130c       0xb0 /opt/devkitpro/libnds/lib/libnds9.a(fifosystem.o)
 .text.fifoSetValue32Handler
                0x020113bc       0xd4 /opt/devkitpro/libnds/lib/libnds9.a(fifosystem.o)
                0x020113bc                fifoSetValue32Handler
 .text.fifoSendValue32
                0x02011490       0x4c /opt/devkitpro/libnds/lib/libnds9.a(fifosystem.o)
                0x02011490                fifoSendValue32
 .text.fifoSendDatamsg
                0x020114dc       0x90 /opt/devkitpro/libnds/lib/libnds9.a(fifosystem.o)
                0x020114dc                fifoSendDatamsg
 .text.fifoGetValue32
                0x0201156c       0x70 /opt/devkitpro/libnds/lib/libnds9.a(fifosystem.o)
                0x0201156c                fifoGetValue32
 .text.fifoGetDatamsg
                0x020115dc       0xf4 /opt/devkitpro/libnds/lib/libnds9.a(fifosystem.o)
                0x020115dc                fifoGetDatamsg
 .text.fifoInternalRecvInterrupt
                0x020116d0      0x37c /opt/devkitpro/libnds/lib/libnds9.a(fifosystem.o)
 .text.fifoSetDatamsgHandler
                0x02011a4c       0x9c /opt/devkitpro/libnds/lib/libnds9.a(fifosystem.o)
                0x02011a4c                fifoSetDatamsgHandler
 .text.fifoCheckValue32
                0x02011ae8       0x24 /opt/devkitpro/libnds/lib/libnds9.a(fifosystem.o)
                0x02011ae8                fifoCheckValue32
 .text.fifoInit
                0x02011b0c      0x108 /opt/devkitpro/libnds/lib/libnds9.a(fifosystem.o)
                0x02011b0c                fifoInit
 .text.DC_FlushRange
                0x02011c14       0x24 /opt/devkitpro/libnds/lib/libnds9.a(dcache.o)
                0x02011c14                DC_FlushRange
 .text.DC_InvalidateRange
                0x02011c38       0x2c /opt/devkitpro/libnds/lib/libnds9.a(dcache.o)
                0x02011c38                DC_InvalidateRange
 .text.__libnds_mpu_setup
                0x02011c64      0x174 /opt/devkitpro/libnds/lib/libnds9.a(mpu_setup.o)
                0x02011c64                __libnds_mpu_setup
 .text.memUncached
                0x02011dd8       0x20 /opt/devkitpro/libnds/lib/libnds9.a(mpu_setup.o)
                0x02011dd8                memUncached
 .text.swiWaitForVBlank
                0x02011df8        0x8 /opt/devkitpro/libnds/lib/libnds9.a(IntrWait.o)
                0x02011df8                swiWaitForVBlank
 .text.swiIntrWait
                0x02011e00       0x70 /opt/devkitpro/libnds/lib/libnds9.a(IntrWait.o)
                0x02011e00                swiIntrWait
 .text.setCpuClock
                0x02011e70       0x50 /opt/devkitpro/libnds/lib/libnds9.a(cpu_clock.o)
                0x02011e70                setCpuClock
 .text.swiDelay
                0x02011ec0        0x4 /opt/devkitpro/libnds/lib/libnds9.a(biosCalls.o)
                0x02011ec0                swiDelay
 .text.swiSoftReset
                0x02011ec4       0x2c /opt/devkitpro/libnds/lib/libnds9.a(swiSoftReset.o)
                0x02011ec4                swiSoftReset
 .text.checkIfText
                0x02011ef0       0x5c /opt/devkitpro/libnds/lib/libnds9.a(background.o)
                0x02011ef0                checkIfText
 .text.bgUpdate
                0x02011f4c       0xf4 /opt/devkitpro/libnds/lib/libnds9.a(background.o)
                0x02011f4c                bgUpdate
 .text.bgInit_call
                0x02012040       0xc4 /opt/devkitpro/libnds/lib/libnds9.a(background.o)
                0x02012040                bgInit_call
 .text.bgInitSub_call
                0x02012104       0xcc /opt/devkitpro/libnds/lib/libnds9.a(background.o)
                0x02012104                bgInitSub_call
 .text.sinLutLookup
                0x020121d0       0x4c /opt/devkitpro/libnds/lib/libnds9.a(trig.o)
                0x020121d0                sinLutLookup
 .text.sinLerp  0x0201221c       0x40 /opt/devkitpro/libnds/lib/libnds9.a(trig.o)
                0x0201221c                sinLerp
 .text.cosLerp  0x0201225c       0x4c /opt/devkitpro/libnds/lib/libnds9.a(trig.o)
                0x0201225c                cosLerp
 .text.oamAllocReset
                0x020122a8       0x1c /opt/devkitpro/libnds/lib/libnds9.a(sprite_alloc.o)
                0x020122a8                oamAllocReset
 .text.systemValueHandler
                0x020122c4       0x48 /opt/devkitpro/libnds/lib/libnds9.a(system.o)
                0x020122c4                systemValueHandler
 .text.systemMsgHandler
                0x0201230c       0x60 /opt/devkitpro/libnds/lib/libnds9.a(system.o)
                0x0201230c                systemMsgHandler
 .text.powerOn  0x0201236c       0x2c /opt/devkitpro/libnds/lib/libnds9.a(system.o)
                0x0201236c                powerOn
 .text.__muldi3
                0x02012398       0x64 /opt/devkitpro/devkitARM/bin/../lib/gcc/arm-none-eabi/14.1.0/thumb/libgcc.a(_muldi3.o)
                0x02012398                __aeabi_lmul
                0x02012398                __muldi3
 .text.__udivmoddi4
                0x020123fc      0x19c /opt/devkitpro/devkitARM/bin/../lib/gcc/arm-none-eabi/14.1.0/thumb/libgcc.a(_udivmoddi4.o)
                0x020123fc                __udivmoddi4
 .text.strncmp  0x02012598       0x6c /opt/devkitpro/devkitARM/bin/../lib/gcc/arm-none-eabi/14.1.0/../../../../arm-none-eabi/lib/thumb/libg.a(libc_a-strncmp.o)
                0x02012598                strncmp
 .text.strchr   0x02012604       0xc8 /opt/devkitpro/devkitARM/bin/../lib/gcc/arm-none-eabi/14.1.0/../../../../arm-none-eabi/lib/thumb/libg.a(libc_a-strchr.o)
                0x02012604                strchr
 .text.srand    0x020126cc       0x18 /opt/devkitpro/devkitARM/bin/../lib/gcc/arm-none-eabi/14.1.0/../../../../arm-none-eabi/lib/thumb/libg.a(libc_a-rand.o)
                0x020126cc                srand
 .text.rand     0x020126e4       0x34 /opt/devkitpro/devkitARM/bin/../lib/gcc/arm-none-eabi/14.1.0/../../../../arm-none-eabi/lib/thumb/libg.a(libc_a-rand.o)
                0x020126e4                rand
 .text.strlen   0x02012718       0x60 /opt/devkitpro/devkitARM/bin/../lib/gcc/arm-none-eabi/14.1.0/../../../../arm-none-eabi/lib/thumb/libg.a(libc_a-strlen-stub.o)
                0x02012718                strlen
 .text.memmove  0x02012778       0xcc /opt/devkitpro/devkitARM/bin/../lib/gcc/arm-none-eabi/14.1.0/../../../../arm-none-eabi/lib/thumb/libg.a(libc_a-memmove.o)
                0x02012778                memmove
 .text.__locale_mb_cur_max
                0x02012844       0x20 /opt/devkitpro/devkitARM/bin/../lib/gcc/arm-none-eabi/14.1.0/../../../../arm-none-eabi/lib/thumb/libg.a(libc_a-locale.o)
                0x02012844                __locale_mb_cur_max
 .text.sprintf  0x02012864       0x44 /opt/devkitpro/devkitARM/bin/../lib/gcc/arm-none-eabi/14.1.0/../../../../arm-none-eabi/lib/thumb/libg.a(libc_a-sprintf.o)
                0x02012864                sprintf
 .text.memcmp   0x020128a8       0x4c /opt/devkitpro/devkitARM/bin/../lib/gcc/arm-none-eabi/14.1.0/../../../../arm-none-eabi/lib/thumb/libg.a(libc_a-memcmp.o)
                0x020128a8                memcmp
 .text.__utf8_mbtowc
                0x020128f4      0x234 /opt/devkitpro/devkitARM/bin/../lib/gcc/arm-none-eabi/14.1.0/../../../../arm-none-eabi/lib/thumb/libg.a(libc_a-mbtowc_r.o)
                0x020128f4                __utf8_mbtowc
 .text._fread_r
                0x02012b28      0x224 /opt/devkitpro/devkitARM/bin/../lib/gcc/arm-none-eabi/14.1.0/../../../../arm-none-eabi/lib/thumb/libg.a(libc_a-fread.o)
                0x02012b28                _fread_r
 .text.fread    0x02012d4c       0x24 /opt/devkitpro/devkitARM/bin/../lib/gcc/arm-none-eabi/14.1.0/../../../../arm-none-eabi/lib/thumb/libg.a(libc_a-fread.o)
                0x02012d4c                fread
 .text.calloc   0x02012d70       0x18 /opt/devkitpro/devkitARM/bin/../lib/gcc/arm-none-eabi/14.1.0/../../../../arm-none-eabi/lib/thumb/libg.a(libc_a-calloc.o)
                0x02012d70                calloc
 .text.siscanf  0x02012d88       0x50 /opt/devkitpro/devkitARM/bin/../lib/gcc/arm-none-eabi/14.1.0/../../../../arm-none-eabi/lib/thumb/libg.a(libc_a-siscanf.o)
                0x02012d88                siscanf
 .text.__sread  0x02012dd8       0x34 /opt/devkitpro/devkitARM/bin/../lib/gcc/arm-none-eabi/14.1.0/../../../../arm-none-eabi/lib/thumb/libg.a(libc_a-stdio.o)
                0x02012dd8                __sread
 .text.__seofread
                0x02012e0c        0x4 /opt/devkitpro/devkitARM/bin/../lib/gcc/arm-none-eabi/14.1.0/../../../../arm-none-eabi/lib/thumb/libg.a(libc_a-stdio.o)
                0x02012e0c                __seofread
 .text.__swrite
                0x02012e10       0x4c /opt/devkitpro/devkitARM/bin/../lib/gcc/arm-none-eabi/14.1.0/../../../../arm-none-eabi/lib/thumb/libg.a(libc_a-stdio.o)
                0x02012e10                __swrite
 .text.__sseek  0x02012e5c       0x3c /opt/devkitpro/devkitARM/bin/../lib/gcc/arm-none-eabi/14.1.0/../../../../arm-none-eabi/lib/thumb/libg.a(libc_a-stdio.o)
                0x02012e5c                __sseek
 .text.__sclose
                0x02012e98       0x10 /opt/devkitpro/devkitARM/bin/../lib/gcc/arm-none-eabi/14.1.0/../../../../arm-none-eabi/lib/thumb/libg.a(libc_a-stdio.o)
                0x02012e98                __sclose
 .text.strrchr  0x02012ea8       0x30 /opt/devkitpro/devkitARM/bin/../lib/gcc/arm-none-eabi/14.1.0/../../../../arm-none-eabi/lib/thumb/libg.a(libc_a-strrchr.o)
                0x02012ea8                strrchr
 .text.lflush   0x02012ed8       0x24 /opt/devkitpro/devkitARM/bin/../lib/gcc/arm-none-eabi/14.1.0/../../../../arm-none-eabi/lib/thumb/libg.a(libc_a-refill.o)
 .text.__srefill_r
                0x02012efc      0x10c /opt/devkitpro/devkitARM/bin/../lib/gcc/arm-none-eabi/14.1.0/../../../../arm-none-eabi/lib/thumb/libg.a(libc_a-refill.o)
                0x02012efc                __srefill_r
 .text._fclose_r
                0x02013008       0xd4 /opt/devkitpro/devkitARM/bin/../lib/gcc/arm-none-eabi/14.1.0/../../../../arm-none-eabi/lib/thumb/libg.a(libc_a-fclose.o)
                0x02013008                _fclose_r
 .text.fclose   0x020130dc       0x14 /opt/devkitpro/devkitARM/bin/../lib/gcc/arm-none-eabi/14.1.0/../../../../arm-none-eabi/lib/thumb/libg.a(libc_a-fclose.o)
                0x020130dc                fclose
 .text.read     0x020130f0       0x1c /opt/devkitpro/devkitARM/bin/../lib/gcc/arm-none-eabi/14.1.0/../../../../arm-none-eabi/lib/thumb/libg.a(libc_a-sysread.o)
                0x020130f0                read
 .text._calloc_r
                0x0201310c       0xb8 /opt/devkitpro/devkitARM/bin/../lib/gcc/arm-none-eabi/14.1.0/../../../../arm-none-eabi/lib/thumb/libg.a(libc_a-callocr.o)
                0x0201310c                _calloc_r
 .text.__smakebuf_r
                0x020131c4       0xdc /opt/devkitpro/devkitARM/bin/../lib/gcc/arm-none-eabi/14.1.0/../../../../arm-none-eabi/lib/thumb/libg.a(libc_a-makebuf.o)
                0x020131c4                __smakebuf_r
 .text.__swhatbuf_r
                0x020132a0       0x5c /opt/devkitpro/devkitARM/bin/../lib/gcc/arm-none-eabi/14.1.0/../../../../arm-none-eabi/lib/thumb/libg.a(libc_a-makebuf.o)
                0x020132a0                __swhatbuf_r
 .text.realloc  0x020132fc       0x18 /opt/devkitpro/devkitARM/bin/../lib/gcc/arm-none-eabi/14.1.0/../../../../arm-none-eabi/lib/thumb/libg.a(libc_a-realloc.o)
                0x020132fc                realloc
 .text.validate_structure
                0x02013314      0x1f0 /opt/devkitpro/devkitARM/bin/../lib/gcc/arm-none-eabi/14.1.0/../../../../arm-none-eabi/lib/thumb/libg.a(libc_a-mktime.o)
 .text.mktime   0x02013504      0x43c /opt/devkitpro/devkitARM/bin/../lib/gcc/arm-none-eabi/14.1.0/../../../../arm-none-eabi/lib/thumb/libg.a(libc_a-mktime.o)
                0x02013504                mktime
 .text.strdup   0x02013940       0x14 /opt/devkitpro/devkitARM/bin/../lib/gcc/arm-none-eabi/14.1.0/../../../../arm-none-eabi/lib/thumb/libg.a(libc_a-strdup.o)
                0x02013940                strdup
 .text.stdio_exit_handler
                0x02013954       0x20 /opt/devkitpro/devkitARM/bin/../lib/gcc/arm-none-eabi/14.1.0/../../../../arm-none-eabi/lib/thumb/libg.a(libc_a-findfp.o)
 .text.cleanup_stdio
                0x02013974       0x40 /opt/devkitpro/devkitARM/bin/../lib/gcc/arm-none-eabi/14.1.0/../../../../arm-none-eabi/lib/thumb/libg.a(libc_a-findfp.o)
 .text.global_stdio_init.part.0
                0x020139b4      0x128 /opt/devkitpro/devkitARM/bin/../lib/gcc/arm-none-eabi/14.1.0/../../../../arm-none-eabi/lib/thumb/libg.a(libc_a-findfp.o)
 .text.__sfp    0x02013adc       0xcc /opt/devkitpro/devkitARM/bin/../lib/gcc/arm-none-eabi/14.1.0/../../../../arm-none-eabi/lib/thumb/libg.a(libc_a-findfp.o)
                0x02013adc                __sfp
 .text.__sinit  0x02013ba8       0x3c /opt/devkitpro/devkitARM/bin/../lib/gcc/arm-none-eabi/14.1.0/../../../../arm-none-eabi/lib/thumb/libg.a(libc_a-findfp.o)
                0x02013ba8                __sinit
 .text.__sfp_lock_acquire
                0x02013be4       0x14 /opt/devkitpro/devkitARM/bin/../lib/gcc/arm-none-eabi/14.1.0/../../../../arm-none-eabi/lib/thumb/libg.a(libc_a-findfp.o)
                0x02013be4                __sfp_lock_acquire
 .text.__sfp_lock_release
                0x02013bf8       0x14 /opt/devkitpro/devkitARM/bin/../lib/gcc/arm-none-eabi/14.1.0/../../../../arm-none-eabi/lib/thumb/libg.a(libc_a-findfp.o)
                0x02013bf8                __sfp_lock_release
 .text.__tz_lock
                0x02013c0c       0x14 /opt/devkitpro/devkitARM/bin/../lib/gcc/arm-none-eabi/14.1.0/../../../../arm-none-eabi/lib/thumb/libg.a(libc_a-tzlock.o)
                0x02013c0c                __tz_lock
 .text.__tz_unlock
                0x02013c20       0x14 /opt/devkitpro/devkitARM/bin/../lib/gcc/arm-none-eabi/14.1.0/../../../../arm-none-eabi/lib/thumb/libg.a(libc_a-tzlock.o)
                0x02013c20                __tz_unlock
 .text.rewind   0x02013c34       0x20 /opt/devkitpro/devkitARM/bin/../lib/gcc/arm-none-eabi/14.1.0/../../../../arm-none-eabi/lib/thumb/libg.a(libc_a-rewind.o)
                0x02013c34                rewind
 .text._malloc_r
                0x02013c54      0x588 /opt/devkitpro/devkitARM/bin/../lib/gcc/arm-none-eabi/14.1.0/../../../../arm-none-eabi/lib/thumb/libg.a(libc_a-mallocr.o)
                0x02013c54                _malloc_r
 .text.strcasecmp
                0x020141dc       0x48 /opt/devkitpro/devkitARM/bin/../lib/gcc/arm-none-eabi/14.1.0/../../../../arm-none-eabi/lib/thumb/libg.a(libc_a-strcasecmp.o)
                0x020141dc                strcasecmp
 .text._wcrtomb_r
                0x02014224       0x84 /opt/devkitpro/devkitARM/bin/../lib/gcc/arm-none-eabi/14.1.0/../../../../arm-none-eabi/lib/thumb/libg.a(libc_a-wcrtomb.o)
                0x02014224                _wcrtomb_r
 .text.wcrtomb  0x020142a8       0x88 /opt/devkitpro/devkitARM/bin/../lib/gcc/arm-none-eabi/14.1.0/../../../../arm-none-eabi/lib/thumb/libg.a(libc_a-wcrtomb.o)
                0x020142a8                wcrtomb
 .text._malloc_trim_r
                0x02014330       0xac /opt/devkitpro/devkitARM/bin/../lib/gcc/arm-none-eabi/14.1.0/../../../../arm-none-eabi/lib/thumb/libg.a(libc_a-freer.o)
                0x02014330                _malloc_trim_r
 .text._free_r  0x020143dc      0x1f4 /opt/devkitpro/devkitARM/bin/../lib/gcc/arm-none-eabi/14.1.0/../../../../arm-none-eabi/lib/thumb/libg.a(libc_a-freer.o)
                0x020143dc                _free_r
 .text.towupper
                0x020145d0       0x10 /opt/devkitpro/devkitARM/bin/../lib/gcc/arm-none-eabi/14.1.0/../../../../arm-none-eabi/lib/thumb/libg.a(libc_a-towupper.o)
                0x020145d0                towupper
 .text.get_arg  0x020145e0      0x428 /opt/devkitpro/devkitARM/bin/../lib/gcc/arm-none-eabi/14.1.0/../../../../arm-none-eabi/lib/thumb/libg.a(libc_a-svfprintf.o)
 .text._svfprintf_r
                0x02014a08     0x2350 /opt/devkitpro/devkitARM/bin/../lib/gcc/arm-none-eabi/14.1.0/../../../../arm-none-eabi/lib/thumb/libg.a(libc_a-svfprintf.o)
                0x02014a08                _svfprintf_r
 .text._strtol_l.part.0
                0x02016d58      0x25c /opt/devkitpro/devkitARM/bin/../lib/gcc/arm-none-eabi/14.1.0/../../../../arm-none-eabi/lib/thumb/libg.a(libc_a-strtol.o)
 .text._strtol_r
                0x02016fb4       0x34 /opt/devkitpro/devkitARM/bin/../lib/gcc/arm-none-eabi/14.1.0/../../../../arm-none-eabi/lib/thumb/libg.a(libc_a-strtol.o)
                0x02016fb4                _strtol_r
 .text.strpbrk  0x02016fe8       0x3c /opt/devkitpro/devkitARM/bin/../lib/gcc/arm-none-eabi/14.1.0/../../../../arm-none-eabi/lib/thumb/libg.a(libc_a-strpbrk.o)
                0x02016fe8                strpbrk
 .text.setvbuf  0x02017024      0x1ac /opt/devkitpro/devkitARM/bin/../lib/gcc/arm-none-eabi/14.1.0/../../../../arm-none-eabi/lib/thumb/libg.a(libc_a-setvbuf.o)
                0x02017024                setvbuf
 .text.strnlen  0x020171d0       0x24 /opt/devkitpro/devkitARM/bin/../lib/gcc/arm-none-eabi/14.1.0/../../../../arm-none-eabi/lib/thumb/libg.a(libc_a-strnlen.o)
                0x020171d0                strnlen
 .text.stpcpy   0x020171f4       0x4c /opt/devkitpro/devkitARM/bin/../lib/gcc/arm-none-eabi/14.1.0/../../../../arm-none-eabi/lib/thumb/libg.a(libc_a-stpcpy.o)
                0x020171f4                stpcpy
 .text.__errno  0x02017240        0xc /opt/devkitpro/devkitARM/bin/../lib/gcc/arm-none-eabi/14.1.0/../../../../arm-none-eabi/lib/thumb/libg.a(libc_a-errno.o)
                0x02017240                __errno
 .text.malloc   0x0201724c       0x28 /opt/devkitpro/devkitARM/bin/../lib/gcc/arm-none-eabi/14.1.0/../../../../arm-none-eabi/lib/thumb/libg.a(libc_a-malloc.o)
                0x0201724c                malloc
 .text.free     0x02017274       0x14 /opt/devkitpro/devkitARM/bin/../lib/gcc/arm-none-eabi/14.1.0/../../../../arm-none-eabi/lib/thumb/libg.a(libc_a-malloc.o)
                0x02017274                free
 .text.memcpy   0x02017288       0xb0 /opt/devkitpro/devkitARM/bin/../lib/gcc/arm-none-eabi/14.1.0/../../../../arm-none-eabi/lib/thumb/libg.a(libc_a-memcpy-stub.o)
                0x02017288                memcpy
 .text.wctob    0x02017338       0x58 /opt/devkitpro/devkitARM/bin/../lib/gcc/arm-none-eabi/14.1.0/../../../../arm-none-eabi/lib/thumb/libg.a(libc_a-wctob.o)
                0x02017338                wctob
 .text.lseek    0x02017390       0x24 /opt/devkitpro/devkitARM/bin/../lib/gcc/arm-none-eabi/14.1.0/../../../../arm-none-eabi/lib/thumb/libg.a(libc_a-syslseek.o)
                0x02017390                lseek
 .text._fopen_r
                0x020173b4       0xb8 /opt/devkitpro/devkitARM/bin/../lib/gcc/arm-none-eabi/14.1.0/../../../../arm-none-eabi/lib/thumb/libg.a(libc_a-fopen.o)
                0x020173b4                _fopen_r
 .text.fopen    0x0201746c       0x18 /opt/devkitpro/devkitARM/bin/../lib/gcc/arm-none-eabi/14.1.0/../../../../arm-none-eabi/lib/thumb/libg.a(libc_a-fopen.o)
                0x0201746c                fopen
 .text.time     0x02017484       0x38 /opt/devkitpro/devkitARM/bin/../lib/gcc/arm-none-eabi/14.1.0/../../../../arm-none-eabi/lib/thumb/libg.a(libc_a-time.o)
                0x02017484                time
 .text.open     0x020174bc       0x28 /opt/devkitpro/devkitARM/bin/../lib/gcc/arm-none-eabi/14.1.0/../../../../arm-none-eabi/lib/thumb/libg.a(libc_a-sysopen.o)
                0x020174bc                open
 .text._findenv_r
                0x020174e4       0x94 /opt/devkitpro/devkitARM/bin/../lib/gcc/arm-none-eabi/14.1.0/../../../../arm-none-eabi/lib/thumb/libg.a(libc_a-getenv_r.o)
                0x020174e4                _findenv_r
 .text._getenv_r
                0x02017578       0x10 /opt/devkitpro/devkitARM/bin/../lib/gcc/arm-none-eabi/14.1.0/../../../../arm-none-eabi/lib/thumb/libg.a(libc_a-getenv_r.o)
                0x02017578                _getenv_r
 .text.memset   0x02017588       0x98 /opt/devkitpro/devkitARM/bin/../lib/gcc/arm-none-eabi/14.1.0/../../../../arm-none-eabi/lib/thumb/libg.a(libc_a-memset.o)
                0x02017588                memset
 .text._realloc_r
                0x02017620      0x384 /opt/devkitpro/devkitARM/bin/../lib/gcc/arm-none-eabi/14.1.0/../../../../arm-none-eabi/lib/thumb/libg.a(libc_a-reallocr.o)
                0x02017620                _realloc_r
 .text.localtime_r
                0x020179a4      0x228 /opt/devkitpro/devkitARM/bin/../lib/gcc/arm-none-eabi/14.1.0/../../../../arm-none-eabi/lib/thumb/libg.a(libc_a-lcltime_r.o)
                0x020179a4                localtime_r
 .text.strncasecmp
                0x02017bcc       0x54 /opt/devkitpro/devkitARM/bin/../lib/gcc/arm-none-eabi/14.1.0/../../../../arm-none-eabi/lib/thumb/libg.a(libc_a-strncasecmp.o)
                0x02017bcc                strncasecmp
 .text._strdup_r
                0x02017c20       0x2c /opt/devkitpro/devkitARM/bin/../lib/gcc/arm-none-eabi/14.1.0/../../../../arm-none-eabi/lib/thumb/libg.a(libc_a-strdup_r.o)
                0x02017c20                _strdup_r
 .text._fwalk_sglue
                0x02017c4c       0x4c /opt/devkitpro/devkitARM/bin/../lib/gcc/arm-none-eabi/14.1.0/../../../../arm-none-eabi/lib/thumb/libg.a(libc_a-fwalk.o)
                0x02017c4c                _fwalk_sglue
 .text.__malloc_lock
                0x02017c98       0x14 /opt/devkitpro/devkitARM/bin/../lib/gcc/arm-none-eabi/14.1.0/../../../../arm-none-eabi/lib/thumb/libg.a(libc_a-mlock.o)
                0x02017c98                __malloc_lock
 .text.__malloc_unlock
                0x02017cac       0x14 /opt/devkitpro/devkitARM/bin/../lib/gcc/arm-none-eabi/14.1.0/../../../../arm-none-eabi/lib/thumb/libg.a(libc_a-mlock.o)
                0x02017cac                __malloc_unlock
 .text.__tzcalc_limits
                0x02017cc0      0x1b4 /opt/devkitpro/devkitARM/bin/../lib/gcc/arm-none-eabi/14.1.0/../../../../arm-none-eabi/lib/thumb/libg.a(libc_a-tzcalc_limits.o)
                0x02017cc0                __tzcalc_limits
 .text.ftell    0x02017e74       0x24 /opt/devkitpro/devkitARM/bin/../lib/gcc/arm-none-eabi/14.1.0/../../../../arm-none-eabi/lib/thumb/libg.a(libc_a-ftell.o)
                0x02017e74                ftell
 .text.strcpy   0x02017e98       0x10 /opt/devkitpro/devkitARM/bin/../lib/gcc/arm-none-eabi/14.1.0/../../../../arm-none-eabi/lib/thumb/libg.a(libc_a-strcpy.o)
                0x02017e98                strcpy
 .text._fseek_r
                0x02017ea8       0x18 /opt/devkitpro/devkitARM/bin/../lib/gcc/arm-none-eabi/14.1.0/../../../../arm-none-eabi/lib/thumb/libg.a(libc_a-fseek.o)
                0x02017ea8                _fseek_r
 .text.fseek    0x02017ec0       0x24 /opt/devkitpro/devkitARM/bin/../lib/gcc/arm-none-eabi/14.1.0/../../../../arm-none-eabi/lib/thumb/libg.a(libc_a-fseek.o)
                0x02017ec0                fseek
 .text.__utf8_wctomb
                0x02017ee4       0xb4 /opt/devkitpro/devkitARM/bin/../lib/gcc/arm-none-eabi/14.1.0/../../../../arm-none-eabi/lib/thumb/libg.a(libc_a-wctomb_r.o)
                0x02017ee4                __utf8_wctomb
 .text.mbsrtowcs
                0x02017f98       0x28 /opt/devkitpro/devkitARM/bin/../lib/gcc/arm-none-eabi/14.1.0/../../../../arm-none-eabi/lib/thumb/libg.a(libc_a-mbsrtowcs.o)
                0x02017f98                mbsrtowcs
 .text.strncpy  0x02017fc0       0x68 /opt/devkitpro/devkitARM/bin/../lib/gcc/arm-none-eabi/14.1.0/../../../../arm-none-eabi/lib/thumb/libg.a(libc_a-strncpy.o)
                0x02017fc0                strncpy
 .text._wcsrtombs_r
                0x02018028       0x1c /opt/devkitpro/devkitARM/bin/../lib/gcc/arm-none-eabi/14.1.0/../../../../arm-none-eabi/lib/thumb/libg.a(libc_a-wcsrtombs.o)
                0x02018028                _wcsrtombs_r
 .text.towlower
                0x02018044       0x10 /opt/devkitpro/devkitARM/bin/../lib/gcc/arm-none-eabi/14.1.0/../../../../arm-none-eabi/lib/thumb/libg.a(libc_a-towlower.o)
                0x02018044                towlower
 .text.__sflags
                0x02018054       0xa4 /opt/devkitpro/devkitARM/bin/../lib/gcc/arm-none-eabi/14.1.0/../../../../arm-none-eabi/lib/thumb/libg.a(libc_a-flags.o)
                0x02018054                __sflags
 .text.iprintf  0x020180f8       0x24 /opt/devkitpro/devkitARM/bin/../lib/gcc/arm-none-eabi/14.1.0/../../../../arm-none-eabi/lib/thumb/libg.a(libc_a-iprintf.o)
                0x020180f8                iprintf
 .text._mbrtowc_r
                0x0201811c       0x90 /opt/devkitpro/devkitARM/bin/../lib/gcc/arm-none-eabi/14.1.0/../../../../arm-none-eabi/lib/thumb/libg.a(libc_a-mbrtowc.o)
                0x0201811c                _mbrtowc_r
 .text.mbrtowc  0x020181ac       0x94 /opt/devkitpro/devkitARM/bin/../lib/gcc/arm-none-eabi/14.1.0/../../../../arm-none-eabi/lib/thumb/libg.a(libc_a-mbrtowc.o)
                0x020181ac                mbrtowc
 .text.__libc_init_array
                0x02018240       0x54 /opt/devkitpro/devkitARM/bin/../lib/gcc/arm-none-eabi/14.1.0/../../../../arm-none-eabi/lib/thumb/libg.a(libc_a-init.o)
                0x02018240                __libc_init_array
 .text.__sflush_r
                0x02018294      0x194 /opt/devkitpro/devkitARM/bin/../lib/gcc/arm-none-eabi/14.1.0/../../../../arm-none-eabi/lib/thumb/libg.a(libc_a-fflush.o)
                0x02018294                __sflush_r
 .text._fflush_r
                0x02018428       0x70 /opt/devkitpro/devkitARM/bin/../lib/gcc/arm-none-eabi/14.1.0/../../../../arm-none-eabi/lib/thumb/libg.a(libc_a-fflush.o)
                0x02018428                _fflush_r
 .text.frexp    0x02018498       0x6c /opt/devkitpro/devkitARM/bin/../lib/gcc/arm-none-eabi/14.1.0/../../../../arm-none-eabi/lib/thumb/libg.a(libm_a-s_frexp.o)
                0x02018498                frexp
 .text.__env_lock
                0x02018504       0x14 /opt/devkitpro/devkitARM/bin/../lib/gcc/arm-none-eabi/14.1.0/../../../../arm-none-eabi/lib/thumb/libg.a(libc_a-envlock.o)
                0x02018504                __env_lock
 .text.__env_unlock
                0x02018518       0x14 /opt/devkitpro/devkitARM/bin/../lib/gcc/arm-none-eabi/14.1.0/../../../../arm-none-eabi/lib/thumb/libg.a(libc_a-envlock.o)
                0x02018518                __env_unlock
 .text.__ssprint_r
                0x0201852c       0x60 /opt/devkitpro/devkitARM/bin/../lib/gcc/arm-none-eabi/14.1.0/../../../../arm-none-eabi/lib/thumb/libg.a(libc_a-ssprint_r.o)
                0x0201852c                __ssprint_r
 .text.gmtime_r
                0x0201858c      0x1c4 /opt/devkitpro/devkitARM/bin/../lib/gcc/arm-none-eabi/14.1.0/../../../../arm-none-eabi/lib/thumb/libg.a(libc_a-gmtime_r.o)
                0x0201858c                gmtime_r
 .text.get_arg  0x02018750      0x428 /opt/devkitpro/devkitARM/bin/../lib/gcc/arm-none-eabi/14.1.0/../../../../arm-none-eabi/lib/thumb/libg.a(libc_a-vfiprintf.o)
 .text._vfiprintf_r
                0x02018b78     0x170c /opt/devkitpro/devkitARM/bin/../lib/gcc/arm-none-eabi/14.1.0/../../../../arm-none-eabi/lib/thumb/libg.a(libc_a-vfiprintf.o)
                0x02018b78                _vfiprintf_r
 .text.__sbprintf
                0x0201a284       0x7c /opt/devkitpro/devkitARM/bin/../lib/gcc/arm-none-eabi/14.1.0/../../../../arm-none-eabi/lib/thumb/libg.a(libc_a-vfiprintf.o)
 .text._memalign_r
                0x0201a300      0x128 /opt/devkitpro/devkitARM/bin/../lib/gcc/arm-none-eabi/14.1.0/../../../../arm-none-eabi/lib/thumb/libg.a(libc_a-malignr.o)
                0x0201a300                _memalign_r
 .text.memchr   0x0201a428       0x80 /opt/devkitpro/devkitARM/bin/../lib/gcc/arm-none-eabi/14.1.0/../../../../arm-none-eabi/lib/thumb/libg.a(libc_a-memchr-stub.o)
                0x0201a428                memchr
 .text.div      0x0201a4a8       0x18 /opt/devkitpro/devkitARM/bin/../lib/gcc/arm-none-eabi/14.1.0/../../../../arm-none-eabi/lib/thumb/libg.a(libc_a-div.o)
                0x0201a4a8                div
 .text._wcsnrtombs_l
                0x0201a4c0      0x10c /opt/devkitpro/devkitARM/bin/../lib/gcc/arm-none-eabi/14.1.0/../../../../arm-none-eabi/lib/thumb/libg.a(libc_a-wcsnrtombs.o)
                0x0201a4c0                _wcsnrtombs_l
 .text._wcsnrtombs_r
                0x0201a5cc       0x40 /opt/devkitpro/devkitARM/bin/../lib/gcc/arm-none-eabi/14.1.0/../../../../arm-none-eabi/lib/thumb/libg.a(libc_a-wcsnrtombs.o)
                0x0201a5cc                _wcsnrtombs_r
 .text.get_arg  0x0201a60c       0x3e /opt/devkitpro/devkitARM/bin/../lib/gcc/arm-none-eabi/14.1.0/../../../../arm-none-eabi/lib/thumb/libg.a(libc_a-svfiscanf.o)
 .text._sungetc_r
                0x0201a64a       0x7e /opt/devkitpro/devkitARM/bin/../lib/gcc/arm-none-eabi/14.1.0/../../../../arm-none-eabi/lib/thumb/libg.a(libc_a-svfiscanf.o)
                0x0201a64a                _sungetc_r
 .text.__ssrefill_r
                0x0201a6c8       0x42 /opt/devkitpro/devkitARM/bin/../lib/gcc/arm-none-eabi/14.1.0/../../../../arm-none-eabi/lib/thumb/libg.a(libc_a-svfiscanf.o)
                0x0201a6c8                __ssrefill_r
 .text._sfread_r
                0x0201a70a       0x88 /opt/devkitpro/devkitARM/bin/../lib/gcc/arm-none-eabi/14.1.0/../../../../arm-none-eabi/lib/thumb/libg.a(libc_a-svfiscanf.o)
                0x0201a70a                _sfread_r
 *fill*         0x0201a792        0x2 ff
 .text.__ssvfiscanf_r
                0x0201a794     0x1a78 /opt/devkitpro/devkitARM/bin/../lib/gcc/arm-none-eabi/14.1.0/../../../../arm-none-eabi/lib/thumb/libg.a(libc_a-svfiscanf.o)
                0x0201a794                __ssvfiscanf_r
 .text.towctrans
                0x0201c20c       0x28 /opt/devkitpro/devkitARM/bin/../lib/gcc/arm-none-eabi/14.1.0/../../../../arm-none-eabi/lib/thumb/libg.a(libc_a-towctrans.o)
                0x0201c20c                towctrans
 .text._strtoul_l.isra.0
                0x0201c234      0x154 /opt/devkitpro/devkitARM/bin/../lib/gcc/arm-none-eabi/14.1.0/../../../../arm-none-eabi/lib/thumb/libg.a(libc_a-strtoul.o)
 .text._strtoul_r
                0x0201c388       0x20 /opt/devkitpro/devkitARM/bin/../lib/gcc/arm-none-eabi/14.1.0/../../../../arm-none-eabi/lib/thumb/libg.a(libc_a-strtoul.o)
                0x0201c388                _strtoul_r
 .text.strtoul  0x0201c3a8       0x24 /opt/devkitpro/devkitARM/bin/../lib/gcc/arm-none-eabi/14.1.0/../../../../arm-none-eabi/lib/thumb/libg.a(libc_a-strtoul.o)
                0x0201c3a8                strtoul
 .text._fseeko_r
                0x0201c3cc      0x41c /opt/devkitpro/devkitARM/bin/../lib/gcc/arm-none-eabi/14.1.0/../../../../arm-none-eabi/lib/thumb/libg.a(libc_a-fseeko.o)
                0x0201c3cc                _fseeko_r
 .text._tzset_unlocked
                0x0201c7e8       0x10 /opt/devkitpro/devkitARM/bin/../lib/gcc/arm-none-eabi/14.1.0/../../../../arm-none-eabi/lib/thumb/libg.a(libc_a-tzset.o)
                0x0201c7e8                _tzset_unlocked
 .text.__sprint_r
                0x0201c7f8       0x24 /opt/devkitpro/devkitARM/bin/../lib/gcc/arm-none-eabi/14.1.0/../../../../arm-none-eabi/lib/thumb/libg.a(libc_a-sprint_r.o)
                0x0201c7f8                __sprint_r
 .text.iswspace
                0x0201c81c       0x10 /opt/devkitpro/devkitARM/bin/../lib/gcc/arm-none-eabi/14.1.0/../../../../arm-none-eabi/lib/thumb/libg.a(libc_a-iswspace.o)
                0x0201c81c                iswspace
 .text.__sccl   0x0201c82c       0xa0 /opt/devkitpro/devkitARM/bin/../lib/gcc/arm-none-eabi/14.1.0/../../../../arm-none-eabi/lib/thumb/libg.a(libc_a-sccl.o)
                0x0201c82c                __sccl
 .text.__gettzinfo
                0x0201c8cc        0x8 /opt/devkitpro/devkitARM/bin/../lib/gcc/arm-none-eabi/14.1.0/../../../../arm-none-eabi/lib/thumb/libg.a(libc_a-gettzinfo.o)
                0x0201c8cc                __gettzinfo
 .text._localeconv_r
                0x0201c8d4       0x1c /opt/devkitpro/devkitARM/bin/../lib/gcc/arm-none-eabi/14.1.0/../../../../arm-none-eabi/lib/thumb/libg.a(libc_a-localeconv.o)
                0x0201c8d4                _localeconv_r
 .text.quorem   0x0201c8f0      0x154 /opt/devkitpro/devkitARM/bin/../lib/gcc/arm-none-eabi/14.1.0/../../../../arm-none-eabi/lib/thumb/libg.a(libc_a-dtoa.o)
 .text._dtoa_r  0x0201ca44     0x1140 /opt/devkitpro/devkitARM/bin/../lib/gcc/arm-none-eabi/14.1.0/../../../../arm-none-eabi/lib/thumb/libg.a(libc_a-dtoa.o)
                0x0201ca44                _dtoa_r
 .text._mbsnrtowcs_r
                0x0201db84       0xb8 /opt/devkitpro/devkitARM/bin/../lib/gcc/arm-none-eabi/14.1.0/../../../../arm-none-eabi/lib/thumb/libg.a(libc_a-mbsnrtowcs.o)
                0x0201db84                _mbsnrtowcs_r
 .text._tzset_unlocked_r
                0x0201dc3c      0x4b4 /opt/devkitpro/devkitARM/bin/../lib/gcc/arm-none-eabi/14.1.0/../../../../arm-none-eabi/lib/thumb/libg.a(libc_a-tzset_r.o)
                0x0201dc3c                _tzset_unlocked_r
 .text.__ssputs_r
                0x0201e0f0       0xd4 /opt/devkitpro/devkitARM/bin/../lib/gcc/arm-none-eabi/14.1.0/../../../../arm-none-eabi/lib/thumb/libg.a(libc_a-ssputs_r.o)
                0x0201e0f0                __ssputs_r
 .text._ftello_r
                0x0201e1c4      0x130 /opt/devkitpro/devkitARM/bin/../lib/gcc/arm-none-eabi/14.1.0/../../../../arm-none-eabi/lib/thumb/libg.a(libc_a-ftello.o)
                0x0201e1c4                _ftello_r
 .text._strtoull_l.isra.0
                0x0201e2f4      0x1bc /opt/devkitpro/devkitARM/bin/../lib/gcc/arm-none-eabi/14.1.0/../../../../arm-none-eabi/lib/thumb/libg.a(libc_a-strtoull.o)
 .text._strtoull_r
                0x0201e4b0       0x20 /opt/devkitpro/devkitARM/bin/../lib/gcc/arm-none-eabi/14.1.0/../../../../arm-none-eabi/lib/thumb/libg.a(libc_a-strtoull.o)
                0x0201e4b0                _strtoull_r
 .text.__swsetup_r
                0x0201e4d0      0x100 /opt/devkitpro/devkitARM/bin/../lib/gcc/arm-none-eabi/14.1.0/../../../../arm-none-eabi/lib/thumb/libg.a(libc_a-wsetup.o)
                0x0201e4d0                __swsetup_r
 .text.__submore
                0x0201e5d0       0x88 /opt/devkitpro/devkitARM/bin/../lib/gcc/arm-none-eabi/14.1.0/../../../../arm-none-eabi/lib/thumb/libg.a(libc_a-ungetc.o)
                0x0201e5d0                __submore
 .text.__assert_func
                0x0201e658       0x40 /opt/devkitpro/devkitARM/bin/../lib/gcc/arm-none-eabi/14.1.0/../../../../arm-none-eabi/lib/thumb/libg.a(libc_a-assert.o)
                0x0201e658                __assert_func
 .text.iswspace_l
                0x0201e698       0x28 /opt/devkitpro/devkitARM/bin/../lib/gcc/arm-none-eabi/14.1.0/../../../../arm-none-eabi/lib/thumb/libg.a(libc_a-iswspace_l.o)
                0x0201e698                iswspace_l
 .text._Balloc  0x0201e6c0       0x54 /opt/devkitpro/devkitARM/bin/../lib/gcc/arm-none-eabi/14.1.0/../../../../arm-none-eabi/lib/thumb/libg.a(libc_a-mprec.o)
                0x0201e6c0                _Balloc
 .text._Bfree   0x0201e714       0x14 /opt/devkitpro/devkitARM/bin/../lib/gcc/arm-none-eabi/14.1.0/../../../../arm-none-eabi/lib/thumb/libg.a(libc_a-mprec.o)
                0x0201e714                _Bfree
 .text.__multadd
                0x0201e728       0xa8 /opt/devkitpro/devkitARM/bin/../lib/gcc/arm-none-eabi/14.1.0/../../../../arm-none-eabi/lib/thumb/libg.a(libc_a-mprec.o)
                0x0201e728                __multadd
 .text.__hi0bits
                0x0201e7d0       0x60 /opt/devkitpro/devkitARM/bin/../lib/gcc/arm-none-eabi/14.1.0/../../../../arm-none-eabi/lib/thumb/libg.a(libc_a-mprec.o)
                0x0201e7d0                __hi0bits
 .text.__lo0bits
                0x0201e830       0x94 /opt/devkitpro/devkitARM/bin/../lib/gcc/arm-none-eabi/14.1.0/../../../../arm-none-eabi/lib/thumb/libg.a(libc_a-mprec.o)
                0x0201e830                __lo0bits
 .text.__i2b    0x0201e8c4       0x64 /opt/devkitpro/devkitARM/bin/../lib/gcc/arm-none-eabi/14.1.0/../../../../arm-none-eabi/lib/thumb/libg.a(libc_a-mprec.o)
                0x0201e8c4                __i2b
 .text.__multiply
                0x0201e928      0x1b4 /opt/devkitpro/devkitARM/bin/../lib/gcc/arm-none-eabi/14.1.0/../../../../arm-none-eabi/lib/thumb/libg.a(libc_a-mprec.o)
                0x0201e928                __multiply
 .text.__pow5mult
                0x0201eadc       0xdc /opt/devkitpro/devkitARM/bin/../lib/gcc/arm-none-eabi/14.1.0/../../../../arm-none-eabi/lib/thumb/libg.a(libc_a-mprec.o)
                0x0201eadc                __pow5mult
 .text.__lshift
                0x0201ebb8      0x100 /opt/devkitpro/devkitARM/bin/../lib/gcc/arm-none-eabi/14.1.0/../../../../arm-none-eabi/lib/thumb/libg.a(libc_a-mprec.o)
                0x0201ebb8                __lshift
 .text.__mcmp   0x0201ecb8       0x40 /opt/devkitpro/devkitARM/bin/../lib/gcc/arm-none-eabi/14.1.0/../../../../arm-none-eabi/lib/thumb/libg.a(libc_a-mprec.o)
                0x0201ecb8                __mcmp
 .text.__mdiff  0x0201ecf8      0x1ac /opt/devkitpro/devkitARM/bin/../lib/gcc/arm-none-eabi/14.1.0/../../../../arm-none-eabi/lib/thumb/libg.a(libc_a-mprec.o)
                0x0201ecf8                __mdiff
 .text.__d2b    0x0201eea4       0xc8 /opt/devkitpro/devkitARM/bin/../lib/gcc/arm-none-eabi/14.1.0/../../../../arm-none-eabi/lib/thumb/libg.a(libc_a-mprec.o)
                0x0201eea4                __d2b
 .text.__sfvwrite_r
                0x0201ef6c      0x304 /opt/devkitpro/devkitARM/bin/../lib/gcc/arm-none-eabi/14.1.0/../../../../arm-none-eabi/lib/thumb/libg.a(libc_a-fvwrite.o)
                0x0201ef6c                __sfvwrite_r
 .text._strtoll_l.isra.0
                0x0201f270      0x30c /opt/devkitpro/devkitARM/bin/../lib/gcc/arm-none-eabi/14.1.0/../../../../arm-none-eabi/lib/thumb/libg.a(libc_a-strtoll.o)
 .text._strtoll_r
                0x0201f57c       0x20 /opt/devkitpro/devkitARM/bin/../lib/gcc/arm-none-eabi/14.1.0/../../../../arm-none-eabi/lib/thumb/libg.a(libc_a-strtoll.o)
                0x0201f57c                _strtoll_r
 .text.fiprintf
                0x0201f59c       0x28 /opt/devkitpro/devkitARM/bin/../lib/gcc/arm-none-eabi/14.1.0/../../../../arm-none-eabi/lib/thumb/libg.a(libc_a-fiprintf.o)
                0x0201f59c                fiprintf
 .text.towctrans_l
                0x0201f5c4      0x190 /opt/devkitpro/devkitARM/bin/../lib/gcc/arm-none-eabi/14.1.0/../../../../arm-none-eabi/lib/thumb/libg.a(libc_a-towctrans_l.o)
                0x0201f5c4                towctrans_l
 .text.abort    0x0201f754       0x10 /opt/devkitpro/devkitARM/bin/../lib/gcc/arm-none-eabi/14.1.0/../../../../arm-none-eabi/lib/thumb/libg.a(libc_a-abort.o)
                0x0201f754                abort
 .text.category
                0x0201f764       0x58 /opt/devkitpro/devkitARM/bin/../lib/gcc/arm-none-eabi/14.1.0/../../../../arm-none-eabi/lib/thumb/libg.a(libc_a-categories.o)
                0x0201f764                category
 .text._raise_r
                0x0201f7bc       0x60 /opt/devkitpro/devkitARM/bin/../lib/gcc/arm-none-eabi/14.1.0/../../../../arm-none-eabi/lib/thumb/libg.a(libc_a-signal.o)
                0x0201f7bc                _raise_r
 .text.raise    0x0201f81c       0x14 /opt/devkitpro/devkitARM/bin/../lib/gcc/arm-none-eabi/14.1.0/../../../../arm-none-eabi/lib/thumb/libg.a(libc_a-signal.o)
                0x0201f81c                raise
 .text._exit    0x0201f830       0x14 /opt/devkitpro/devkitARM/bin/../lib/gcc/arm-none-eabi/14.1.0/../../../../arm-none-eabi/lib/thumb/libsysbase.a(libsysbase_libsysbase_a-_exit.o)
                0x0201f830                _exit
 .text.build_argv
                0x0201f844       0x54 /opt/devkitpro/devkitARM/bin/../lib/gcc/arm-none-eabi/14.1.0/../../../../arm-none-eabi/lib/thumb/libsysbase.a(libsysbase_libsysbase_a-build_argv.o)
                0x0201f844                build_argv
 .text.chdir    0x0201f898       0xe4 /opt/devkitpro/devkitARM/bin/../lib/gcc/arm-none-eabi/14.1.0/../../../../arm-none-eabi/lib/thumb/libsysbase.a(libsysbase_libsysbase_a-chdir.o)
                0x0201f898                chdir
 .text.getcwd   0x0201f97c       0x60 /opt/devkitpro/devkitARM/bin/../lib/gcc/arm-none-eabi/14.1.0/../../../../arm-none-eabi/lib/thumb/libsysbase.a(libsysbase_libsysbase_a-chdir.o)
                0x0201f97c                getcwd
 .text._concatenate_path
                0x0201f9dc      0x134 /opt/devkitpro/devkitARM/bin/../lib/gcc/arm-none-eabi/14.1.0/../../../../arm-none-eabi/lib/thumb/libsysbase.a(libsysbase_libsysbase_a-concatenate.o)
                0x0201f9dc                _concatenate_path
 .text._fstat_r
                0x0201fb10       0x58 /opt/devkitpro/devkitARM/bin/../lib/gcc/arm-none-eabi/14.1.0/../../../../arm-none-eabi/lib/thumb/libsysbase.a(libsysbase_libsysbase_a-fstat.o)
                0x0201fb10                _fstat_r
 .text._getpid_r
                0x0201fb68        0xc /opt/devkitpro/devkitARM/bin/../lib/gcc/arm-none-eabi/14.1.0/../../../../arm-none-eabi/lib/thumb/libsysbase.a(libsysbase_libsysbase_a-getpid.o)
                0x0201fb68                _getpid_r
 .text.__getreent
                0x0201fb74       0x20 /opt/devkitpro/devkitARM/bin/../lib/gcc/arm-none-eabi/14.1.0/../../../../arm-none-eabi/lib/thumb/libsysbase.a(libsysbase_libsysbase_a-getreent.o)
                0x0201fb74                __getreent
 .text._gettimeofday_r
                0x0201fb94       0x20 /opt/devkitpro/devkitARM/bin/../lib/gcc/arm-none-eabi/14.1.0/../../../../arm-none-eabi/lib/thumb/libsysbase.a(libsysbase_libsysbase_a-gettod.o)
                0x0201fb94                _gettimeofday_r
 .text.__release_handle
                0x0201fbb4       0x68 /opt/devkitpro/devkitARM/bin/../lib/gcc/arm-none-eabi/14.1.0/../../../../arm-none-eabi/lib/thumb/libsysbase.a(libsysbase_libsysbase_a-handle_manager.o)
                0x0201fbb4                __release_handle
 .text.__alloc_handle
                0x0201fc1c       0x7c /opt/devkitpro/devkitARM/bin/../lib/gcc/arm-none-eabi/14.1.0/../../../../arm-none-eabi/lib/thumb/libsysbase.a(libsysbase_libsysbase_a-handle_manager.o)
                0x0201fc1c                __alloc_handle
 .text.__get_handle
                0x0201fc98       0x34 /opt/devkitpro/devkitARM/bin/../lib/gcc/arm-none-eabi/14.1.0/../../../../arm-none-eabi/lib/thumb/libsysbase.a(libsysbase_libsysbase_a-handle_manager.o)
                0x0201fc98                __get_handle
 .text._close_r
                0x0201fccc       0xb8 /opt/devkitpro/devkitARM/bin/../lib/gcc/arm-none-eabi/14.1.0/../../../../arm-none-eabi/lib/thumb/libsysbase.a(libsysbase_libsysbase_a-handle_manager.o)
                0x0201fccc                _close_r
 .text.null_write
                0x0201fd84        0x4 /opt/devkitpro/devkitARM/bin/../lib/gcc/arm-none-eabi/14.1.0/../../../../arm-none-eabi/lib/thumb/libsysbase.a(libsysbase_libsysbase_a-iosupport.o)
 .text.setDefaultDevice
                0x0201fd88       0x10 /opt/devkitpro/devkitARM/bin/../lib/gcc/arm-none-eabi/14.1.0/../../../../arm-none-eabi/lib/thumb/libsysbase.a(libsysbase_libsysbase_a-iosupport.o)
                0x0201fd88                setDefaultDevice
 .text.FindDevice
                0x0201fd98       0x98 /opt/devkitpro/devkitARM/bin/../lib/gcc/arm-none-eabi/14.1.0/../../../../arm-none-eabi/lib/thumb/libsysbase.a(libsysbase_libsysbase_a-iosupport.o)
                0x0201fd98                FindDevice
 .text.AddDevice
                0x0201fe30       0x78 /opt/devkitpro/devkitARM/bin/../lib/gcc/arm-none-eabi/14.1.0/../../../../arm-none-eabi/lib/thumb/libsysbase.a(libsysbase_libsysbase_a-iosupport.o)
                0x0201fe30                AddDevice
 .text.GetDeviceOpTab
                0x0201fea8       0x20 /opt/devkitpro/devkitARM/bin/../lib/gcc/arm-none-eabi/14.1.0/../../../../arm-none-eabi/lib/thumb/libsysbase.a(libsysbase_libsysbase_a-iosupport.o)
                0x0201fea8                GetDeviceOpTab
 .text._isatty_r
                0x0201fec8        0x4 /opt/devkitpro/devkitARM/bin/../lib/gcc/arm-none-eabi/14.1.0/../../../../arm-none-eabi/lib/thumb/libsysbase.a(libsysbase_libsysbase_a-isatty.o)
                0x0201fec8                _isatty_r
 .text._kill_r  0x0201fecc        0xc /opt/devkitpro/devkitARM/bin/../lib/gcc/arm-none-eabi/14.1.0/../../../../arm-none-eabi/lib/thumb/libsysbase.a(libsysbase_libsysbase_a-kill.o)
                0x0201fecc                _kill_r
 .text._lseek_r
                0x0201fed8       0x60 /opt/devkitpro/devkitARM/bin/../lib/gcc/arm-none-eabi/14.1.0/../../../../arm-none-eabi/lib/thumb/libsysbase.a(libsysbase_libsysbase_a-lseek.o)
                0x0201fed8                _lseek_r
 .text._open_r  0x0201ff38       0x98 /opt/devkitpro/devkitARM/bin/../lib/gcc/arm-none-eabi/14.1.0/../../../../arm-none-eabi/lib/thumb/libsysbase.a(libsysbase_libsysbase_a-open.o)
                0x0201ff38                _open_r
 .text._read_r  0x0201ffd0       0x58 /opt/devkitpro/devkitARM/bin/../lib/gcc/arm-none-eabi/14.1.0/../../../../arm-none-eabi/lib/thumb/libsysbase.a(libsysbase_libsysbase_a-read.o)
                0x0201ffd0                _read_r
 .text._sbrk_r  0x02020028       0x54 /opt/devkitpro/devkitARM/bin/../lib/gcc/arm-none-eabi/14.1.0/../../../../arm-none-eabi/lib/thumb/libsysbase.a(libsysbase_libsysbase_a-sbrk.o)
                0x02020028                _sbrk_r
 .text.__libc_lock_acquire
                0x0202007c       0x18 /opt/devkitpro/devkitARM/bin/../lib/gcc/arm-none-eabi/14.1.0/../../../../arm-none-eabi/lib/thumb/libsysbase.a(libsysbase_libsysbase_a-syscall_support.o)
                0x0202007c                __libc_lock_acquire
 .text.__libc_lock_release
                0x02020094       0x18 /opt/devkitpro/devkitARM/bin/../lib/gcc/arm-none-eabi/14.1.0/../../../../arm-none-eabi/lib/thumb/libsysbase.a(libsysbase_libsysbase_a-syscall_support.o)
                0x02020094                __libc_lock_release
 .text.__libc_lock_acquire_recursive
                0x020200ac       0x18 /opt/devkitpro/devkitARM/bin/../lib/gcc/arm-none-eabi/14.1.0/../../../../arm-none-eabi/lib/thumb/libsysbase.a(libsysbase_libsysbase_a-syscall_support.o)
                0x020200ac                __libc_lock_acquire_recursive
 .text.__libc_lock_release_recursive
                0x020200c4       0x18 /opt/devkitpro/devkitARM/bin/../lib/gcc/arm-none-eabi/14.1.0/../../../../arm-none-eabi/lib/thumb/libsysbase.a(libsysbase_libsysbase_a-syscall_support.o)
                0x020200c4                __libc_lock_release_recursive
 .text._write_r
                0x020200dc       0x58 /opt/devkitpro/devkitARM/bin/../lib/gcc/arm-none-eabi/14.1.0/../../../../arm-none-eabi/lib/thumb/libsysbase.a(libsysbase_libsysbase_a-write.o)
                0x020200dc                _write_r
 *fill*         0x02020134        0x4 ff
 .text._write_r.__stub
                0x02020138      0x110 linker stubs
 *(EXCLUDE_FILE(*.twl*) .gnu.warning)
 *(EXCLUDE_FILE(*.twl*) .gnu.linkonce.t*)
 *(.glue_7)
 .glue_7        0x02020258        0x0 linker stubs
 *(.glue_7t)
 .glue_7t       0x02020258        0x0 linker stubs
                0x02020258                        . = ALIGN (0x4)

.vfp11_veneer   0x02020258        0x0
 .vfp11_veneer  0x02020258        0x0 linker stubs

.v4_bx          0x02020258        0x0
 .v4_bx         0x02020258        0x0 linker stubs

.iplt           0x02020258        0x0
 .iplt          0x02020258        0x0 /opt/devkitpro/devkitARM/bin/../lib/gcc/arm-none-eabi/14.1.0/../../../../arm-none-eabi/lib/thumb/ds_arm9_crt0.o

.fini           0x02020258        0xc
 *(.fini)
 .fini          0x02020258        0x4 /opt/devkitpro/devkitARM/bin/../lib/gcc/arm-none-eabi/14.1.0/thumb/crti.o
                0x02020258                _fini
 .fini          0x0202025c        0x8 /opt/devkitpro/devkitARM/bin/../lib/gcc/arm-none-eabi/14.1.0/thumb/crtn.o
                0x02020264                        __text_end = .

.rodata         0x02020268     0x6b7c
 *(EXCLUDE_FILE(*.twl*) .rodata)
 .rodata        0x02020268       0x50 /home/rph/Bureau/Documents/Travail/3e/Oral/Programme/MontyHallDS/nflib/lib/libnflib.a(nf_basic.o)
 *all.rodata*(*)
 *(EXCLUDE_FILE(*.twl*) .roda)
 *(EXCLUDE_FILE(*.twl*) .rodata.*)
 .rodata.str1.4
                0x020202b8      0xc64 main.o
                                0x343 (size before relaxing)
 .rodata.str1.4
                0x02020f1c       0x28 /home/rph/Bureau/Documents/Travail/3e/Oral/Programme/MontyHallDS/nflib/lib/libnflib.a(nf_2d.o)
 .rodata.str1.4
                0x02020f1c      0x628 /home/rph/Bureau/Documents/Travail/3e/Oral/Programme/MontyHallDS/nflib/lib/libnflib.a(nf_basic.o)
 .rodata.str1.4
                0x02020f1c       0x28 /home/rph/Bureau/Documents/Travail/3e/Oral/Programme/MontyHallDS/nflib/lib/libnflib.a(nf_sound.o)
 .rodata.str1.4
                0x02020f1c       0x7c /home/rph/Bureau/Documents/Travail/3e/Oral/Programme/MontyHallDS/nflib/lib/libnflib.a(nf_sprite256.o)
 .rodata.str1.4
                0x02020f1c       0x6c /home/rph/Bureau/Documents/Travail/3e/Oral/Programme/MontyHallDS/nflib/lib/libnflib.a(nf_tiledbg.o)
 .rodata.nitroFSInit.str1.4
                0x02020f1c        0x8 /opt/devkitpro/libnds/lib/libfilesystem.a(nitrofs.o)
 .rodata.str1.4
                0x02020f1c        0xe /opt/devkitpro/libnds/lib/libfilesystem.a(nitrofs.o)
 .rodata.fatMount.part.0.str1.4
                0x02020f1c        0x2 /opt/devkitpro/libnds/lib/libfat.a(libfat.o)
 .rodata.fatInit.str1.4
                0x02020f1c        0x3 /opt/devkitpro/libnds/lib/libfat.a(libfat.o)
 .rodata.str1.4
                0x02020f1c        0x4 /opt/devkitpro/libnds/lib/libfat.a(libfat.o)
 .rodata.dotab_fat
                0x02020f1c       0x70 /opt/devkitpro/libnds/lib/libfat.a(libfat.o)
 .rodata.str1.4
                0x02020f8c        0x8 /opt/devkitpro/libnds/lib/libfat.a(disc.o)
 .rodata._FAT_disc_interfaces
                0x02020f8c       0x18 /opt/devkitpro/libnds/lib/libfat.a(disc.o)
                0x02020f8c                _FAT_disc_interfaces
 .rodata._FAT_directory_entryFromPath.str1.4
                0x02020fa4        0x7 /opt/devkitpro/libnds/lib/libfat.a(directory.o)
 .rodata.ILLEGAL_ALIAS_CHARACTERS
                0x02020fa4       0x12 /opt/devkitpro/libnds/lib/libfat.a(directory.o)
 *fill*         0x02020fb6        0x2 ff
 .rodata.ILLEGAL_LFN_CHARACTERS
                0x02020fb8        0xa /opt/devkitpro/libnds/lib/libfat.a(directory.o)
 *fill*         0x02020fc2        0x2 ff
 .rodata.LFN_offset_table
                0x02020fc4       0x34 /opt/devkitpro/libnds/lib/libfat.a(directory.o)
 .rodata.FAT_SIG
                0x02020ff8        0x3 /opt/devkitpro/libnds/lib/libfat.a(partition.o)
 *fill*         0x02020ffb        0x1 ff
 .rodata.FS_TWL_SIG
                0x02020ffc        0x8 /opt/devkitpro/libnds/lib/libfat.a(partition.o)
 .rodata.con_write.str1.4
                0x02021004       0x30 /opt/devkitpro/libnds/lib/libnds9.a(console.o)
 .rodata.con_write
                0x02021004       0xd4 /opt/devkitpro/libnds/lib/libnds9.a(console.o)
 .rodata.consoleClear.str1.4
                0x020210d8        0x5 /opt/devkitpro/libnds/lib/libnds9.a(console.o)
 .rodata.str1.4
                0x020210d8       0x14 /opt/devkitpro/libnds/lib/libnds9.a(console.o)
 .rodata.dotab_stdout
                0x020210d8       0x70 /opt/devkitpro/libnds/lib/libnds9.a(console.o)
 .rodata.default_font_bin
                0x02021148     0x2000 /opt/devkitpro/libnds/lib/libnds9.a(default_font.bin.o)
                0x02021148                default_font_bin
                0x02023148                default_font_bin_end
 .rodata.SIN_LUT
                0x02023148      0x102 /opt/devkitpro/libnds/lib/libnds9.a(trig.o)
                0x02023148                SIN_LUT
 .rodata.str1.4
                0x0202324a       0x4c /opt/devkitpro/devkitARM/bin/../lib/gcc/arm-none-eabi/14.1.0/../../../../arm-none-eabi/lib/thumb/libg.a(libc_a-locale.o)
 *fill*         0x0202324a        0x2 ff
 .rodata._DAYS_BEFORE_MONTH
                0x0202324c       0x30 /opt/devkitpro/devkitARM/bin/../lib/gcc/arm-none-eabi/14.1.0/../../../../arm-none-eabi/lib/thumb/libg.a(libc_a-mktime.o)
 .rodata.DAYS_IN_MONTH
                0x0202327c       0x30 /opt/devkitpro/devkitARM/bin/../lib/gcc/arm-none-eabi/14.1.0/../../../../arm-none-eabi/lib/thumb/libg.a(libc_a-mktime.o)
 .rodata._svfprintf_r.str1.1
                0x020232ac       0x3b /opt/devkitpro/devkitARM/bin/../lib/gcc/arm-none-eabi/14.1.0/../../../../arm-none-eabi/lib/thumb/libg.a(libc_a-svfprintf.o)
 *fill*         0x020232e7        0x1 ff
 .rodata.zeroes.0
                0x020232e8       0x10 /opt/devkitpro/devkitARM/bin/../lib/gcc/arm-none-eabi/14.1.0/../../../../arm-none-eabi/lib/thumb/libg.a(libc_a-svfprintf.o)
 .rodata.blanks.1
                0x020232f8       0x10 /opt/devkitpro/devkitARM/bin/../lib/gcc/arm-none-eabi/14.1.0/../../../../arm-none-eabi/lib/thumb/libg.a(libc_a-svfprintf.o)
 .rodata._ctype_
                0x02023308      0x101 /opt/devkitpro/devkitARM/bin/../lib/gcc/arm-none-eabi/14.1.0/../../../../arm-none-eabi/lib/thumb/libg.a(libc_a-ctype_.o)
                0x02023308                _ctype_
 .rodata.str1.4
                0x02023409        0x4 /opt/devkitpro/devkitARM/bin/../lib/gcc/arm-none-eabi/14.1.0/../../../../arm-none-eabi/lib/thumb/libg.a(libc_a-tzvars.o)
 *fill*         0x02023409        0x3 ff
 .rodata.__action_table
                0x0202340c       0x6c /opt/devkitpro/devkitARM/bin/../lib/gcc/arm-none-eabi/14.1.0/../../../../arm-none-eabi/lib/thumb/libg.a(libc_a-svfiprintf.o)
                0x0202340c                __action_table
 .rodata.__state_table
                0x02023478       0x6c /opt/devkitpro/devkitARM/bin/../lib/gcc/arm-none-eabi/14.1.0/../../../../arm-none-eabi/lib/thumb/libg.a(libc_a-svfiprintf.o)
                0x02023478                __state_table
 .rodata.__chclass
                0x020234e4      0x100 /opt/devkitpro/devkitARM/bin/../lib/gcc/arm-none-eabi/14.1.0/../../../../arm-none-eabi/lib/thumb/libg.a(libc_a-svfiprintf.o)
                0x020234e4                __chclass
 .rodata._mbrtowc_r.str1.4
                0x020235e4        0x1 /opt/devkitpro/devkitARM/bin/../lib/gcc/arm-none-eabi/14.1.0/../../../../arm-none-eabi/lib/thumb/libg.a(libc_a-mbrtowc.o)
 .rodata._vfiprintf_r.str1.1
                0x020235e4       0x29 /opt/devkitpro/devkitARM/bin/../lib/gcc/arm-none-eabi/14.1.0/../../../../arm-none-eabi/lib/thumb/libg.a(libc_a-vfiprintf.o)
 .rodata.zeroes.0
                0x020235e4       0x10 /opt/devkitpro/devkitARM/bin/../lib/gcc/arm-none-eabi/14.1.0/../../../../arm-none-eabi/lib/thumb/libg.a(libc_a-vfiprintf.o)
 .rodata.blanks.1
                0x020235f4       0x10 /opt/devkitpro/devkitARM/bin/../lib/gcc/arm-none-eabi/14.1.0/../../../../arm-none-eabi/lib/thumb/libg.a(libc_a-vfiprintf.o)
 .rodata.basefix.0
                0x02023604       0x22 /opt/devkitpro/devkitARM/bin/../lib/gcc/arm-none-eabi/14.1.0/../../../../arm-none-eabi/lib/thumb/libg.a(libc_a-svfiscanf.o)
 *fill*         0x02023626        0x2 ff
 .rodata.__month_lengths
                0x02023628       0x60 /opt/devkitpro/devkitARM/bin/../lib/gcc/arm-none-eabi/14.1.0/../../../../arm-none-eabi/lib/thumb/libg.a(libc_a-month_lengths.o)
                0x02023628                __month_lengths
 .rodata._dtoa_r.str1.4
                0x02023688       0x67 /opt/devkitpro/devkitARM/bin/../lib/gcc/arm-none-eabi/14.1.0/../../../../arm-none-eabi/lib/thumb/libg.a(libc_a-dtoa.o)
 .rodata._tzset_unlocked_r.str1.4
                0x02023688       0x6b /opt/devkitpro/devkitARM/bin/../lib/gcc/arm-none-eabi/14.1.0/../../../../arm-none-eabi/lib/thumb/libg.a(libc_a-tzset_r.o)
 .rodata.__assert_func.str1.4
                0x02023688       0x43 /opt/devkitpro/devkitARM/bin/../lib/gcc/arm-none-eabi/14.1.0/../../../../arm-none-eabi/lib/thumb/libg.a(libc_a-assert.o)
 .rodata.__multadd.str1.4
                0x02023688       0x54 /opt/devkitpro/devkitARM/bin/../lib/gcc/arm-none-eabi/14.1.0/../../../../arm-none-eabi/lib/thumb/libg.a(libc_a-mprec.o)
 .rodata.p05.0  0x02023688        0xc /opt/devkitpro/devkitARM/bin/../lib/gcc/arm-none-eabi/14.1.0/../../../../arm-none-eabi/lib/thumb/libg.a(libc_a-mprec.o)
 *fill*         0x02023694        0x4 ff
 .rodata.__mprec_bigtens
                0x02023698       0x28 /opt/devkitpro/devkitARM/bin/../lib/gcc/arm-none-eabi/14.1.0/../../../../arm-none-eabi/lib/thumb/libg.a(libc_a-mprec.o)
                0x02023698                __mprec_bigtens
 .rodata.__mprec_tens
                0x020236c0       0xc8 /opt/devkitpro/devkitARM/bin/../lib/gcc/arm-none-eabi/14.1.0/../../../../arm-none-eabi/lib/thumb/libg.a(libc_a-mprec.o)
                0x020236c0                __mprec_tens
 .rodata.categories
                0x02023788     0x35dc /opt/devkitpro/devkitARM/bin/../lib/gcc/arm-none-eabi/14.1.0/../../../../arm-none-eabi/lib/thumb/libg.a(libc_a-categories.o)
 .rodata.AddDevice.str1.4
                0x02026d64        0x8 /opt/devkitpro/devkitARM/bin/../lib/gcc/arm-none-eabi/14.1.0/../../../../arm-none-eabi/lib/thumb/libsysbase.a(libsysbase_libsysbase_a-iosupport.o)
 .rodata.dotab_stdnull
                0x02026d64       0x80 /opt/devkitpro/devkitARM/bin/../lib/gcc/arm-none-eabi/14.1.0/../../../../arm-none-eabi/lib/thumb/libsysbase.a(libsysbase_libsysbase_a-iosupport.o)
                0x02026d64                dotab_stdnull
 *(EXCLUDE_FILE(*.twl*) .gnu.linkonce.r*)
                0x02026de4                        . = ALIGN (0x4)

.ARM.extab
 *(.ARM.extab* .gnu.linkonce.armextab.*)
                0x02026de4                        __exidx_start = .

ARM.exidx
 *(.ARM.exidx* .gnu.linkonce.armexidx.*)
                0x02026de4                        __exidx_end = .
                0x02026de4                        . = ALIGN (0x4)
                0x02026de4                        PROVIDE (__preinit_array_start = .)

.preinit_array
 *(.preinit_array)
                0x02026de4                        PROVIDE (__preinit_array_end = .)
                0x02026de4                        PROVIDE (__init_array_start = .)

.init_array     0x02026de4        0x4
 *(SORT_BY_NAME(.init_array.*))
 *(.init_array)
 .init_array    0x02026de4        0x4 /opt/devkitpro/devkitARM/bin/../lib/gcc/arm-none-eabi/14.1.0/thumb/crtbegin.o
                0x02026de8                        PROVIDE (__init_array_end = .)
                [!provide]                        PROVIDE (__fini_array_start = .)

.fini_array     0x02026de8        0x4
 *(.fini_array)
 .fini_array    0x02026de8        0x4 /opt/devkitpro/devkitARM/bin/../lib/gcc/arm-none-eabi/14.1.0/thumb/crtbegin.o
 *(SORT_BY_NAME(.fini_array.*))
                [!provide]                        PROVIDE (__fini_array_end = .)

.ctors          0x02026dec        0x0
 *crtbegin.o(.ctors)
 *(EXCLUDE_FILE(*crtend.o) .ctors)
 *(SORT_BY_NAME(.ctors.*))
 *(.ctors)
                0x02026dec                        . = ALIGN (0x4)

.dtors          0x02026dec        0x0
 *crtbegin.o(.dtors)
 *(EXCLUDE_FILE(*crtend.o) .dtors)
 *(SORT_BY_NAME(.dtors.*))
 *(.dtors)
                0x02026dec                        . = ALIGN (0x4)

.eh_frame       0x02026dec        0x4
 *(.eh_frame)
 .eh_frame      0x02026dec        0x0 /opt/devkitpro/devkitARM/bin/../lib/gcc/arm-none-eabi/14.1.0/thumb/crtbegin.o
 .eh_frame      0x02026dec        0x4 /opt/devkitpro/devkitARM/bin/../lib/gcc/arm-none-eabi/14.1.0/thumb/crtend.o
                0x02026df0                        . = ALIGN (0x4)

.gcc_except_table
                0x02026df0        0x0
 *(.gcc_except_table)
                0x02026df0                        . = ALIGN (0x4)

.jcr
 *(.jcr)

.got
 *(.got.plt)
 *(.got)
 *(.rel.got)

.ewram          0x02026df0        0x0
                0x02026df0                        __ewram_start = ABSOLUTE (.)
 *(.ewram)
 *ewram.*(.text)
                0x02026df0                        . = ALIGN (0x4)

.data           0x02026df0     0x252c
                0x02026df0                        __data_start = ABSOLUTE (.)
 *(EXCLUDE_FILE(*.twl*) .data)
 .data          0x02026df0       0x28 /opt/devkitpro/libnds/lib/libnds9.a(mpu_setup.o)
 *(EXCLUDE_FILE(*.twl*) .data.*)
 .data.ndsFileFD
                0x02026e18        0x4 /opt/devkitpro/libnds/lib/libfilesystem.a(nitrofs.o)
 .data.nitroFSdevoptab
                0x02026e1c       0x70 /opt/devkitpro/libnds/lib/libfilesystem.a(nitrofs.o)
                0x02026e1c                nitroFSdevoptab
 .data.syspaths
                0x02026e8c        0x8 /opt/devkitpro/libnds/lib/libfilesystem.a(nitrofs.o)
                0x02026e8c                syspaths
 .data.currentConsole
                0x02026e94        0x4 /opt/devkitpro/libnds/lib/libnds9.a(console.o)
                0x02026e94                currentConsole
 .data.defaultConsole
                0x02026e98       0x5c /opt/devkitpro/libnds/lib/libnds9.a(console.o)
                0x02026e98                defaultConsole
 .data.firstConsoleInit.0
                0x02026ef4        0x1 /opt/devkitpro/libnds/lib/libnds9.a(console.o)
 *fill*         0x02026ef5        0x3 ff
 .data.oamMain  0x02026ef8       0x18 /opt/devkitpro/libnds/lib/libnds9.a(sprite.o)
                0x02026ef8                oamMain
 .data.oamSub   0x02026f10       0x18 /opt/devkitpro/libnds/lib/libnds9.a(sprite.o)
                0x02026f10                oamSub
 .data.count    0x02026f28        0x1 /opt/devkitpro/libnds/lib/libnds9.a(keys.o)
 .data.delay    0x02026f29        0x1 /opt/devkitpro/libnds/lib/libnds9.a(keys.o)
 .data.repeat   0x02026f2a        0x1 /opt/devkitpro/libnds/lib/libnds9.a(keys.o)
 *fill*         0x02026f2b        0x1 ff
 .data.fifo_buffer_free
                0x02026f2c        0x4 /opt/devkitpro/libnds/lib/libnds9.a(fifosystem.o)
                0x02026f2c                fifo_buffer_free
 .data.fifo_freewords
                0x02026f30        0x4 /opt/devkitpro/libnds/lib/libnds9.a(fifosystem.o)
                0x02026f30                fifo_freewords
 .data.fifo_receive_queue
                0x02026f34        0x4 /opt/devkitpro/libnds/lib/libnds9.a(fifosystem.o)
                0x02026f34                fifo_receive_queue
 .data.fifo_send_queue
                0x02026f38        0x4 /opt/devkitpro/libnds/lib/libnds9.a(fifosystem.o)
                0x02026f38                fifo_send_queue
 .data.bgControl
                0x02026f3c       0x20 /opt/devkitpro/libnds/lib/libnds9.a(background.o)
                0x02026f3c                bgControl
 .data.bgScrollTable
                0x02026f5c       0x20 /opt/devkitpro/libnds/lib/libnds9.a(background.o)
                0x02026f5c                bgScrollTable
 .data.bgTransform
                0x02026f7c       0x20 /opt/devkitpro/libnds/lib/libnds9.a(background.o)
                0x02026f7c                bgTransform
 .data.__global_locale
                0x02026f9c      0x16c /opt/devkitpro/devkitARM/bin/../lib/gcc/arm-none-eabi/14.1.0/../../../../arm-none-eabi/lib/thumb/libg.a(libc_a-locale.o)
                0x02026f9c                __global_locale