Archive member included to satisfy reference by file (symbol)

/home/rph/Bureau/Documents/Travail/3e/Oral/Programme/try8/nflib/lib/libnflib.a(nf_2d.o)
                              main.o (NF_Set2D)
/home/rph/Bureau/Documents/Travail/3e/Oral/Programme/try8/nflib/lib/libnflib.a(nf_basic.o)
                              /home/rph/Bureau/Documents/Travail/3e/Oral/Programme/try8/nflib/lib/libnflib.a(nf_2d.o) (NF_Error)
/home/rph/Bureau/Documents/Travail/3e/Oral/Programme/try8/nflib/lib/libnflib.a(nf_sprite256.o)
                              main.o (NF_InitSpriteBuffers)
/home/rph/Bureau/Documents/Travail/3e/Oral/Programme/try8/nflib/lib/libnflib.a(nf_tiledbg.o)
                              main.o (NF_InitTiledBgBuffers)
/opt/devkitpro/libnds/lib/libfilesystem.a(nitrofs.o)
                              /home/rph/Bureau/Documents/Travail/3e/Oral/Programme/try8/nflib/lib/libnflib.a(nf_basic.o) (nitroFSInit)
/opt/devkitpro/libnds/lib/libfat.a(libfat.o)
                              /home/rph/Bureau/Documents/Travail/3e/Oral/Programme/try8/nflib/lib/libnflib.a(nf_basic.o) (fatInitDefault)
/opt/devkitpro/libnds/lib/libfat.a(disc.o)
                              /opt/devkitpro/libnds/lib/libfat.a(libfat.o) (_FAT_disc_interfaces)
/opt/devkitpro/libnds/lib/libfat.a(fatfile.o)
                              /opt/devkitpro/libnds/lib/libfat.a(libfat.o) (_FAT_open_r)
/opt/devkitpro/libnds/lib/libfat.a(cache.o)
                              /opt/devkitpro/libnds/lib/libfat.a(fatfile.o) (_FAT_cache_readSectors)
/opt/devkitpro/libnds/lib/libfat.a(fatdir.o)
                              /opt/devkitpro/libnds/lib/libfat.a(libfat.o) (_FAT_stat_r)
/opt/devkitpro/libnds/lib/libfat.a(directory.o)
                              /opt/devkitpro/libnds/lib/libfat.a(fatfile.o) (_FAT_directory_entryGetCluster)
/opt/devkitpro/libnds/lib/libfat.a(partition.o)
                              /opt/devkitpro/libnds/lib/libfat.a(libfat.o) (_FAT_partition_destructor)
/opt/devkitpro/libnds/lib/libfat.a(lock.o)
                              /opt/devkitpro/libnds/lib/libfat.a(partition.o) (_FAT_lock_init)
/opt/devkitpro/libnds/lib/libfat.a(filetime.o)
                              /opt/devkitpro/libnds/lib/libfat.a(fatfile.o) (_FAT_filetime_getTimeFromRTC)
/opt/devkitpro/libnds/lib/libfat.a(file_allocation_table.o)
                              /opt/devkitpro/libnds/lib/libfat.a(fatfile.o) (_FAT_fat_nextCluster)
/opt/devkitpro/libnds/lib/libnds9.a(video.o)
                              /home/rph/Bureau/Documents/Travail/3e/Oral/Programme/try8/nflib/lib/libnflib.a(nf_basic.o) (setBrightness)
/opt/devkitpro/libnds/lib/libnds9.a(touch.o)
                              main.o (touchRead)
/opt/devkitpro/libnds/lib/libnds9.a(console.o)
                              main.o (consoleDemoInit)
/opt/devkitpro/libnds/lib/libnds9.a(sound.o)
                              main.o (soundEnable)
/opt/devkitpro/libnds/lib/libnds9.a(sprite.o)
                              /home/rph/Bureau/Documents/Travail/3e/Oral/Programme/try8/nflib/lib/libnflib.a(nf_sprite256.o) (oamInit)
/opt/devkitpro/libnds/lib/libnds9.a(keys.o)
                              main.o (scanKeys)
/opt/devkitpro/libnds/lib/libnds9.a(dldi.o)
                              /opt/devkitpro/libnds/lib/libfat.a(disc.o) (dldiGetInternal)
/opt/devkitpro/libnds/lib/libnds9.a(initSystem.o)
                              /opt/devkitpro/devkitARM/bin/../lib/gcc/arm-none-eabi/13.2.0/../../../../arm-none-eabi/lib/thumb/ds_arm9_crt0.o (initSystem)
/opt/devkitpro/libnds/lib/libnds9.a(securearea.o)
                              /opt/devkitpro/devkitARM/bin/../lib/gcc/arm-none-eabi/13.2.0/../../../../arm-none-eabi/lib/thumb/ds_arm9_crt0.o (__secure_area__)
/opt/devkitpro/libnds/lib/libnds9.a(interrupts.o)
                              /opt/devkitpro/libnds/lib/libnds9.a(initSystem.o) (irqInit)
/opt/devkitpro/libnds/lib/libnds9.a(libnds_exit.arm.o)
                              /opt/devkitpro/devkitARM/bin/../lib/gcc/arm-none-eabi/13.2.0/../../../../arm-none-eabi/lib/thumb/ds_arm9_crt0.o (__libnds_exit)
/opt/devkitpro/libnds/lib/libnds9.a(card.o)
                              /opt/devkitpro/libnds/lib/libfilesystem.a(nitrofs.o) (cardParamCommand)
/opt/devkitpro/libnds/lib/libnds9.a(fifosystem.o)
                              /opt/devkitpro/libnds/lib/libnds9.a(initSystem.o) (fifoSetValue32Handler)
/opt/devkitpro/libnds/lib/libnds9.a(dcache.o)
                              /home/rph/Bureau/Documents/Travail/3e/Oral/Programme/try8/nflib/lib/libnflib.a(nf_basic.o) (DC_FlushRange)
/opt/devkitpro/libnds/lib/libnds9.a(dldi_stub.o)
                              /opt/devkitpro/libnds/lib/libnds9.a(dldi.o) (_io_dldi_stub)
/opt/devkitpro/libnds/lib/libnds9.a(mpu_setup.o)
                              /opt/devkitpro/devkitARM/bin/../lib/gcc/arm-none-eabi/13.2.0/../../../../arm-none-eabi/lib/thumb/ds_arm9_crt0.o (__libnds_mpu_setup)
/opt/devkitpro/libnds/lib/libnds9.a(IntrWait.o)
[...]
Memory Configuration

Name             Origin             Length             Attributes
ewram            0x02000000         0x00380000
dtcm             0x02ff0000         0x00004000
vectors          0x01000000         0x00000100
itcm             0x01000100         0x00007f00
*default*        0x00000000         0xffffffff

Linker script and memory map

                0x02380000                        __ewram_end = (ORIGIN (ewram) + LENGTH (ewram))
                0x02380000                        __eheap_end = (ORIGIN (ewram) + LENGTH (ewram))
                0x02ff4000                        __dtcm_top = (ORIGIN (dtcm) + LENGTH (dtcm))
                0x02ff3ff8                        __irq_flags = (__dtcm_top - 0x8)
                0x02ff3ffc                        __irq_vector = (__dtcm_top - 0x4)
                0x02ff3f00                        __sp_svc = (__dtcm_top - 0x100)
                0x02ff3e00                        __sp_irq = (__sp_svc - 0x100)
                0x02ff3d00                        __sp_usr = (__sp_irq - 0x100)

.secure         0x02000000      0x800
 *(.secure)
 .secure        0x02000000      0x800 /opt/devkitpro/libnds/lib/libnds9.a(securearea.o)
                0x02000000                __secure_area__

.crt0           0x02000800      0x300
                0x02000800                        __text_start = .
 *(.crt0)
 .crt0          0x02000800      0x300 /opt/devkitpro/devkitARM/bin/../lib/gcc/arm-none-eabi/13.2.0/../../../../arm-none-eabi/lib/thumb/ds_arm9_crt0.o
                0x02000800                _start
                0x02000b00                        . = ALIGN (0x4)

.plt
 *(.plt)

.init           0x02000b00        0xc
 *(SORT_NONE(.init))
 .init          0x02000b00        0x4 /opt/devkitpro/devkitARM/bin/../lib/gcc/arm-none-eabi/13.2.0/thumb/crti.o
                0x02000b00                _init
 .init          0x02000b04        0x8 /opt/devkitpro/devkitARM/bin/../lib/gcc/arm-none-eabi/13.2.0/thumb/crtn.o

.text           0x02000b40    0x1db68
 *(EXCLUDE_FILE(*.twl* *.vectors* *.itcm*) .text)
 .text          0x02000b40      0x874 /home/rph/Bureau/Documents/Travail/3e/Oral/Programme/try8/nflib/lib/libnflib.a(nf_2d.o)
                0x02000b40                NF_Set2D
                0x02000ba8                NF_ShowBg
                0x02000c24                NF_HideBg
                0x02000cc8                NF_ScrollBg
                0x02001018                NF_MoveSprite
                0x02001038                NF_SpriteLayer
                0x02001054                NF_ShowSprite
                0x02001074                NF_HflipSprite
                0x02001090                NF_GetSpriteHflip
                0x020010ac                NF_VflipSprite
                0x020010c8                NF_GetSpriteVflip
                0x020010e4                NF_SpriteFrame
                0x020011b4                NF_EnableSpriteRotScale
                0x02001248                NF_DisableSpriteRotScale
                0x020012bc                NF_SpriteRotScale
 .text          0x020013b4      0x4a0 /home/rph/Bureau/Documents/Travail/3e/Oral/Programme/try8/nflib/lib/libnflib.a(nf_basic.o)
                0x020013b4                NF_Error
                0x02001660                NF_SetRootFolder
                0x020017b8                NF_DmaMemCopy
                0x02001844                NF_GetLanguage
 .text          0x02001854     0x13b4 /home/rph/Bureau/Documents/Travail/3e/Oral/Programme/try8/nflib/lib/libnflib.a(nf_sprite256.o)
                0x02001854                NF_InitSpriteBuffers
                0x020018a0                NF_ResetSpriteBuffers
                0x020018d4                NF_InitSpriteSys
                0x02001ae4                NF_LoadSpriteGfx
                0x02001bf4                NF_UnloadSpriteGfx
                0x02001c64                NF_LoadSpritePal
                0x02001d60                NF_UnloadSpritePal
                0x02001db0                NF_VramSpriteGfx
                0x02002108                NF_VramSpriteGfxDefrag
                0x0200230c                NF_FreeSpriteGfx
                0x0200240c                NF_VramSpritePal
                0x020024e0                NF_CreateSprite
                0x02002880                NF_DeleteSprite
                0x02002920                NF_SpriteOamSet
                0x020029f8                NF_SpriteSetPalColor
                0x02002a90                NF_SpriteEditPalColor
                0x02002b0c                NF_SpriteUpdatePalette
                0x02002b9c                NF_SpriteGetPalColor
 .text          0x02002c08     0x19fc /home/rph/Bureau/Documents/Travail/3e/Oral/Programme/try8/nflib/lib/libnflib.a(nf_tiledbg.o)
                0x02002c08                NF_InitTiledBgBuffers
                0x02002ca4                NF_ResetTiledBgBuffers
                0x02002d08                NF_InitTiledBgSys
                0x02002e38                NF_LoadTiledBg
                0x020030b8                NF_LoadTilesForBg
                0x02003334                NF_UnloadTiledBg
                0x020033ec                NF_DeleteTiledBg
                0x02003594                NF_CreateTiledBg
                0x02003bbc                NF_GetTileMapAddress
                0x02003c78                NF_GetTileOfMap
                0x02003cb0                NF_SetTileOfMap
                0x02003cf4                NF_UpdateVramMap
                0x02003e14                NF_BgSetPalColor
                0x02003ec4                NF_BgEditPalColor
                0x02003f68                NF_BgUpdatePalette
                0x02004028                NF_BgGetPalColor
                0x020040c0                NF_GetTilePal
                0x020040f4                NF_SetTilePal
                0x0200413c                NF_LoadExBgPal
                0x02004228                NF_UnloadExBgPal
                0x02004278                NF_VramExBgPal
                0x0200432c                NF_SetExBgPal
                0x020043ec                NF_SetTileHflip
                0x02004428                NF_SetTileVflip
                0x02004464                NF_RotateTileGfx
 *fill*         0x02004604       0x3c ff
 .text          0x02004640     0x4000 /opt/devkitpro/libnds/lib/libnds9.a(dldi_stub.o)
                0x02004640                _io_dldi_stub
 .text          0x02008640      0x11c /opt/devkitpro/devkitARM/bin/../lib/gcc/arm-none-eabi/13.2.0/thumb/libgcc.a(_udivsi3.o)
                0x02008640                __udivsi3
                0x02008640                __aeabi_uidiv
                0x0200873c                __aeabi_uidivmod
 .text          0x0200875c      0x150 /opt/devkitpro/devkitARM/bin/../lib/gcc/arm-none-eabi/13.2.0/thumb/libgcc.a(_divsi3.o)
                0x0200875c                __aeabi_idiv
                0x0200875c                __divsi3
                0x0200888c                __aeabi_idivmod
 .text          0x020088ac        0x4 /opt/devkitpro/devkitARM/bin/../lib/gcc/arm-none-eabi/13.2.0/thumb/libgcc.a(_dvmd_tls.o)
                0x020088ac                __aeabi_ldiv0
                0x020088ac                __aeabi_idiv0
 .text          0x020088b0      0x2ac /opt/devkitpro/devkitARM/bin/../lib/gcc/arm-none-eabi/13.2.0/thumb/libgcc.a(_arm_addsubsf3.o)
                0x020088b0                __aeabi_frsub
                0x020088b8                __subsf3
                0x020088b8                __aeabi_fsub
                0x020088bc                __aeabi_fadd
                0x020088bc                __addsf3
                0x02008a78                __aeabi_ui2f
                0x02008a78                __floatunsisf
                0x02008a80                __aeabi_i2f
                0x02008a80                __floatsisf
                0x02008aa0                __floatundisf
                0x02008aa0                __aeabi_ul2f
                0x02008ab0                __floatdisf
                0x02008ab0                __aeabi_l2f
 .text          0x02008b5c      0x114 /opt/devkitpro/devkitARM/bin/../lib/gcc/arm-none-eabi/13.2.0/thumb/libgcc.a(_arm_cmpsf2.o)
                0x02008b5c                __gtsf2
                0x02008b5c                __gesf2
                0x02008b64                __lesf2
                0x02008b64                __ltsf2
                0x02008b6c                __nesf2
                0x02008b6c                __eqsf2
                0x02008b6c                __cmpsf2
                0x02008bd0                __aeabi_cfrcmple
                0x02008be0                __aeabi_cfcmple
                0x02008be0                __aeabi_cfcmpeq
                0x02008bf8                __aeabi_fcmpeq
                0x02008c10                __aeabi_fcmplt
                0x02008c28                __aeabi_fcmple
                0x02008c40                __aeabi_fcmpge
                0x02008c58                __aeabi_fcmpgt
 .text          0x02008c70       0x5c /opt/devkitpro/devkitARM/bin/../lib/gcc/arm-none-eabi/13.2.0/thumb/libgcc.a(_arm_fixsfsi.o)
                0x02008c70                __fixsfsi
                0x02008c70                __aeabi_f2iz
 .text          0x02008ccc       0xd4 /opt/devkitpro/devkitARM/bin/../lib/gcc/arm-none-eabi/13.2.0/thumb/libgcc.a(_aeabi_ldivmod.o)
                0x02008ccc                __aeabi_ldivmod
 .text          0x02008da0       0x28 /opt/devkitpro/devkitARM/bin/../lib/gcc/arm-none-eabi/13.2.0/thumb/libgcc.a(_clzdi2.o)
                0x02008da0                __clzdi2
 .text          0x02008dc8       0x48 /opt/devkitpro/devkitARM/bin/../lib/gcc/arm-none-eabi/13.2.0/thumb/libgcc.a(_clzsi2.o)
                0x02008dc8                __clzsi2
 .text          0x02008e10      0x224 /opt/devkitpro/devkitARM/bin/../lib/gcc/arm-none-eabi/13.2.0/../../../../arm-none-eabi/lib/thumb/libg.a(libc_a-strcmp.o)
                0x02008e10                strcmp
 .text          0x02009034       0x14 /opt/devkitpro/devkitARM/bin/../lib/gcc/arm-none-eabi/13.2.0/thumb/libgcc.a(_thumb1_case_uqi.o)
                0x02009034                __gnu_thumb1_case_uqi
 .text          0x02009048       0x14 /opt/devkitpro/devkitARM/bin/../lib/gcc/arm-none-eabi/13.2.0/thumb/libgcc.a(_thumb1_case_uhi.o)
                0x02009048                __gnu_thumb1_case_uhi
 .text          0x0200905c      0x424 /opt/devkitpro/devkitARM/bin/../lib/gcc/arm-none-eabi/13.2.0/thumb/libgcc.a(_arm_addsubdf3.o)
                0x0200905c                __aeabi_drsub
                0x02009064                __aeabi_dsub
                0x02009064                __subdf3
                0x02009068                __adddf3
                0x02009068                __aeabi_dadd
                0x02009378                __aeabi_ui2d
                0x02009378                __floatunsidf
                0x0200939c                __floatsidf
                0x0200939c                __aeabi_i2d
                0x020093c4                __extendsfdf2
                0x020093c4                __aeabi_f2d
                0x0200940c                __aeabi_ul2d
                0x0200940c                __floatundidf
                0x02009420                __floatdidf
                0x02009420                __aeabi_l2d
 .text          0x02009480      0x49c /opt/devkitpro/devkitARM/bin/../lib/gcc/arm-none-eabi/13.2.0/thumb/libgcc.a(_arm_muldivdf3.o)
                0x02009480                __aeabi_dmul
                0x02009480                __muldf3
                0x02009710                __aeabi_ddiv
                0x02009710                __divdf3
 .text          0x0200991c      0x144 /opt/devkitpro/devkitARM/bin/../lib/gcc/arm-none-eabi/13.2.0/thumb/libgcc.a(_arm_cmpdf2.o)
                0x0200991c                __gtdf2
                0x0200991c                __gedf2
                0x02009924                __ltdf2
                0x02009924                __ledf2
                0x0200992c                __cmpdf2
                0x0200992c                __eqdf2
                0x0200992c                __nedf2
                0x020099b4                __aeabi_cdrcmple
                0x020099d0                __aeabi_cdcmple
                0x020099d0                __aeabi_cdcmpeq
                0x020099e8                __aeabi_dcmpeq
                0x02009a00                __aeabi_dcmplt
                0x02009a18                __aeabi_dcmple
                0x02009a30                __aeabi_dcmpge
                0x02009a48                __aeabi_dcmpgt
 .text          0x02009a60       0x38 /opt/devkitpro/devkitARM/bin/../lib/gcc/arm-none-eabi/13.2.0/thumb/libgcc.a(_arm_unorddf2.o)
                0x02009a60                __aeabi_dcmpun
                0x02009a60                __unorddf2
 .text          0x02009a98       0x5c /opt/devkitpro/devkitARM/bin/../lib/gcc/arm-none-eabi/13.2.0/thumb/libgcc.a(_arm_fixdfsi.o)
                0x02009a98                __fixdfsi
                0x02009a98                __aeabi_d2iz
 .text          0x02009af4       0x3c /opt/devkitpro/devkitARM/bin/../lib/gcc/arm-none-eabi/13.2.0/thumb/libgcc.a(_aeabi_uldivmod.o)
                0x02009af4                __aeabi_uldivmod
 *(EXCLUDE_FILE(*.twl* *.vectors* *.itcm*) .stub)
 *(EXCLUDE_FILE(*.twl* *.vectors* *.itcm*) .text.*)
 .text.__do_global_dtors_aux
                0x02009b30       0x2c /opt/devkitpro/devkitARM/bin/../lib/gcc/arm-none-eabi/13.2.0/thumb/crtbegin.o
 .text.frame_dummy
                0x02009b5c       0x24 /opt/devkitpro/devkitARM/bin/../lib/gcc/arm-none-eabi/13.2.0/thumb/crtbegin.o
 .text.startup  0x02009b80      0x240 main.o
                0x02009b80                main
 .text.nitroFSDirClose
                0x02009dc0        0x4 /opt/devkitpro/libnds/lib/libfilesystem.a(nitrofs.o)
 .text.nitroFSSeek
                0x02009dc4       0x78 /opt/devkitpro/libnds/lib/libfilesystem.a(nitrofs.o)
 .text.nitroFSFstat
                0x02009e3c       0x10 /opt/devkitpro/libnds/lib/libfilesystem.a(nitrofs.o)
 .text.nitroSubReadBlock
                0x02009e4c       0x54 /opt/devkitpro/libnds/lib/libfilesystem.a(nitrofs.o)
 .text.nitroSubReadCard
                0x02009ea0       0xb0 /opt/devkitpro/libnds/lib/libfilesystem.a(nitrofs.o)
 .text.nitroFSClose
                0x02009f50        0x4 /opt/devkitpro/libnds/lib/libfilesystem.a(nitrofs.o)
 .text.nitroDirReset
                0x02009f54       0x9c /opt/devkitpro/libnds/lib/libfilesystem.a(nitrofs.o)
 .text.nitroFSRead
                0x02009ff0       0xbc /opt/devkitpro/libnds/lib/libfilesystem.a(nitrofs.o)
 .text.nitroFSDirNext
                0x0200a0ac      0x30c /opt/devkitpro/libnds/lib/libfilesystem.a(nitrofs.o)
 .text.nitroFSDirOpen
                0x0200a3b8       0xe0 /opt/devkitpro/libnds/lib/libfilesystem.a(nitrofs.o)
 .text.nitroFSChdir
                0x0200a498       0x30 /opt/devkitpro/libnds/lib/libfilesystem.a(nitrofs.o)
 .text.nitroFSOpen
                0x0200a4c8       0xc4 /opt/devkitpro/libnds/lib/libfilesystem.a(nitrofs.o)
 .text.nitroFSstat
                0x0200a58c       0x68 /opt/devkitpro/libnds/lib/libfilesystem.a(nitrofs.o)
 .text.nitroFSInit
                0x0200a5f4      0x12c /opt/devkitpro/libnds/lib/libfilesystem.a(nitrofs.o)
                0x0200a5f4                nitroFSInit
 .text.fatMount.part.0
                0x0200a720       0xa0 /opt/devkitpro/libnds/lib/libfat.a(libfat.o)
 .text.fatMount
                0x0200a7c0       0x3c /opt/devkitpro/libnds/lib/libfat.a(libfat.o)
                0x0200a7c0                fatMount
 .text.fatInit  0x0200a7fc      0x130 /opt/devkitpro/libnds/lib/libfat.a(libfat.o)
                0x0200a7fc                fatInit
 .text.fatInitDefault
                0x0200a92c        0xc /opt/devkitpro/libnds/lib/libfat.a(libfat.o)
                0x0200a92c                fatInitDefault
 .text._FAT_check_position_for_next_cluster.part.0
                0x0200a938       0x68 /opt/devkitpro/libnds/lib/libfat.a(fatfile.o)
 .text._FAT_syncToDisc.part.0
                0x0200a9a0       0xd4 /opt/devkitpro/libnds/lib/libfat.a(fatfile.o)
 .text._FAT_file_extend_r
                0x0200aa74      0x208 /opt/devkitpro/libnds/lib/libfat.a(fatfile.o)
 .text._FAT_open_r
                0x0200ac7c      0x2d4 /opt/devkitpro/libnds/lib/libfat.a(fatfile.o)
                0x0200ac7c                _FAT_open_r
 .text._FAT_close_r
                0x0200af50       0x74 /opt/devkitpro/libnds/lib/libfat.a(fatfile.o)
                0x0200af50                _FAT_close_r
 .text._FAT_read_r
                0x0200afc4      0x398 /opt/devkitpro/libnds/lib/libfat.a(fatfile.o)
                0x0200afc4                _FAT_read_r
 .text._FAT_write_r
                0x0200b35c      0x53c /opt/devkitpro/libnds/lib/libfat.a(fatfile.o)
                0x0200b35c                _FAT_write_r
 .text._FAT_seek_r
                0x0200b898      0x194 /opt/devkitpro/libnds/lib/libfat.a(fatfile.o)
                0x0200b898                _FAT_seek_r
 .text._FAT_fstat_r
                0x0200ba2c       0x8c /opt/devkitpro/libnds/lib/libfat.a(fatfile.o)
                0x0200ba2c                _FAT_fstat_r
 .text._FAT_ftruncate_r
                0x0200bab8      0x16c /opt/devkitpro/libnds/lib/libfat.a(fatfile.o)
                0x0200bab8                _FAT_ftruncate_r
 .text._FAT_fsync_r
                0x0200bc24       0x44 /opt/devkitpro/libnds/lib/libfat.a(fatfile.o)
                0x0200bc24                _FAT_fsync_r
 .text._FAT_cache_getPage
                0x0200bc68       0xf0 /opt/devkitpro/libnds/lib/libfat.a(cache.o)
 .text._FAT_cache_constructor
                0x0200bd58       0x90 /opt/devkitpro/libnds/lib/libfat.a(cache.o)
                0x0200bd58                _FAT_cache_constructor
 .text._FAT_cache_readSectors
                0x0200bde8       0x60 /opt/devkitpro/libnds/lib/libfat.a(cache.o)
                0x0200bde8                _FAT_cache_readSectors
 .text._FAT_cache_readPartialSector
                0x0200be48       0x3c /opt/devkitpro/libnds/lib/libfat.a(cache.o)
                0x0200be48                _FAT_cache_readPartialSector
 .text._FAT_cache_readLittleEndianValue
                0x0200be84       0x70 /opt/devkitpro/libnds/lib/libfat.a(cache.o)
                0x0200be84                _FAT_cache_readLittleEndianValue
 .text._FAT_cache_writePartialSector
                0x0200bef4       0x4c /opt/devkitpro/libnds/lib/libfat.a(cache.o)
                0x0200bef4                _FAT_cache_writePartialSector
 .text._FAT_cache_writeLittleEndianValue
                0x0200bf40       0x8c /opt/devkitpro/libnds/lib/libfat.a(cache.o)
                0x0200bf40                _FAT_cache_writeLittleEndianValue
 .text._FAT_cache_eraseWritePartialSector
                0x0200bfcc       0x60 /opt/devkitpro/libnds/lib/libfat.a(cache.o)
                0x0200bfcc                _FAT_cache_eraseWritePartialSector
 .text._FAT_cache_writeSectors
                0x0200c02c       0x80 /opt/devkitpro/libnds/lib/libfat.a(cache.o)
                0x0200c02c                _FAT_cache_writeSectors
 .text._FAT_cache_flush
                0x0200c0ac       0x40 /opt/devkitpro/libnds/lib/libfat.a(cache.o)
                0x0200c0ac                _FAT_cache_flush
 .text._FAT_stat_r
                0x0200c0ec       0x90 /opt/devkitpro/libnds/lib/libfat.a(fatdir.o)
                0x0200c0ec                _FAT_stat_r
 .text._FAT_link_r
                0x0200c17c        0xc /opt/devkitpro/libnds/lib/libfat.a(fatdir.o)
                0x0200c17c                _FAT_link_r
 .text._FAT_unlink_r
                0x0200c188      0x184 /opt/devkitpro/libnds/lib/libfat.a(fatdir.o)
                0x0200c188                _FAT_unlink_r
 .text._FAT_chdir_r
                0x0200c30c       0x70 /opt/devkitpro/libnds/lib/libfat.a(fatdir.o)
                0x0200c30c                _FAT_chdir_r
 .text._FAT_rename_r
                0x0200c37c      0x1c4 /opt/devkitpro/libnds/lib/libfat.a(fatdir.o)
                0x0200c37c                _FAT_rename_r
 .text._FAT_mkdir_r
                0x0200c540      0x244 /opt/devkitpro/libnds/lib/libfat.a(fatdir.o)
                0x0200c540                _FAT_mkdir_r
 .text._FAT_statvfs_r
                0x0200c784       0x78 /opt/devkitpro/libnds/lib/libfat.a(fatdir.o)
                0x0200c784                _FAT_statvfs_r
 .text._FAT_diropen_r
                0x0200c7fc       0xb0 /opt/devkitpro/libnds/lib/libfat.a(fatdir.o)
                0x0200c7fc                _FAT_diropen_r
 .text._FAT_dirreset_r
                0x0200c8ac       0x4c /opt/devkitpro/libnds/lib/libfat.a(fatdir.o)
                0x0200c8ac                _FAT_dirreset_r
 .text._FAT_dirnext_r
                0x0200c8f8       0x7c /opt/devkitpro/libnds/lib/libfat.a(fatdir.o)
                0x0200c8f8                _FAT_dirnext_r
 .text._FAT_dirclose_r
                0x0200c974       0x20 /opt/devkitpro/libnds/lib/libfat.a(fatdir.o)
                0x0200c974                _FAT_dirclose_r
 .text._FAT_directory_entryGetAlias
                0x0200c994       0xc8 /opt/devkitpro/libnds/lib/libfat.a(directory.o)
 .text._FAT_directory_incrementDirEntryPosition
                0x0200ca5c       0x80 /opt/devkitpro/libnds/lib/libfat.a(directory.o)
 .text._FAT_directory_mbsncasecmp
                0x0200cadc       0xa8 /opt/devkitpro/libnds/lib/libfat.a(directory.o)
 .text._FAT_directory_ucs2tombs.constprop.0
                0x0200cb84       0x90 /opt/devkitpro/libnds/lib/libfat.a(directory.o)
 .text._FAT_directory_entryGetCluster
                0x0200cc14       0x20 /opt/devkitpro/libnds/lib/libfat.a(directory.o)
                0x0200cc14                _FAT_directory_entryGetCluster
 .text._FAT_directory_getNextEntry
                0x0200cc34      0x23c /opt/devkitpro/libnds/lib/libfat.a(directory.o)
                0x0200cc34                _FAT_directory_getNextEntry
 .text._FAT_directory_entryExists
                0x0200ce70       0x80 /opt/devkitpro/libnds/lib/libfat.a(directory.o)
 .text._FAT_directory_getFirstEntry
                0x0200cef0       0x20 /opt/devkitpro/libnds/lib/libfat.a(directory.o)
                0x0200cef0                _FAT_directory_getFirstEntry
 .text._FAT_directory_getRootEntry
                0x0200cf10       0x60 /opt/devkitpro/libnds/lib/libfat.a(directory.o)
                0x0200cf10                _FAT_directory_getRootEntry
 .text._FAT_directory_entryFromPosition
                0x0200cf70      0x150 /opt/devkitpro/libnds/lib/libfat.a(directory.o)
                0x0200cf70                _FAT_directory_entryFromPosition
 .text._FAT_directory_entryFromPath
                0x0200d0c0      0x248 /opt/devkitpro/libnds/lib/libfat.a(directory.o)
                0x0200d0c0                _FAT_directory_entryFromPath
 .text._FAT_directory_removeEntry
                0x0200d308       0xd8 /opt/devkitpro/libnds/lib/libfat.a(directory.o)
                0x0200d308                _FAT_directory_removeEntry
 .text._FAT_directory_addEntry
                0x0200d3e0      0x808 /opt/devkitpro/libnds/lib/libfat.a(directory.o)
                0x0200d3e0                _FAT_directory_addEntry
 .text._FAT_directory_chdir
                0x0200dbe8       0x3c /opt/devkitpro/libnds/lib/libfat.a(directory.o)
                0x0200dbe8                _FAT_directory_chdir
 .text._FAT_directory_entryStat
                0x0200dc24       0xe4 /opt/devkitpro/libnds/lib/libfat.a(directory.o)
                0x0200dc24                _FAT_directory_entryStat
 .text.isValidMBR
                0x0200dd08       0x5c /opt/devkitpro/libnds/lib/libfat.a(partition.o)
 .text._FAT_updateFS_INFO
                0x0200dd64       0x54 /opt/devkitpro/libnds/lib/libfat.a(partition.o)
 .text.FindFirstValidPartition_buf.part.0
                0x0200ddb8      0x11c /opt/devkitpro/libnds/lib/libfat.a(partition.o)
 .text._FAT_partition_getPartitionFromPath
                0x0200ded4       0x10 /opt/devkitpro/libnds/lib/libfat.a(partition.o)
                0x0200ded4                _FAT_partition_getPartitionFromPath
 .text._FAT_partition_createFSinfo
                0x0200dee4       0x50 /opt/devkitpro/libnds/lib/libfat.a(partition.o)
                0x0200dee4                _FAT_partition_createFSinfo
 .text._FAT_partition_readFSinfo.part.0
                0x0200df34       0x74 /opt/devkitpro/libnds/lib/libfat.a(partition.o)
 .text._FAT_partition_constructor_buf
                0x0200dfa8      0x2e8 /opt/devkitpro/libnds/lib/libfat.a(partition.o)
                0x0200dfa8                _FAT_partition_constructor_buf
 .text._FAT_partition_constructor
                0x0200e290       0x40 /opt/devkitpro/libnds/lib/libfat.a(partition.o)
                0x0200e290                _FAT_partition_constructor
 .text._FAT_partition_readFSinfo
                0x0200e2d0       0x10 /opt/devkitpro/libnds/lib/libfat.a(partition.o)
                0x0200e2d0                _FAT_partition_readFSinfo
 .text._FAT_lock_init
                0x0200e2e0        0x4 /opt/devkitpro/libnds/lib/libfat.a(lock.o)
                0x0200e2e0                _FAT_lock_init
 .text._FAT_lock
                0x0200e2e4        0x4 /opt/devkitpro/libnds/lib/libfat.a(lock.o)
                0x0200e2e4                _FAT_lock
 .text._FAT_unlock
                0x0200e2e8        0x4 /opt/devkitpro/libnds/lib/libfat.a(lock.o)
                0x0200e2e8                _FAT_unlock
 .text._FAT_filetime_getTimeFromRTC
                0x0200e2ec       0x44 /opt/devkitpro/libnds/lib/libfat.a(filetime.o)
                0x0200e2ec                _FAT_filetime_getTimeFromRTC
 .text._FAT_filetime_getDateFromRTC
                0x0200e330       0x44 /opt/devkitpro/libnds/lib/libfat.a(filetime.o)
                0x0200e330                _FAT_filetime_getDateFromRTC
 .text._FAT_filetime_to_time_t
                0x0200e374       0x38 /opt/devkitpro/libnds/lib/libfat.a(filetime.o)
                0x0200e374                _FAT_filetime_to_time_t
 .text._FAT_fat_writeFatEntry.part.0.isra.0
                0x0200e3ac      0x12c /opt/devkitpro/libnds/lib/libfat.a(file_allocation_table.o)
 .text._FAT_fat_nextCluster
                0x0200e4d8      0x108 /opt/devkitpro/libnds/lib/libfat.a(file_allocation_table.o)
                0x0200e4d8                _FAT_fat_nextCluster
 .text._FAT_fat_linkFreeCluster
                0x0200e5e0       0xac /opt/devkitpro/libnds/lib/libfat.a(file_allocation_table.o)
                0x0200e5e0                _FAT_fat_linkFreeCluster
 .text._FAT_fat_linkFreeClusterCleared
                0x0200e68c       0x68 /opt/devkitpro/libnds/lib/libfat.a(file_allocation_table.o)
                0x0200e68c                _FAT_fat_linkFreeClusterCleared
 .text._FAT_fat_clearLinks
                0x0200e6f4       0x7c /opt/devkitpro/libnds/lib/libfat.a(file_allocation_table.o)
                0x0200e6f4                _FAT_fat_clearLinks
 .text._FAT_fat_trimChain
                0x0200e770       0x80 /opt/devkitpro/libnds/lib/libfat.a(file_allocation_table.o)
                0x0200e770                _FAT_fat_trimChain
 .text._FAT_fat_lastCluster
                0x0200e7f0       0x34 /opt/devkitpro/libnds/lib/libfat.a(file_allocation_table.o)
                0x0200e7f0                _FAT_fat_lastCluster
 .text._FAT_fat_freeClusterCount
                0x0200e824       0x2c /opt/devkitpro/libnds/lib/libfat.a(file_allocation_table.o)
                0x0200e824                _FAT_fat_freeClusterCount
 .text.setBrightness
                0x0200e850       0x40 /opt/devkitpro/libnds/lib/libnds9.a(video.o)
                0x0200e850                setBrightness
 .text.vramDefault
                0x0200e890       0xd0 /opt/devkitpro/libnds/lib/libnds9.a(video.o)
                0x0200e890                vramDefault
 .text.touchRead
                0x0200e960       0x24 /opt/devkitpro/libnds/lib/libnds9.a(touch.o)
                0x0200e960                touchRead
 .text.newRow   0x0200e984       0xa8 /opt/devkitpro/libnds/lib/libnds9.a(console.o)
 .text.consolePrintChar
                0x0200ea2c       0xe0 /opt/devkitpro/libnds/lib/libnds9.a(console.o)
                0x0200ea2c                consolePrintChar
 .text.con_write
                0x0200eb0c      0x36c /opt/devkitpro/libnds/lib/libnds9.a(console.o)
                0x0200eb0c                con_write
 .text.consoleLoadFont
                0x0200ee78      0x2a0 /opt/devkitpro/libnds/lib/libnds9.a(console.o)
                0x0200ee78                consoleLoadFont
 .text.consoleInit
                0x0200f118      0x18c /opt/devkitpro/libnds/lib/libnds9.a(console.o)
                0x0200f118                consoleInit
 .text.consoleDemoInit
                0x0200f2a4       0x40 /opt/devkitpro/libnds/lib/libnds9.a(console.o)
                0x0200f2a4                consoleDemoInit
 .text.consoleClear
                0x0200f2e4       0x10 /opt/devkitpro/libnds/lib/libnds9.a(console.o)
                0x0200f2e4                consoleClear
 .text.soundEnable
                0x0200f2f4       0x10 /opt/devkitpro/libnds/lib/libnds9.a(sound.o)
                0x0200f2f4                soundEnable
 .text.oamInit  0x0200f304      0x114 /opt/devkitpro/libnds/lib/libnds9.a(sprite.o)
                0x0200f304                oamInit
 .text.oamGfxPtrToOffset
                0x0200f418       0x34 /opt/devkitpro/libnds/lib/libnds9.a(sprite.o)
                0x0200f418                oamGfxPtrToOffset
 .text.oamSet   0x0200f44c      0x104 /opt/devkitpro/libnds/lib/libnds9.a(sprite.o)
                0x0200f44c                oamSet
 .text.oamUpdate
                0x0200f550       0x60 /opt/devkitpro/libnds/lib/libnds9.a(sprite.o)
                0x0200f550                oamUpdate
 .text.oamRotateScale
                0x0200f5b0       0x4c /opt/devkitpro/libnds/lib/libnds9.a(sprite.o)
                0x0200f5b0                oamRotateScale
 .text.scanKeys
                0x0200f5fc       0x8c /opt/devkitpro/libnds/lib/libnds9.a(keys.o)
                0x0200f5fc                scanKeys
 .text.keysDown
                0x0200f688       0x14 /opt/devkitpro/libnds/lib/libnds9.a(keys.o)
                0x0200f688                keysDown
 .text.dldiGetInternal
                0x0200f69c       0x34 /opt/devkitpro/libnds/lib/libnds9.a(dldi.o)
                0x0200f69c                dldiGetInternal
 .text.get_io_dsisd
                0x0200f6d0       0x24 /opt/devkitpro/libnds/lib/libnds9.a(dldi.o)
                0x0200f6d0                get_io_dsisd
 .text.__syscall_gettod_r
                0x0200f6f4       0x28 /opt/devkitpro/libnds/lib/libnds9.a(initSystem.o)
                0x0200f6f4                __syscall_gettod_r
 .text.__syscall_exit
                0x0200f71c        0x8 /opt/devkitpro/libnds/lib/libnds9.a(initSystem.o)
                0x0200f71c                __syscall_exit
 .text.initSystem
                0x0200f724      0x180 /opt/devkitpro/libnds/lib/libnds9.a(initSystem.o)
                0x0200f724                initSystem
 .text.irqDummy
                0x0200f8a4        0x4 /opt/devkitpro/libnds/lib/libnds9.a(interrupts.o)
                0x0200f8a4                irqDummy
 .text.irqSet   0x0200f8a8       0x6c /opt/devkitpro/libnds/lib/libnds9.a(interrupts.o)
                0x0200f8a8                irqSet
 .text.irqInit  0x0200f914       0x50 /opt/devkitpro/libnds/lib/libnds9.a(interrupts.o)
                0x0200f914                irqInit
 .text.irqEnable
                0x0200f964       0x64 /opt/devkitpro/libnds/lib/libnds9.a(interrupts.o)
                0x0200f964                irqEnable
 .text.systemErrorExit
                0x0200f9c8        0x4 /opt/devkitpro/libnds/lib/libnds9.a(libnds_exit.arm.o)
                0x0200f9c8                systemErrorExit
 .text.__libnds_exit
                0x0200f9cc       0x5c /opt/devkitpro/libnds/lib/libnds9.a(libnds_exit.arm.o)
                0x0200f9cc                __libnds_exit
 .text.cardPolledTransfer
                0x0200fa28       0x54 /opt/devkitpro/libnds/lib/libnds9.a(card.o)
                0x0200fa28                cardPolledTransfer
 .text.cardParamCommand
                0x0200fa7c       0x34 /opt/devkitpro/libnds/lib/libnds9.a(card.o)
                0x0200fa7c                cardParamCommand
 .text.fifo_queueBlock
                0x0200fab0       0x44 /opt/devkitpro/libnds/lib/libnds9.a(fifosystem.o)
 .text.fifo_waitBlock
                0x0200faf4       0x80 /opt/devkitpro/libnds/lib/libnds9.a(fifosystem.o)
 .text.fifoInternalSend.part.0
                0x0200fb74       0xd4 /opt/devkitpro/libnds/lib/libnds9.a(fifosystem.o)
 .text.fifoInternalSendInterrupt
                0x0200fc48       0xb0 /opt/devkitpro/libnds/lib/libnds9.a(fifosystem.o)
 .text.fifoSetValue32Handler
                0x0200fcf8       0xd4 /opt/devkitpro/libnds/lib/libnds9.a(fifosystem.o)
                0x0200fcf8                fifoSetValue32Handler
 .text.fifoSendValue32
                0x0200fdcc       0x4c /opt/devkitpro/libnds/lib/libnds9.a(fifosystem.o)
                0x0200fdcc                fifoSendValue32
 .text.fifoSendDatamsg
                0x0200fe18       0x90 /opt/devkitpro/libnds/lib/libnds9.a(fifosystem.o)
                0x0200fe18                fifoSendDatamsg
 .text.fifoGetValue32
                0x0200fea8       0x70 /opt/devkitpro/libnds/lib/libnds9.a(fifosystem.o)
                0x0200fea8                fifoGetValue32
 .text.fifoGetDatamsg
                0x0200ff18       0xf4 /opt/devkitpro/libnds/lib/libnds9.a(fifosystem.o)
                0x0200ff18                fifoGetDatamsg
 .text.fifoInternalRecvInterrupt
                0x0201000c      0x37c /opt/devkitpro/libnds/lib/libnds9.a(fifosystem.o)
 .text.fifoSetDatamsgHandler
                0x02010388       0x9c /opt/devkitpro/libnds/lib/libnds9.a(fifosystem.o)
                0x02010388                fifoSetDatamsgHandler
 .text.fifoCheckValue32
                0x02010424       0x24 /opt/devkitpro/libnds/lib/libnds9.a(fifosystem.o)
                0x02010424                fifoCheckValue32
 .text.fifoInit
                0x02010448      0x108 /opt/devkitpro/libnds/lib/libnds9.a(fifosystem.o)
                0x02010448                fifoInit
 .text.DC_FlushRange
                0x02010550       0x24 /opt/devkitpro/libnds/lib/libnds9.a(dcache.o)
                0x02010550                DC_FlushRange
 .text.DC_InvalidateRange
                0x02010574       0x2c /opt/devkitpro/libnds/lib/libnds9.a(dcache.o)
                0x02010574                DC_InvalidateRange
 .text.__libnds_mpu_setup
                0x020105a0      0x174 /opt/devkitpro/libnds/lib/libnds9.a(mpu_setup.o)
                0x020105a0                __libnds_mpu_setup
 .text.memUncached
                0x02010714       0x20 /opt/devkitpro/libnds/lib/libnds9.a(mpu_setup.o)
                0x02010714                memUncached
 .text.swiWaitForVBlank
                0x02010734        0x8 /opt/devkitpro/libnds/lib/libnds9.a(IntrWait.o)
                0x02010734                swiWaitForVBlank
 .text.swiIntrWait
                0x0201073c       0x70 /opt/devkitpro/libnds/lib/libnds9.a(IntrWait.o)
                0x0201073c                swiIntrWait
 .text.setCpuClock
                0x020107ac       0x50 /opt/devkitpro/libnds/lib/libnds9.a(cpu_clock.o)
                0x020107ac                setCpuClock
 .text.swiDelay
                0x020107fc        0x4 /opt/devkitpro/libnds/lib/libnds9.a(biosCalls.o)
                0x020107fc                swiDelay
 .text.swiSoftReset
                0x02010800       0x2c /opt/devkitpro/libnds/lib/libnds9.a(swiSoftReset.o)
                0x02010800                swiSoftReset
 .text.checkIfText
                0x0201082c       0x5c /opt/devkitpro/libnds/lib/libnds9.a(background.o)
                0x0201082c                checkIfText
 .text.bgUpdate
                0x02010888       0xf4 /opt/devkitpro/libnds/lib/libnds9.a(background.o)
                0x02010888                bgUpdate
 .text.bgInit_call
                0x0201097c       0xc4 /opt/devkitpro/libnds/lib/libnds9.a(background.o)
                0x0201097c                bgInit_call
 .text.bgInitSub_call
                0x02010a40       0xcc /opt/devkitpro/libnds/lib/libnds9.a(background.o)
                0x02010a40                bgInitSub_call
 .text.sinLutLookup
                0x02010b0c       0x4c /opt/devkitpro/libnds/lib/libnds9.a(trig.o)
                0x02010b0c                sinLutLookup
 .text.sinLerp  0x02010b58       0x40 /opt/devkitpro/libnds/lib/libnds9.a(trig.o)
                0x02010b58                sinLerp
 .text.cosLerp  0x02010b98       0x4c /opt/devkitpro/libnds/lib/libnds9.a(trig.o)
                0x02010b98                cosLerp
 .text.oamAllocReset
                0x02010be4       0x1c /opt/devkitpro/libnds/lib/libnds9.a(sprite_alloc.o)
                0x02010be4                oamAllocReset
 .text.systemValueHandler
                0x02010c00       0x48 /opt/devkitpro/libnds/lib/libnds9.a(system.o)
                0x02010c00                systemValueHandler
 .text.systemMsgHandler
                0x02010c48       0x60 /opt/devkitpro/libnds/lib/libnds9.a(system.o)
                0x02010c48                systemMsgHandler
 .text.powerOn  0x02010ca8       0x2c /opt/devkitpro/libnds/lib/libnds9.a(system.o)
                0x02010ca8                powerOn
 .text.__muldi3
                0x02010cd4       0x64 /opt/devkitpro/devkitARM/bin/../lib/gcc/arm-none-eabi/13.2.0/thumb/libgcc.a(_muldi3.o)
                0x02010cd4                __aeabi_lmul
                0x02010cd4                __muldi3
 .text.__udivmoddi4
                0x02010d38      0x19c /opt/devkitpro/devkitARM/bin/../lib/gcc/arm-none-eabi/13.2.0/thumb/libgcc.a(_udivmoddi4.o)
                0x02010d38                __udivmoddi4
 .text.strncmp  0x02010ed4       0x78 /opt/devkitpro/devkitARM/bin/../lib/gcc/arm-none-eabi/13.2.0/../../../../arm-none-eabi/lib/thumb/libg.a(libc_a-strncmp.o)
                0x02010ed4                strncmp
 .text.strchr   0x02010f4c       0xc8 /opt/devkitpro/devkitARM/bin/../lib/gcc/arm-none-eabi/13.2.0/../../../../arm-none-eabi/lib/thumb/libg.a(libc_a-strchr.o)
                0x02010f4c                strchr
 .text.srand    0x02011014       0x18 /opt/devkitpro/devkitARM/bin/../lib/gcc/arm-none-eabi/13.2.0/../../../../arm-none-eabi/lib/thumb/libg.a(libc_a-rand.o)
                0x02011014                srand
 .text.strlen   0x0201102c       0x60 /opt/devkitpro/devkitARM/bin/../lib/gcc/arm-none-eabi/13.2.0/../../../../arm-none-eabi/lib/thumb/libg.a(libc_a-strlen-stub.o)
                0x0201102c                strlen
 .text.memmove  0x0201108c       0xbc /opt/devkitpro/devkitARM/bin/../lib/gcc/arm-none-eabi/13.2.0/../../../../arm-none-eabi/lib/thumb/libg.a(libc_a-memmove.o)
                0x0201108c                memmove
 .text.__locale_mb_cur_max
                0x02011148       0x20 /opt/devkitpro/devkitARM/bin/../lib/gcc/arm-none-eabi/13.2.0/../../../../arm-none-eabi/lib/thumb/libg.a(libc_a-locale.o)
                0x02011148                __locale_mb_cur_max
 .text.sprintf  0x02011168       0x44 /opt/devkitpro/devkitARM/bin/../lib/gcc/arm-none-eabi/13.2.0/../../../../arm-none-eabi/lib/thumb/libg.a(libc_a-sprintf.o)
                0x02011168                sprintf
 .text.memcmp   0x020111ac       0x4c /opt/devkitpro/devkitARM/bin/../lib/gcc/arm-none-eabi/13.2.0/../../../../arm-none-eabi/lib/thumb/libg.a(libc_a-memcmp.o)
                0x020111ac                memcmp
 .text.__utf8_mbtowc
                0x020111f8      0x27c /opt/devkitpro/devkitARM/bin/../lib/gcc/arm-none-eabi/13.2.0/../../../../arm-none-eabi/lib/thumb/libg.a(libc_a-mbtowc_r.o)
                0x020111f8                __utf8_mbtowc
 .text._fread_r
                0x02011474      0x224 /opt/devkitpro/devkitARM/bin/../lib/gcc/arm-none-eabi/13.2.0/../../../../arm-none-eabi/lib/thumb/libg.a(libc_a-fread.o)
                0x02011474                _fread_r
 .text.fread    0x02011698       0x24 /opt/devkitpro/devkitARM/bin/../lib/gcc/arm-none-eabi/13.2.0/../../../../arm-none-eabi/lib/thumb/libg.a(libc_a-fread.o)
                0x02011698                fread
 .text.calloc   0x020116bc       0x18 /opt/devkitpro/devkitARM/bin/../lib/gcc/arm-none-eabi/13.2.0/../../../../arm-none-eabi/lib/thumb/libg.a(libc_a-calloc.o)
                0x020116bc                calloc
 .text.siscanf  0x020116d4       0x50 /opt/devkitpro/devkitARM/bin/../lib/gcc/arm-none-eabi/13.2.0/../../../../arm-none-eabi/lib/thumb/libg.a(libc_a-siscanf.o)
                0x020116d4                siscanf
 .text.__sread  0x02011724       0x34 /opt/devkitpro/devkitARM/bin/../lib/gcc/arm-none-eabi/13.2.0/../../../../arm-none-eabi/lib/thumb/libg.a(libc_a-stdio.o)
                0x02011724                __sread
 .text.__seofread
                0x02011758        0x4 /opt/devkitpro/devkitARM/bin/../lib/gcc/arm-none-eabi/13.2.0/../../../../arm-none-eabi/lib/thumb/libg.a(libc_a-stdio.o)
                0x02011758                __seofread
 .text.__swrite
                0x0201175c       0x4c /opt/devkitpro/devkitARM/bin/../lib/gcc/arm-none-eabi/13.2.0/../../../../arm-none-eabi/lib/thumb/libg.a(libc_a-stdio.o)
                0x0201175c                __swrite
 .text.__sseek  0x020117a8       0x44 /opt/devkitpro/devkitARM/bin/../lib/gcc/arm-none-eabi/13.2.0/../../../../arm-none-eabi/lib/thumb/libg.a(libc_a-stdio.o)
                0x020117a8                __sseek
 .text.__sclose
                0x020117ec       0x10 /opt/devkitpro/devkitARM/bin/../lib/gcc/arm-none-eabi/13.2.0/../../../../arm-none-eabi/lib/thumb/libg.a(libc_a-stdio.o)
                0x020117ec                __sclose
 .text.strrchr  0x020117fc       0x30 /opt/devkitpro/devkitARM/bin/../lib/gcc/arm-none-eabi/13.2.0/../../../../arm-none-eabi/lib/thumb/libg.a(libc_a-strrchr.o)
                0x020117fc                strrchr
 .text.lflush   0x0201182c       0x24 /opt/devkitpro/devkitARM/bin/../lib/gcc/arm-none-eabi/13.2.0/../../../../arm-none-eabi/lib/thumb/libg.a(libc_a-refill.o)
 .text.__srefill_r
                0x02011850      0x10c /opt/devkitpro/devkitARM/bin/../lib/gcc/arm-none-eabi/13.2.0/../../../../arm-none-eabi/lib/thumb/libg.a(libc_a-refill.o)
                0x02011850                __srefill_r
 .text._fclose_r
                0x0201195c       0xd8 /opt/devkitpro/devkitARM/bin/../lib/gcc/arm-none-eabi/13.2.0/../../../../arm-none-eabi/lib/thumb/libg.a(libc_a-fclose.o)
                0x0201195c                _fclose_r
 .text.fclose   0x02011a34       0x14 /opt/devkitpro/devkitARM/bin/../lib/gcc/arm-none-eabi/13.2.0/../../../../arm-none-eabi/lib/thumb/libg.a(libc_a-fclose.o)
                0x02011a34                fclose
 .text.read     0x02011a48       0x1c /opt/devkitpro/devkitARM/bin/../lib/gcc/arm-none-eabi/13.2.0/../../../../arm-none-eabi/lib/thumb/libg.a(libc_a-sysread.o)
                0x02011a48                read
 .text._calloc_r
                0x02011a64       0xb8 /opt/devkitpro/devkitARM/bin/../lib/gcc/arm-none-eabi/13.2.0/../../../../arm-none-eabi/lib/thumb/libg.a(libc_a-callocr.o)
                0x02011a64                _calloc_r
 .text.__smakebuf_r
                0x02011b1c       0xe8 /opt/devkitpro/devkitARM/bin/../lib/gcc/arm-none-eabi/13.2.0/../../../../arm-none-eabi/lib/thumb/libg.a(libc_a-makebuf.o)
                0x02011b1c                __smakebuf_r
 .text.__swhatbuf_r
                0x02011c04       0x5c /opt/devkitpro/devkitARM/bin/../lib/gcc/arm-none-eabi/13.2.0/../../../../arm-none-eabi/lib/thumb/libg.a(libc_a-makebuf.o)
                0x02011c04                __swhatbuf_r
 .text.realloc  0x02011c60       0x18 /opt/devkitpro/devkitARM/bin/../lib/gcc/arm-none-eabi/13.2.0/../../../../arm-none-eabi/lib/thumb/libg.a(libc_a-realloc.o)
                0x02011c60                realloc
 .text.validate_structure
                0x02011c78      0x1d4 /opt/devkitpro/devkitARM/bin/../lib/gcc/arm-none-eabi/13.2.0/../../../../arm-none-eabi/lib/thumb/libg.a(libc_a-mktime.o)
 .text.mktime   0x02011e4c      0x428 /opt/devkitpro/devkitARM/bin/../lib/gcc/arm-none-eabi/13.2.0/../../../../arm-none-eabi/lib/thumb/libg.a(libc_a-mktime.o)
                0x02011e4c                mktime
 .text.strdup   0x02012274       0x14 /opt/devkitpro/devkitARM/bin/../lib/gcc/arm-none-eabi/13.2.0/../../../../arm-none-eabi/lib/thumb/libg.a(libc_a-strdup.o)
                0x02012274                strdup
 .text.stdio_exit_handler
                0x02012288       0x20 /opt/devkitpro/devkitARM/bin/../lib/gcc/arm-none-eabi/13.2.0/../../../../arm-none-eabi/lib/thumb/libg.a(libc_a-findfp.o)
 .text.cleanup_stdio
                0x020122a8       0x40 /opt/devkitpro/devkitARM/bin/../lib/gcc/arm-none-eabi/13.2.0/../../../../arm-none-eabi/lib/thumb/libg.a(libc_a-findfp.o)
 .text.global_stdio_init.part.0
                0x020122e8      0x128 /opt/devkitpro/devkitARM/bin/../lib/gcc/arm-none-eabi/13.2.0/../../../../arm-none-eabi/lib/thumb/libg.a(libc_a-findfp.o)
 .text.__sfp    0x02012410       0xcc /opt/devkitpro/devkitARM/bin/../lib/gcc/arm-none-eabi/13.2.0/../../../../arm-none-eabi/lib/thumb/libg.a(libc_a-findfp.o)
                0x02012410                __sfp
 .text.__sinit  0x020124dc       0x3c /opt/devkitpro/devkitARM/bin/../lib/gcc/arm-none-eabi/13.2.0/../../../../arm-none-eabi/lib/thumb/libg.a(libc_a-findfp.o)
                0x020124dc                __sinit
 .text.__sfp_lock_acquire
                0x02012518       0x14 /opt/devkitpro/devkitARM/bin/../lib/gcc/arm-none-eabi/13.2.0/../../../../arm-none-eabi/lib/thumb/libg.a(libc_a-findfp.o)
                0x02012518                __sfp_lock_acquire
 .text.__sfp_lock_release
                0x0201252c       0x14 /opt/devkitpro/devkitARM/bin/../lib/gcc/arm-none-eabi/13.2.0/../../../../arm-none-eabi/lib/thumb/libg.a(libc_a-findfp.o)
                0x0201252c                __sfp_lock_release
 .text.__tz_lock
                0x02012540       0x14 /opt/devkitpro/devkitARM/bin/../lib/gcc/arm-none-eabi/13.2.0/../../../../arm-none-eabi/lib/thumb/libg.a(libc_a-tzlock.o)
                0x02012540                __tz_lock
 .text.__tz_unlock
                0x02012554       0x14 /opt/devkitpro/devkitARM/bin/../lib/gcc/arm-none-eabi/13.2.0/../../../../arm-none-eabi/lib/thumb/libg.a(libc_a-tzlock.o)
                0x02012554                __tz_unlock
 .text.rewind   0x02012568       0x20 /opt/devkitpro/devkitARM/bin/../lib/gcc/arm-none-eabi/13.2.0/../../../../arm-none-eabi/lib/thumb/libg.a(libc_a-rewind.o)
                0x02012568                rewind
 .text._malloc_r
                0x02012588      0x558 /opt/devkitpro/devkitARM/bin/../lib/gcc/arm-none-eabi/13.2.0/../../../../arm-none-eabi/lib/thumb/libg.a(libc_a-mallocr.o)
                0x02012588                _malloc_r
 .text.strcasecmp
                0x02012ae0       0x48 /opt/devkitpro/devkitARM/bin/../lib/gcc/arm-none-eabi/13.2.0/../../../../arm-none-eabi/lib/thumb/libg.a(libc_a-strcasecmp.o)
                0x02012ae0                strcasecmp
 .text._wcrtomb_r
                0x02012b28       0x84 /opt/devkitpro/devkitARM/bin/../lib/gcc/arm-none-eabi/13.2.0/../../../../arm-none-eabi/lib/thumb/libg.a(libc_a-wcrtomb.o)
                0x02012b28                _wcrtomb_r
 .text.wcrtomb  0x02012bac       0x88 /opt/devkitpro/devkitARM/bin/../lib/gcc/arm-none-eabi/13.2.0/../../../../arm-none-eabi/lib/thumb/libg.a(libc_a-wcrtomb.o)
                0x02012bac                wcrtomb
 .text._malloc_trim_r
                0x02012c34       0xac /opt/devkitpro/devkitARM/bin/../lib/gcc/arm-none-eabi/13.2.0/../../../../arm-none-eabi/lib/thumb/libg.a(libc_a-freer.o)
                0x02012c34                _malloc_trim_r
 .text._free_r  0x02012ce0      0x1d8 /opt/devkitpro/devkitARM/bin/../lib/gcc/arm-none-eabi/13.2.0/../../../../arm-none-eabi/lib/thumb/libg.a(libc_a-freer.o)
                0x02012ce0                _free_r
 .text.towupper
                0x02012eb8       0x10 /opt/devkitpro/devkitARM/bin/../lib/gcc/arm-none-eabi/13.2.0/../../../../arm-none-eabi/lib/thumb/libg.a(libc_a-towupper.o)
                0x02012eb8                towupper
 .text.get_arg  0x02012ec8      0x434 /opt/devkitpro/devkitARM/bin/../lib/gcc/arm-none-eabi/13.2.0/../../../../arm-none-eabi/lib/thumb/libg.a(libc_a-svfprintf.o)
 .text._svfprintf_r
                0x020132fc     0x2314 /opt/devkitpro/devkitARM/bin/../lib/gcc/arm-none-eabi/13.2.0/../../../../arm-none-eabi/lib/thumb/libg.a(libc_a-svfprintf.o)
                0x020132fc                _svfprintf_r
 .text._strtol_l.part.0
                0x02015610      0x13c /opt/devkitpro/devkitARM/bin/../lib/gcc/arm-none-eabi/13.2.0/../../../../arm-none-eabi/lib/thumb/libg.a(libc_a-strtol.o)
 .text._strtol_r
                0x0201574c       0x34 /opt/devkitpro/devkitARM/bin/../lib/gcc/arm-none-eabi/13.2.0/../../../../arm-none-eabi/lib/thumb/libg.a(libc_a-strtol.o)
                0x0201574c                _strtol_r
 .text.strpbrk  0x02015780       0x3c /opt/devkitpro/devkitARM/bin/../lib/gcc/arm-none-eabi/13.2.0/../../../../arm-none-eabi/lib/thumb/libg.a(libc_a-strpbrk.o)
                0x02015780                strpbrk
 .text.setvbuf  0x020157bc      0x1a4 /opt/devkitpro/devkitARM/bin/../lib/gcc/arm-none-eabi/13.2.0/../../../../arm-none-eabi/lib/thumb/libg.a(libc_a-setvbuf.o)
                0x020157bc                setvbuf
 .text.strnlen  0x02015960       0x28 /opt/devkitpro/devkitARM/bin/../lib/gcc/arm-none-eabi/13.2.0/../../../../arm-none-eabi/lib/thumb/libg.a(libc_a-strnlen.o)
                0x02015960                strnlen
 .text.stpcpy   0x02015988       0x4c /opt/devkitpro/devkitARM/bin/../lib/gcc/arm-none-eabi/13.2.0/../../../../arm-none-eabi/lib/thumb/libg.a(libc_a-stpcpy.o)
                0x02015988                stpcpy
 .text.__errno  0x020159d4        0xc /opt/devkitpro/devkitARM/bin/../lib/gcc/arm-none-eabi/13.2.0/../../../../arm-none-eabi/lib/thumb/libg.a(libc_a-errno.o)
                0x020159d4                __errno
 .text.malloc   0x020159e0       0x14 /opt/devkitpro/devkitARM/bin/../lib/gcc/arm-none-eabi/13.2.0/../../../../arm-none-eabi/lib/thumb/libg.a(libc_a-malloc.o)
                0x020159e0                malloc
 .text.free     0x020159f4       0x14 /opt/devkitpro/devkitARM/bin/../lib/gcc/arm-none-eabi/13.2.0/../../../../arm-none-eabi/lib/thumb/libg.a(libc_a-malloc.o)
                0x020159f4                free
 .text.memcpy   0x02015a08       0x90 /opt/devkitpro/devkitARM/bin/../lib/gcc/arm-none-eabi/13.2.0/../../../../arm-none-eabi/lib/thumb/libg.a(libc_a-memcpy-stub.o)
                0x02015a08                memcpy
 .text.wctob    0x02015a98       0x58 /opt/devkitpro/devkitARM/bin/../lib/gcc/arm-none-eabi/13.2.0/../../../../arm-none-eabi/lib/thumb/libg.a(libc_a-wctob.o)
                0x02015a98                wctob
 .text.lseek    0x02015af0       0x24 /opt/devkitpro/devkitARM/bin/../lib/gcc/arm-none-eabi/13.2.0/../../../../arm-none-eabi/lib/thumb/libg.a(libc_a-syslseek.o)
                0x02015af0                lseek
 .text._fopen_r
                0x02015b14       0xb8 /opt/devkitpro/devkitARM/bin/../lib/gcc/arm-none-eabi/13.2.0/../../../../arm-none-eabi/lib/thumb/libg.a(libc_a-fopen.o)
                0x02015b14                _fopen_r
 .text.fopen    0x02015bcc       0x18 /opt/devkitpro/devkitARM/bin/../lib/gcc/arm-none-eabi/13.2.0/../../../../arm-none-eabi/lib/thumb/libg.a(libc_a-fopen.o)
                0x02015bcc                fopen
 .text.time     0x02015be4       0x38 /opt/devkitpro/devkitARM/bin/../lib/gcc/arm-none-eabi/13.2.0/../../../../arm-none-eabi/lib/thumb/libg.a(libc_a-time.o)
                0x02015be4                time
 .text.open     0x02015c1c       0x28 /opt/devkitpro/devkitARM/bin/../lib/gcc/arm-none-eabi/13.2.0/../../../../arm-none-eabi/lib/thumb/libg.a(libc_a-sysopen.o)
                0x02015c1c                open
 .text._findenv_r
                0x02015c44       0x94 /opt/devkitpro/devkitARM/bin/../lib/gcc/arm-none-eabi/13.2.0/../../../../arm-none-eabi/lib/thumb/libg.a(libc_a-getenv_r.o)
                0x02015c44                _findenv_r
 .text._getenv_r
                0x02015cd8       0x10 /opt/devkitpro/devkitARM/bin/../lib/gcc/arm-none-eabi/13.2.0/../../../../arm-none-eabi/lib/thumb/libg.a(libc_a-getenv_r.o)
                0x02015cd8                _getenv_r
 .text.memset   0x02015ce8       0xb0 /opt/devkitpro/devkitARM/bin/../lib/gcc/arm-none-eabi/13.2.0/../../../../arm-none-eabi/lib/thumb/libg.a(libc_a-memset.o)
                0x02015ce8                memset
 .text._realloc_r
                0x02015d98      0x384 /opt/devkitpro/devkitARM/bin/../lib/gcc/arm-none-eabi/13.2.0/../../../../arm-none-eabi/lib/thumb/libg.a(libc_a-reallocr.o)
                0x02015d98                _realloc_r
 .text.localtime_r
                0x0201611c      0x228 /opt/devkitpro/devkitARM/bin/../lib/gcc/arm-none-eabi/13.2.0/../../../../arm-none-eabi/lib/thumb/libg.a(libc_a-lcltime_r.o)
                0x0201611c                localtime_r
 .text.strncasecmp
                0x02016344       0x54 /opt/devkitpro/devkitARM/bin/../lib/gcc/arm-none-eabi/13.2.0/../../../../arm-none-eabi/lib/thumb/libg.a(libc_a-strncasecmp.o)
                0x02016344                strncasecmp
 .text._strdup_r
                0x02016398       0x2c /opt/devkitpro/devkitARM/bin/../lib/gcc/arm-none-eabi/13.2.0/../../../../arm-none-eabi/lib/thumb/libg.a(libc_a-strdup_r.o)
                0x02016398                _strdup_r
 .text._fwalk_sglue
                0x020163c4       0x4c /opt/devkitpro/devkitARM/bin/../lib/gcc/arm-none-eabi/13.2.0/../../../../arm-none-eabi/lib/thumb/libg.a(libc_a-fwalk.o)
                0x020163c4                _fwalk_sglue
 .text.__malloc_lock
                0x02016410       0x14 /opt/devkitpro/devkitARM/bin/../lib/gcc/arm-none-eabi/13.2.0/../../../../arm-none-eabi/lib/thumb/libg.a(libc_a-mlock.o)
                0x02016410                __malloc_lock
 .text.__malloc_unlock
                0x02016424       0x14 /opt/devkitpro/devkitARM/bin/../lib/gcc/arm-none-eabi/13.2.0/../../../../arm-none-eabi/lib/thumb/libg.a(libc_a-mlock.o)
                0x02016424                __malloc_unlock
 .text.__tzcalc_limits
                0x02016438      0x1b4 /opt/devkitpro/devkitARM/bin/../lib/gcc/arm-none-eabi/13.2.0/../../../../arm-none-eabi/lib/thumb/libg.a(libc_a-tzcalc_limits.o)
                0x02016438                __tzcalc_limits
 .text.ftell    0x020165ec       0x24 /opt/devkitpro/devkitARM/bin/../lib/gcc/arm-none-eabi/13.2.0/../../../../arm-none-eabi/lib/thumb/libg.a(libc_a-ftell.o)
                0x020165ec                ftell
 .text.strcpy   0x02016610       0x10 /opt/devkitpro/devkitARM/bin/../lib/gcc/arm-none-eabi/13.2.0/../../../../arm-none-eabi/lib/thumb/libg.a(libc_a-strcpy.o)
                0x02016610                strcpy
 .text._fseek_r
                0x02016620       0x18 /opt/devkitpro/devkitARM/bin/../lib/gcc/arm-none-eabi/13.2.0/../../../../arm-none-eabi/lib/thumb/libg.a(libc_a-fseek.o)
                0x02016620                _fseek_r
 .text.fseek    0x02016638       0x24 /opt/devkitpro/devkitARM/bin/../lib/gcc/arm-none-eabi/13.2.0/../../../../arm-none-eabi/lib/thumb/libg.a(libc_a-fseek.o)
                0x02016638                fseek
 .text.__utf8_wctomb
                0x0201665c       0xb4 /opt/devkitpro/devkitARM/bin/../lib/gcc/arm-none-eabi/13.2.0/../../../../arm-none-eabi/lib/thumb/libg.a(libc_a-wctomb_r.o)
                0x0201665c                __utf8_wctomb
 .text.mbsrtowcs
                0x02016710       0x28 /opt/devkitpro/devkitARM/bin/../lib/gcc/arm-none-eabi/13.2.0/../../../../arm-none-eabi/lib/thumb/libg.a(libc_a-mbsrtowcs.o)
                0x02016710                mbsrtowcs
 .text.strncpy  0x02016738       0x68 /opt/devkitpro/devkitARM/bin/../lib/gcc/arm-none-eabi/13.2.0/../../../../arm-none-eabi/lib/thumb/libg.a(libc_a-strncpy.o)
                0x02016738                strncpy
 .text._wcsrtombs_r
                0x020167a0       0x1c /opt/devkitpro/devkitARM/bin/../lib/gcc/arm-none-eabi/13.2.0/../../../../arm-none-eabi/lib/thumb/libg.a(libc_a-wcsrtombs.o)
                0x020167a0                _wcsrtombs_r
 .text.towlower
                0x020167bc       0x10 /opt/devkitpro/devkitARM/bin/../lib/gcc/arm-none-eabi/13.2.0/../../../../arm-none-eabi/lib/thumb/libg.a(libc_a-towlower.o)
                0x020167bc                towlower
 .text.__sflags
                0x020167cc       0xa4 /opt/devkitpro/devkitARM/bin/../lib/gcc/arm-none-eabi/13.2.0/../../../../arm-none-eabi/lib/thumb/libg.a(libc_a-flags.o)
                0x020167cc                __sflags
 .text.iprintf  0x02016870       0x24 /opt/devkitpro/devkitARM/bin/../lib/gcc/arm-none-eabi/13.2.0/../../../../arm-none-eabi/lib/thumb/libg.a(libc_a-iprintf.o)
                0x02016870                iprintf
 .text._mbrtowc_r
                0x02016894       0x90 /opt/devkitpro/devkitARM/bin/../lib/gcc/arm-none-eabi/13.2.0/../../../../arm-none-eabi/lib/thumb/libg.a(libc_a-mbrtowc.o)
                0x02016894                _mbrtowc_r
 .text.mbrtowc  0x02016924       0x94 /opt/devkitpro/devkitARM/bin/../lib/gcc/arm-none-eabi/13.2.0/../../../../arm-none-eabi/lib/thumb/libg.a(libc_a-mbrtowc.o)
                0x02016924                mbrtowc
 .text.__libc_init_array
                0x020169b8       0x54 /opt/devkitpro/devkitARM/bin/../lib/gcc/arm-none-eabi/13.2.0/../../../../arm-none-eabi/lib/thumb/libg.a(libc_a-init.o)
                0x020169b8                __libc_init_array
 .text.__sflush_r
                0x02016a0c      0x188 /opt/devkitpro/devkitARM/bin/../lib/gcc/arm-none-eabi/13.2.0/../../../../arm-none-eabi/lib/thumb/libg.a(libc_a-fflush.o)
                0x02016a0c                __sflush_r
 .text._fflush_r
                0x02016b94       0x70 /opt/devkitpro/devkitARM/bin/../lib/gcc/arm-none-eabi/13.2.0/../../../../arm-none-eabi/lib/thumb/libg.a(libc_a-fflush.o)
                0x02016b94                _fflush_r
 .text.frexp    0x02016c04       0x6c /opt/devkitpro/devkitARM/bin/../lib/gcc/arm-none-eabi/13.2.0/../../../../arm-none-eabi/lib/thumb/libg.a(libm_a-s_frexp.o)
                0x02016c04                frexp
 .text.__env_lock
                0x02016c70       0x14 /opt/devkitpro/devkitARM/bin/../lib/gcc/arm-none-eabi/13.2.0/../../../../arm-none-eabi/lib/thumb/libg.a(libc_a-envlock.o)
                0x02016c70                __env_lock
 .text.__env_unlock
                0x02016c84       0x14 /opt/devkitpro/devkitARM/bin/../lib/gcc/arm-none-eabi/13.2.0/../../../../arm-none-eabi/lib/thumb/libg.a(libc_a-envlock.o)
                0x02016c84                __env_unlock
 .text.__ssprint_r
                0x02016c98       0x60 /opt/devkitpro/devkitARM/bin/../lib/gcc/arm-none-eabi/13.2.0/../../../../arm-none-eabi/lib/thumb/libg.a(libc_a-ssprint_r.o)
                0x02016c98                __ssprint_r
 .text.gmtime_r
                0x02016cf8      0x1c0 /opt/devkitpro/devkitARM/bin/../lib/gcc/arm-none-eabi/13.2.0/../../../../arm-none-eabi/lib/thumb/libg.a(libc_a-gmtime_r.o)
                0x02016cf8                gmtime_r
 .text.get_arg  0x02016eb8      0x434 /opt/devkitpro/devkitARM/bin/../lib/gcc/arm-none-eabi/13.2.0/../../../../arm-none-eabi/lib/thumb/libg.a(libc_a-vfiprintf.o)
 .text._vfiprintf_r
                0x020172ec     0x17bc /opt/devkitpro/devkitARM/bin/../lib/gcc/arm-none-eabi/13.2.0/../../../../arm-none-eabi/lib/thumb/libg.a(libc_a-vfiprintf.o)
                0x020172ec                _vfiprintf_r
 .text.__sbprintf
                0x02018aa8       0x7c /opt/devkitpro/devkitARM/bin/../lib/gcc/arm-none-eabi/13.2.0/../../../../arm-none-eabi/lib/thumb/libg.a(libc_a-vfiprintf.o)
 .text.memchr   0x02018b24       0x78 /opt/devkitpro/devkitARM/bin/../lib/gcc/arm-none-eabi/13.2.0/../../../../arm-none-eabi/lib/thumb/libg.a(libc_a-memchr-stub.o)
                0x02018b24                memchr
 .text.div      0x02018b9c       0x18 /opt/devkitpro/devkitARM/bin/../lib/gcc/arm-none-eabi/13.2.0/../../../../arm-none-eabi/lib/thumb/libg.a(libc_a-div.o)
                0x02018b9c                div
 .text._wcsnrtombs_l
                0x02018bb4      0x11c /opt/devkitpro/devkitARM/bin/../lib/gcc/arm-none-eabi/13.2.0/../../../../arm-none-eabi/lib/thumb/libg.a(libc_a-wcsnrtombs.o)
                0x02018bb4                _wcsnrtombs_l
 .text._wcsnrtombs_r
                0x02018cd0       0x40 /opt/devkitpro/devkitARM/bin/../lib/gcc/arm-none-eabi/13.2.0/../../../../arm-none-eabi/lib/thumb/libg.a(libc_a-wcsnrtombs.o)
                0x02018cd0                _wcsnrtombs_r
 .text.get_arg  0x02018d10       0x3e /opt/devkitpro/devkitARM/bin/../lib/gcc/arm-none-eabi/13.2.0/../../../../arm-none-eabi/lib/thumb/libg.a(libc_a-svfiscanf.o)
 .text._sungetc_r
                0x02018d4e       0x7e /opt/devkitpro/devkitARM/bin/../lib/gcc/arm-none-eabi/13.2.0/../../../../arm-none-eabi/lib/thumb/libg.a(libc_a-svfiscanf.o)
                0x02018d4e                _sungetc_r
 .text.__ssrefill_r
                0x02018dcc       0x42 /opt/devkitpro/devkitARM/bin/../lib/gcc/arm-none-eabi/13.2.0/../../../../arm-none-eabi/lib/thumb/libg.a(libc_a-svfiscanf.o)
                0x02018dcc                __ssrefill_r
 .text._sfread_r
                0x02018e0e       0x88 /opt/devkitpro/devkitARM/bin/../lib/gcc/arm-none-eabi/13.2.0/../../../../arm-none-eabi/lib/thumb/libg.a(libc_a-svfiscanf.o)
                0x02018e0e                _sfread_r
 *fill*         0x02018e96        0x2 ff
 .text.__ssvfiscanf_r
                0x02018e98     0x1ac4 /opt/devkitpro/devkitARM/bin/../lib/gcc/arm-none-eabi/13.2.0/../../../../arm-none-eabi/lib/thumb/libg.a(libc_a-svfiscanf.o)
                0x02018e98                __ssvfiscanf_r
 .text.towctrans
                0x0201a95c       0x28 /opt/devkitpro/devkitARM/bin/../lib/gcc/arm-none-eabi/13.2.0/../../../../arm-none-eabi/lib/thumb/libg.a(libc_a-towctrans.o)
                0x0201a95c                towctrans
 .text._strtoul_l.isra.0
                0x0201a984      0x144 /opt/devkitpro/devkitARM/bin/../lib/gcc/arm-none-eabi/13.2.0/../../../../arm-none-eabi/lib/thumb/libg.a(libc_a-strtoul.o)
 .text._strtoul_r
                0x0201aac8       0x20 /opt/devkitpro/devkitARM/bin/../lib/gcc/arm-none-eabi/13.2.0/../../../../arm-none-eabi/lib/thumb/libg.a(libc_a-strtoul.o)
                0x0201aac8                _strtoul_r
 .text.strtoul  0x0201aae8       0x24 /opt/devkitpro/devkitARM/bin/../lib/gcc/arm-none-eabi/13.2.0/../../../../arm-none-eabi/lib/thumb/libg.a(libc_a-strtoul.o)
                0x0201aae8                strtoul
 .text._fseeko_r
                0x0201ab0c      0x414 /opt/devkitpro/devkitARM/bin/../lib/gcc/arm-none-eabi/13.2.0/../../../../arm-none-eabi/lib/thumb/libg.a(libc_a-fseeko.o)
                0x0201ab0c                _fseeko_r
 .text._tzset_unlocked
                0x0201af20       0x10 /opt/devkitpro/devkitARM/bin/../lib/gcc/arm-none-eabi/13.2.0/../../../../arm-none-eabi/lib/thumb/libg.a(libc_a-tzset.o)
                0x0201af20                _tzset_unlocked
 .text.__sprint_r
                0x0201af30       0x24 /opt/devkitpro/devkitARM/bin/../lib/gcc/arm-none-eabi/13.2.0/../../../../arm-none-eabi/lib/thumb/libg.a(libc_a-sprint_r.o)
                0x0201af30                __sprint_r
 .text.iswspace
                0x0201af54       0x10 /opt/devkitpro/devkitARM/bin/../lib/gcc/arm-none-eabi/13.2.0/../../../../arm-none-eabi/lib/thumb/libg.a(libc_a-iswspace.o)
                0x0201af54                iswspace
 .text.__sccl   0x0201af64       0xa0 /opt/devkitpro/devkitARM/bin/../lib/gcc/arm-none-eabi/13.2.0/../../../../arm-none-eabi/lib/thumb/libg.a(libc_a-sccl.o)
                0x0201af64                __sccl
 .text.__gettzinfo
                0x0201b004        0x8 /opt/devkitpro/devkitARM/bin/../lib/gcc/arm-none-eabi/13.2.0/../../../../arm-none-eabi/lib/thumb/libg.a(libc_a-gettzinfo.o)
                0x0201b004                __gettzinfo
 .text._localeconv_r
                0x0201b00c       0x1c /opt/devkitpro/devkitARM/bin/../lib/gcc/arm-none-eabi/13.2.0/../../../../arm-none-eabi/lib/thumb/libg.a(libc_a-localeconv.o)
                0x0201b00c                _localeconv_r
 .text.quorem   0x0201b028      0x158 /opt/devkitpro/devkitARM/bin/../lib/gcc/arm-none-eabi/13.2.0/../../../../arm-none-eabi/lib/thumb/libg.a(libc_a-dtoa.o)
 .text._dtoa_r  0x0201b180     0x1024 /opt/devkitpro/devkitARM/bin/../lib/gcc/arm-none-eabi/13.2.0/../../../../arm-none-eabi/lib/thumb/libg.a(libc_a-dtoa.o)
                0x0201b180                _dtoa_r
 .text._mbsnrtowcs_r
                0x0201c1a4       0xb8 /opt/devkitpro/devkitARM/bin/../lib/gcc/arm-none-eabi/13.2.0/../../../../arm-none-eabi/lib/thumb/libg.a(libc_a-mbsnrtowcs.o)
                0x0201c1a4                _mbsnrtowcs_r
 .text._tzset_unlocked_r
                0x0201c25c      0x4b8 /opt/devkitpro/devkitARM/bin/../lib/gcc/arm-none-eabi/13.2.0/../../../../arm-none-eabi/lib/thumb/libg.a(libc_a-tzset_r.o)
                0x0201c25c                _tzset_unlocked_r
 .text.__ssputs_r
                0x0201c714       0xd4 /opt/devkitpro/devkitARM/bin/../lib/gcc/arm-none-eabi/13.2.0/../../../../arm-none-eabi/lib/thumb/libg.a(libc_a-ssputs_r.o)
                0x0201c714                __ssputs_r
 .text._ftello_r
                0x0201c7e8      0x124 /opt/devkitpro/devkitARM/bin/../lib/gcc/arm-none-eabi/13.2.0/../../../../arm-none-eabi/lib/thumb/libg.a(libc_a-ftello.o)
                0x0201c7e8                _ftello_r
 .text._strtoull_l.isra.0
                0x0201c90c      0x1c4 /opt/devkitpro/devkitARM/bin/../lib/gcc/arm-none-eabi/13.2.0/../../../../arm-none-eabi/lib/thumb/libg.a(libc_a-strtoull.o)
 .text._strtoull_r
                0x0201cad0       0x20 /opt/devkitpro/devkitARM/bin/../lib/gcc/arm-none-eabi/13.2.0/../../../../arm-none-eabi/lib/thumb/libg.a(libc_a-strtoull.o)
                0x0201cad0                _strtoull_r
 .text.__swsetup_r
                0x0201caf0       0xcc /opt/devkitpro/devkitARM/bin/../lib/gcc/arm-none-eabi/13.2.0/../../../../arm-none-eabi/lib/thumb/libg.a(libc_a-wsetup.o)
                0x0201caf0                __swsetup_r
 .text.__submore
                0x0201cbbc       0x88 /opt/devkitpro/devkitARM/bin/../lib/gcc/arm-none-eabi/13.2.0/../../../../arm-none-eabi/lib/thumb/libg.a(libc_a-ungetc.o)
                0x0201cbbc                __submore
 .text.__assert_func
                0x0201cc44       0x40 /opt/devkitpro/devkitARM/bin/../lib/gcc/arm-none-eabi/13.2.0/../../../../arm-none-eabi/lib/thumb/libg.a(libc_a-assert.o)
                0x0201cc44                __assert_func
 .text.iswspace_l
                0x0201cc84       0x28 /opt/devkitpro/devkitARM/bin/../lib/gcc/arm-none-eabi/13.2.0/../../../../arm-none-eabi/lib/thumb/libg.a(libc_a-iswspace_l.o)
                0x0201cc84                iswspace_l
 .text._Balloc  0x0201ccac       0x54 /opt/devkitpro/devkitARM/bin/../lib/gcc/arm-none-eabi/13.2.0/../../../../arm-none-eabi/lib/thumb/libg.a(libc_a-mprec.o)
                0x0201ccac                _Balloc
 .text._Bfree   0x0201cd00       0x14 /opt/devkitpro/devkitARM/bin/../lib/gcc/arm-none-eabi/13.2.0/../../../../arm-none-eabi/lib/thumb/libg.a(libc_a-mprec.o)
                0x0201cd00                _Bfree
 .text.__multadd
                0x0201cd14       0xac /opt/devkitpro/devkitARM/bin/../lib/gcc/arm-none-eabi/13.2.0/../../../../arm-none-eabi/lib/thumb/libg.a(libc_a-mprec.o)
                0x0201cd14                __multadd
 .text.__hi0bits
                0x0201cdc0       0x4c /opt/devkitpro/devkitARM/bin/../lib/gcc/arm-none-eabi/13.2.0/../../../../arm-none-eabi/lib/thumb/libg.a(libc_a-mprec.o)
                0x0201cdc0                __hi0bits
 .text.__lo0bits
                0x0201ce0c       0x5c /opt/devkitpro/devkitARM/bin/../lib/gcc/arm-none-eabi/13.2.0/../../../../arm-none-eabi/lib/thumb/libg.a(libc_a-mprec.o)
                0x0201ce0c                __lo0bits
 .text.__i2b    0x0201ce68       0x64 /opt/devkitpro/devkitARM/bin/../lib/gcc/arm-none-eabi/13.2.0/../../../../arm-none-eabi/lib/thumb/libg.a(libc_a-mprec.o)
                0x0201ce68                __i2b
 .text.__multiply
                0x0201cecc      0x1b0 /opt/devkitpro/devkitARM/bin/../lib/gcc/arm-none-eabi/13.2.0/../../../../arm-none-eabi/lib/thumb/libg.a(libc_a-mprec.o)
                0x0201cecc                __multiply
 .text.__pow5mult
                0x0201d07c       0xd4 /opt/devkitpro/devkitARM/bin/../lib/gcc/arm-none-eabi/13.2.0/../../../../arm-none-eabi/lib/thumb/libg.a(libc_a-mprec.o)
                0x0201d07c                __pow5mult
 .text.__lshift
                0x0201d150      0x100 /opt/devkitpro/devkitARM/bin/../lib/gcc/arm-none-eabi/13.2.0/../../../../arm-none-eabi/lib/thumb/libg.a(libc_a-mprec.o)
                0x0201d150                __lshift
 .text.__mcmp   0x0201d250       0x40 /opt/devkitpro/devkitARM/bin/../lib/gcc/arm-none-eabi/13.2.0/../../../../arm-none-eabi/lib/thumb/libg.a(libc_a-mprec.o)
                0x0201d250                __mcmp
 .text.__mdiff  0x0201d290      0x1b4 /opt/devkitpro/devkitARM/bin/../lib/gcc/arm-none-eabi/13.2.0/../../../../arm-none-eabi/lib/thumb/libg.a(libc_a-mprec.o)
                0x0201d290                __mdiff
 .text.__d2b    0x0201d444       0xd0 /opt/devkitpro/devkitARM/bin/../lib/gcc/arm-none-eabi/13.2.0/../../../../arm-none-eabi/lib/thumb/libg.a(libc_a-mprec.o)
                0x0201d444                __d2b
 .text.__sfvwrite_r
                0x0201d514      0x330 /opt/devkitpro/devkitARM/bin/../lib/gcc/arm-none-eabi/13.2.0/../../../../arm-none-eabi/lib/thumb/libg.a(libc_a-fvwrite.o)
                0x0201d514                __sfvwrite_r
 .text._strtoll_l.isra.0
                0x0201d844      0x19c /opt/devkitpro/devkitARM/bin/../lib/gcc/arm-none-eabi/13.2.0/../../../../arm-none-eabi/lib/thumb/libg.a(libc_a-strtoll.o)
 .text._strtoll_r
                0x0201d9e0       0x20 /opt/devkitpro/devkitARM/bin/../lib/gcc/arm-none-eabi/13.2.0/../../../../arm-none-eabi/lib/thumb/libg.a(libc_a-strtoll.o)
                0x0201d9e0                _strtoll_r
 .text.fiprintf
                0x0201da00       0x28 /opt/devkitpro/devkitARM/bin/../lib/gcc/arm-none-eabi/13.2.0/../../../../arm-none-eabi/lib/thumb/libg.a(libc_a-fiprintf.o)
                0x0201da00                fiprintf
 .text.towctrans_l
                0x0201da28      0x188 /opt/devkitpro/devkitARM/bin/../lib/gcc/arm-none-eabi/13.2.0/../../../../arm-none-eabi/lib/thumb/libg.a(libc_a-towctrans_l.o)
                0x0201da28                towctrans_l
 .text.abort    0x0201dbb0       0x10 /opt/devkitpro/devkitARM/bin/../lib/gcc/arm-none-eabi/13.2.0/../../../../arm-none-eabi/lib/thumb/libg.a(libc_a-abort.o)
                0x0201dbb0                abort
 .text.category
                0x0201dbc0       0x58 /opt/devkitpro/devkitARM/bin/../lib/gcc/arm-none-eabi/13.2.0/../../../../arm-none-eabi/lib/thumb/libg.a(libc_a-categories.o)
                0x0201dbc0                category
 .text._raise_r
                0x0201dc18       0x60 /opt/devkitpro/devkitARM/bin/../lib/gcc/arm-none-eabi/13.2.0/../../../../arm-none-eabi/lib/thumb/libg.a(libc_a-signal.o)
                0x0201dc18                _raise_r
 .text.raise    0x0201dc78       0x14 /opt/devkitpro/devkitARM/bin/../lib/gcc/arm-none-eabi/13.2.0/../../../../arm-none-eabi/lib/thumb/libg.a(libc_a-signal.o)
                0x0201dc78                raise
 .text._exit    0x0201dc8c       0x14 /opt/devkitpro/devkitARM/bin/../lib/gcc/arm-none-eabi/13.2.0/../../../../arm-none-eabi/lib/thumb/libsysbase.a(libsysbase_libsysbase_a-_exit.o)
                0x0201dc8c                _exit
 .text.build_argv
                0x0201dca0       0x54 /opt/devkitpro/devkitARM/bin/../lib/gcc/arm-none-eabi/13.2.0/../../../../arm-none-eabi/lib/thumb/libsysbase.a(libsysbase_libsysbase_a-build_argv.o)
                0x0201dca0                build_argv
 .text.chdir    0x0201dcf4       0xe4 /opt/devkitpro/devkitARM/bin/../lib/gcc/arm-none-eabi/13.2.0/../../../../arm-none-eabi/lib/thumb/libsysbase.a(libsysbase_libsysbase_a-chdir.o)
                0x0201dcf4                chdir
 .text.getcwd   0x0201ddd8       0x60 /opt/devkitpro/devkitARM/bin/../lib/gcc/arm-none-eabi/13.2.0/../../../../arm-none-eabi/lib/thumb/libsysbase.a(libsysbase_libsysbase_a-chdir.o)
                0x0201ddd8                getcwd
 .text._concatenate_path
                0x0201de38      0x134 /opt/devkitpro/devkitARM/bin/../lib/gcc/arm-none-eabi/13.2.0/../../../../arm-none-eabi/lib/thumb/libsysbase.a(libsysbase_libsysbase_a-concatenate.o)
                0x0201de38                _concatenate_path
 .text._fstat_r
                0x0201df6c       0x4c /opt/devkitpro/devkitARM/bin/../lib/gcc/arm-none-eabi/13.2.0/../../../../arm-none-eabi/lib/thumb/libsysbase.a(libsysbase_libsysbase_a-fstat.o)
                0x0201df6c                _fstat_r
 .text._getpid_r
                0x0201dfb8        0xc /opt/devkitpro/devkitARM/bin/../lib/gcc/arm-none-eabi/13.2.0/../../../../arm-none-eabi/lib/thumb/libsysbase.a(libsysbase_libsysbase_a-getpid.o)
                0x0201dfb8                _getpid_r
 .text.__getreent
                0x0201dfc4       0x20 /opt/devkitpro/devkitARM/bin/../lib/gcc/arm-none-eabi/13.2.0/../../../../arm-none-eabi/lib/thumb/libsysbase.a(libsysbase_libsysbase_a-getreent.o)
                0x0201dfc4                __getreent
 .text._gettimeofday_r
                0x0201dfe4       0x20 /opt/devkitpro/devkitARM/bin/../lib/gcc/arm-none-eabi/13.2.0/../../../../arm-none-eabi/lib/thumb/libsysbase.a(libsysbase_libsysbase_a-gettod.o)
                0x0201dfe4                _gettimeofday_r
 .text.__release_handle
                0x0201e004       0x68 /opt/devkitpro/devkitARM/bin/../lib/gcc/arm-none-eabi/13.2.0/../../../../arm-none-eabi/lib/thumb/libsysbase.a(libsysbase_libsysbase_a-handle_manager.o)
                0x0201e004                __release_handle
 .text.__alloc_handle
                0x0201e06c       0x7c /opt/devkitpro/devkitARM/bin/../lib/gcc/arm-none-eabi/13.2.0/../../../../arm-none-eabi/lib/thumb/libsysbase.a(libsysbase_libsysbase_a-handle_manager.o)
                0x0201e06c                __alloc_handle
 .text.__get_handle
                0x0201e0e8       0x34 /opt/devkitpro/devkitARM/bin/../lib/gcc/arm-none-eabi/13.2.0/../../../../arm-none-eabi/lib/thumb/libsysbase.a(libsysbase_libsysbase_a-handle_manager.o)
                0x0201e0e8                __get_handle
 .text._close_r
                0x0201e11c       0xb8 /opt/devkitpro/devkitARM/bin/../lib/gcc/arm-none-eabi/13.2.0/../../../../arm-none-eabi/lib/thumb/libsysbase.a(libsysbase_libsysbase_a-handle_manager.o)
                0x0201e11c                _close_r
 .text.null_write
                0x0201e1d4        0x4 /opt/devkitpro/devkitARM/bin/../lib/gcc/arm-none-eabi/13.2.0/../../../../arm-none-eabi/lib/thumb/libsysbase.a(libsysbase_libsysbase_a-iosupport.o)
 .text.setDefaultDevice
                0x0201e1d8       0x10 /opt/devkitpro/devkitARM/bin/../lib/gcc/arm-none-eabi/13.2.0/../../../../arm-none-eabi/lib/thumb/libsysbase.a(libsysbase_libsysbase_a-iosupport.o)
                0x0201e1d8                setDefaultDevice
 .text.FindDevice
                0x0201e1e8       0x98 /opt/devkitpro/devkitARM/bin/../lib/gcc/arm-none-eabi/13.2.0/../../../../arm-none-eabi/lib/thumb/libsysbase.a(libsysbase_libsysbase_a-iosupport.o)
                0x0201e1e8                FindDevice
 .text.AddDevice
                0x0201e280       0x78 /opt/devkitpro/devkitARM/bin/../lib/gcc/arm-none-eabi/13.2.0/../../../../arm-none-eabi/lib/thumb/libsysbase.a(libsysbase_libsysbase_a-iosupport.o)
                0x0201e280                AddDevice
 .text.GetDeviceOpTab
                0x0201e2f8       0x20 /opt/devkitpro/devkitARM/bin/../lib/gcc/arm-none-eabi/13.2.0/../../../../arm-none-eabi/lib/thumb/libsysbase.a(libsysbase_libsysbase_a-iosupport.o)
                0x0201e2f8                GetDeviceOpTab
 .text._isatty_r
                0x0201e318        0x4 /opt/devkitpro/devkitARM/bin/../lib/gcc/arm-none-eabi/13.2.0/../../../../arm-none-eabi/lib/thumb/libsysbase.a(libsysbase_libsysbase_a-isatty.o)
                0x0201e318                _isatty_r
 .text._kill_r  0x0201e31c        0xc /opt/devkitpro/devkitARM/bin/../lib/gcc/arm-none-eabi/13.2.0/../../../../arm-none-eabi/lib/thumb/libsysbase.a(libsysbase_libsysbase_a-kill.o)
                0x0201e31c                _kill_r
 .text._lseek_r
                0x0201e328       0x5c /opt/devkitpro/devkitARM/bin/../lib/gcc/arm-none-eabi/13.2.0/../../../../arm-none-eabi/lib/thumb/libsysbase.a(libsysbase_libsysbase_a-lseek.o)
                0x0201e328                _lseek_r
 .text._open_r  0x0201e384       0x98 /opt/devkitpro/devkitARM/bin/../lib/gcc/arm-none-eabi/13.2.0/../../../../arm-none-eabi/lib/thumb/libsysbase.a(libsysbase_libsysbase_a-open.o)
                0x0201e384                _open_r
 .text._read_r  0x0201e41c       0x50 /opt/devkitpro/devkitARM/bin/../lib/gcc/arm-none-eabi/13.2.0/../../../../arm-none-eabi/lib/thumb/libsysbase.a(libsysbase_libsysbase_a-read.o)
                0x0201e41c                _read_r
 .text._sbrk_r  0x0201e46c       0x54 /opt/devkitpro/devkitARM/bin/../lib/gcc/arm-none-eabi/13.2.0/../../../../arm-none-eabi/lib/thumb/libsysbase.a(libsysbase_libsysbase_a-sbrk.o)
                0x0201e46c                _sbrk_r
 .text.__libc_lock_acquire
                0x0201e4c0       0x18 /opt/devkitpro/devkitARM/bin/../lib/gcc/arm-none-eabi/13.2.0/../../../../arm-none-eabi/lib/thumb/libsysbase.a(libsysbase_libsysbase_a-syscall_support.o)
                0x0201e4c0                __libc_lock_acquire
 .text.__libc_lock_release
                0x0201e4d8       0x18 /opt/devkitpro/devkitARM/bin/../lib/gcc/arm-none-eabi/13.2.0/../../../../arm-none-eabi/lib/thumb/libsysbase.a(libsysbase_libsysbase_a-syscall_support.o)
                0x0201e4d8                __libc_lock_release
 .text.__libc_lock_acquire_recursive
                0x0201e4f0       0x18 /opt/devkitpro/devkitARM/bin/../lib/gcc/arm-none-eabi/13.2.0/../../../../arm-none-eabi/lib/thumb/libsysbase.a(libsysbase_libsysbase_a-syscall_support.o)
                0x0201e4f0                __libc_lock_acquire_recursive
 .text.__libc_lock_release_recursive
                0x0201e508       0x18 /opt/devkitpro/devkitARM/bin/../lib/gcc/arm-none-eabi/13.2.0/../../../../arm-none-eabi/lib/thumb/libsysbase.a(libsysbase_libsysbase_a-syscall_support.o)
                0x0201e508                __libc_lock_release_recursive
 .text._write_r
                0x0201e520       0x50 /opt/devkitpro/devkitARM/bin/../lib/gcc/arm-none-eabi/13.2.0/../../../../arm-none-eabi/lib/thumb/libsysbase.a(libsysbase_libsysbase_a-write.o)
                0x0201e520                _write_r
 .text._write_r.__stub
                0x0201e570      0x128 linker stubs
 *(EXCLUDE_FILE(*.twl*) .gnu.warning)
 *(EXCLUDE_FILE(*.twl*) .gnu.linkonce.t*)
 *(.glue_7)
 .glue_7        0x0201e6a8        0x0 linker stubs
 *(.glue_7t)
 .glue_7t       0x0201e6a8        0x0 linker stubs
                0x0201e6a8                        . = ALIGN (0x4)

.vfp11_veneer   0x0201e6a8        0x0
 .vfp11_veneer  0x0201e6a8        0x0 linker stubs

.v4_bx          0x0201e6a8        0x0
 .v4_bx         0x0201e6a8        0x0 linker stubs

.iplt           0x0201e6a8        0x0
 .iplt          0x0201e6a8        0x0 /opt/devkitpro/devkitARM/bin/../lib/gcc/arm-none-eabi/13.2.0/../../../../arm-none-eabi/lib/thumb/ds_arm9_crt0.o

.fini           0x0201e6a8        0xc
 *(.fini)
 .fini          0x0201e6a8        0x4 /opt/devkitpro/devkitARM/bin/../lib/gcc/arm-none-eabi/13.2.0/thumb/crti.o
                0x0201e6a8                _fini
 .fini          0x0201e6ac        0x8 /opt/devkitpro/devkitARM/bin/../lib/gcc/arm-none-eabi/13.2.0/thumb/crtn.o
                0x0201e6b4                        __text_end = .

.rodata         0x0201e6b8     0x6904
 *(EXCLUDE_FILE(*.twl*) .rodata)
 .rodata        0x0201e6b8       0x50 /home/rph/Bureau/Documents/Travail/3e/Oral/Programme/try8/nflib/lib/libnflib.a(nf_basic.o)
 *all.rodata*(*)
 *(EXCLUDE_FILE(*.twl*) .roda)
 *(EXCLUDE_FILE(*.twl*) .rodata.*)
 .rodata.str1.4
                0x0201e708      0x9f0 main.o
                                 0xee (size before relaxing)
 .rodata.str1.4
                0x0201f0f8       0x28 /home/rph/Bureau/Documents/Travail/3e/Oral/Programme/try8/nflib/lib/libnflib.a(nf_2d.o)
 .rodata.str1.4
                0x0201f0f8      0x628 /home/rph/Bureau/Documents/Travail/3e/Oral/Programme/try8/nflib/lib/libnflib.a(nf_basic.o)
 .rodata.str1.4
                0x0201f0f8       0x7c /home/rph/Bureau/Documents/Travail/3e/Oral/Programme/try8/nflib/lib/libnflib.a(nf_sprite256.o)
 .rodata.str1.4
                0x0201f0f8       0x6c /home/rph/Bureau/Documents/Travail/3e/Oral/Programme/try8/nflib/lib/libnflib.a(nf_tiledbg.o)
 .rodata.nitroFSInit.str1.4
                0x0201f0f8        0x8 /opt/devkitpro/libnds/lib/libfilesystem.a(nitrofs.o)
 .rodata.str1.4
                0x0201f0f8        0xe /opt/devkitpro/libnds/lib/libfilesystem.a(nitrofs.o)
 .rodata.fatMount.part.0.str1.4
                0x0201f0f8        0x2 /opt/devkitpro/libnds/lib/libfat.a(libfat.o)
 .rodata.fatInit.str1.4
                0x0201f0f8        0x3 /opt/devkitpro/libnds/lib/libfat.a(libfat.o)
 .rodata.str1.4
                0x0201f0f8        0x4 /opt/devkitpro/libnds/lib/libfat.a(libfat.o)
 .rodata.dotab_fat
                0x0201f0f8       0x70 /opt/devkitpro/libnds/lib/libfat.a(libfat.o)
 .rodata.str1.4
                0x0201f168        0x8 /opt/devkitpro/libnds/lib/libfat.a(disc.o)
 .rodata._FAT_disc_interfaces
                0x0201f168       0x18 /opt/devkitpro/libnds/lib/libfat.a(disc.o)
                0x0201f168                _FAT_disc_interfaces
 .rodata._FAT_directory_entryFromPath.str1.4
                0x0201f180        0x7 /opt/devkitpro/libnds/lib/libfat.a(directory.o)
 .rodata.ILLEGAL_ALIAS_CHARACTERS
                0x0201f180       0x12 /opt/devkitpro/libnds/lib/libfat.a(directory.o)
 *fill*         0x0201f192        0x2 ff
 .rodata.ILLEGAL_LFN_CHARACTERS
                0x0201f194        0xa /opt/devkitpro/libnds/lib/libfat.a(directory.o)
 *fill*         0x0201f19e        0x2 ff
 .rodata.LFN_offset_table
                0x0201f1a0       0x34 /opt/devkitpro/libnds/lib/libfat.a(directory.o)
 .rodata.FAT_SIG
                0x0201f1d4        0x3 /opt/devkitpro/libnds/lib/libfat.a(partition.o)
 *fill*         0x0201f1d7        0x1 ff
 .rodata.FS_TWL_SIG
                0x0201f1d8        0x8 /opt/devkitpro/libnds/lib/libfat.a(partition.o)
 .rodata.con_write.str1.4
                0x0201f1e0       0x30 /opt/devkitpro/libnds/lib/libnds9.a(console.o)
 .rodata.con_write
                0x0201f1e0       0xd4 /opt/devkitpro/libnds/lib/libnds9.a(console.o)
 .rodata.consoleClear.str1.4
                0x0201f2b4        0x5 /opt/devkitpro/libnds/lib/libnds9.a(console.o)
 .rodata.str1.4
                0x0201f2b4       0x14 /opt/devkitpro/libnds/lib/libnds9.a(console.o)
 .rodata.dotab_stdout
                0x0201f2b4       0x70 /opt/devkitpro/libnds/lib/libnds9.a(console.o)
 .rodata.default_font_bin
                0x0201f324     0x2000 /opt/devkitpro/libnds/lib/libnds9.a(default_font.bin.o)
                0x0201f324                default_font_bin
                0x02021324                default_font_bin_end
 .rodata.SIN_LUT
                0x02021324      0x102 /opt/devkitpro/libnds/lib/libnds9.a(trig.o)
                0x02021324                SIN_LUT
 .rodata.str1.4
                0x02021426       0x4c /opt/devkitpro/devkitARM/bin/../lib/gcc/arm-none-eabi/13.2.0/../../../../arm-none-eabi/lib/thumb/libg.a(libc_a-locale.o)
 *fill*         0x02021426        0x2 ff
 .rodata._DAYS_BEFORE_MONTH
                0x02021428       0x30 /opt/devkitpro/devkitARM/bin/../lib/gcc/arm-none-eabi/13.2.0/../../../../arm-none-eabi/lib/thumb/libg.a(libc_a-mktime.o)
 .rodata.DAYS_IN_MONTH
                0x02021458       0x30 /opt/devkitpro/devkitARM/bin/../lib/gcc/arm-none-eabi/13.2.0/../../../../arm-none-eabi/lib/thumb/libg.a(libc_a-mktime.o)
 .rodata._svfprintf_r.str1.1
                0x02021488       0x3b /opt/devkitpro/devkitARM/bin/../lib/gcc/arm-none-eabi/13.2.0/../../../../arm-none-eabi/lib/thumb/libg.a(libc_a-svfprintf.o)
 *fill*         0x020214c3        0x1 ff
 .rodata.zeroes.0
                0x020214c4       0x10 /opt/devkitpro/devkitARM/bin/../lib/gcc/arm-none-eabi/13.2.0/../../../../arm-none-eabi/lib/thumb/libg.a(libc_a-svfprintf.o)
 .rodata.blanks.1
                0x020214d4       0x10 /opt/devkitpro/devkitARM/bin/../lib/gcc/arm-none-eabi/13.2.0/../../../../arm-none-eabi/lib/thumb/libg.a(libc_a-svfprintf.o)
 .rodata._ctype_
                0x020214e4      0x101 /opt/devkitpro/devkitARM/bin/../lib/gcc/arm-none-eabi/13.2.0/../../../../arm-none-eabi/lib/thumb/libg.a(libc_a-ctype_.o)
                0x020214e4                _ctype_
 .rodata.str1.4
                0x020215e5        0x4 /opt/devkitpro/devkitARM/bin/../lib/gcc/arm-none-eabi/13.2.0/../../../../arm-none-eabi/lib/thumb/libg.a(libc_a-tzvars.o)
 *fill*         0x020215e5        0x3 ff
 .rodata.__action_table
                0x020215e8       0x6c /opt/devkitpro/devkitARM/bin/../lib/gcc/arm-none-eabi/13.2.0/../../../../arm-none-eabi/lib/thumb/libg.a(libc_a-svfiprintf.o)
                0x020215e8                __action_table
 .rodata.__state_table
                0x02021654       0x6c /opt/devkitpro/devkitARM/bin/../lib/gcc/arm-none-eabi/13.2.0/../../../../arm-none-eabi/lib/thumb/libg.a(libc_a-svfiprintf.o)
                0x02021654                __state_table
 .rodata.__chclass
                0x020216c0      0x100 /opt/devkitpro/devkitARM/bin/../lib/gcc/arm-none-eabi/13.2.0/../../../../arm-none-eabi/lib/thumb/libg.a(libc_a-svfiprintf.o)
                0x020216c0                __chclass
 .rodata._mbrtowc_r.str1.4
                0x020217c0        0x1 /opt/devkitpro/devkitARM/bin/../lib/gcc/arm-none-eabi/13.2.0/../../../../arm-none-eabi/lib/thumb/libg.a(libc_a-mbrtowc.o)
 .rodata._vfiprintf_r.str1.1
                0x020217c0       0x29 /opt/devkitpro/devkitARM/bin/../lib/gcc/arm-none-eabi/13.2.0/../../../../arm-none-eabi/lib/thumb/libg.a(libc_a-vfiprintf.o)
 .rodata.zeroes.0
                0x020217c0       0x10 /opt/devkitpro/devkitARM/bin/../lib/gcc/arm-none-eabi/13.2.0/../../../../arm-none-eabi/lib/thumb/libg.a(libc_a-vfiprintf.o)
 .rodata.blanks.1
                0x020217d0       0x10 /opt/devkitpro/devkitARM/bin/../lib/gcc/arm-none-eabi/13.2.0/../../../../arm-none-eabi/lib/thumb/libg.a(libc_a-vfiprintf.o)
 .rodata.basefix.0
                0x020217e0       0x22 /opt/devkitpro/devkitARM/bin/../lib/gcc/arm-none-eabi/13.2.0/../../../../arm-none-eabi/lib/thumb/libg.a(libc_a-svfiscanf.o)
 *fill*         0x02021802        0x2 ff
 .rodata.__month_lengths
                0x02021804       0x60 /opt/devkitpro/devkitARM/bin/../lib/gcc/arm-none-eabi/13.2.0/../../../../arm-none-eabi/lib/thumb/libg.a(libc_a-month_lengths.o)
                0x02021804                __month_lengths
 .rodata._dtoa_r.str1.4
                0x02021864       0x67 /opt/devkitpro/devkitARM/bin/../lib/gcc/arm-none-eabi/13.2.0/../../../../arm-none-eabi/lib/thumb/libg.a(libc_a-dtoa.o)
 .rodata._tzset_unlocked_r.str1.4
                0x02021864       0x6b /opt/devkitpro/devkitARM/bin/../lib/gcc/arm-none-eabi/13.2.0/../../../../arm-none-eabi/lib/thumb/libg.a(libc_a-tzset_r.o)
 .rodata.__assert_func.str1.4
                0x02021864       0x43 /opt/devkitpro/devkitARM/bin/../lib/gcc/arm-none-eabi/13.2.0/../../../../arm-none-eabi/lib/thumb/libg.a(libc_a-assert.o)
 .rodata.__multadd.str1.4
                0x02021864       0x54 /opt/devkitpro/devkitARM/bin/../lib/gcc/arm-none-eabi/13.2.0/../../../../arm-none-eabi/lib/thumb/libg.a(libc_a-mprec.o)
 .rodata.p05.0  0x02021864        0xc /opt/devkitpro/devkitARM/bin/../lib/gcc/arm-none-eabi/13.2.0/../../../../arm-none-eabi/lib/thumb/libg.a(libc_a-mprec.o)
 .rodata.__mprec_bigtens
                0x02021870       0x28 /opt/devkitpro/devkitARM/bin/../lib/gcc/arm-none-eabi/13.2.0/../../../../arm-none-eabi/lib/thumb/libg.a(libc_a-mprec.o)
                0x02021870                __mprec_bigtens
 .rodata.__mprec_tens
                0x02021898       0xc8 /opt/devkitpro/devkitARM/bin/../lib/gcc/arm-none-eabi/13.2.0/../../../../arm-none-eabi/lib/thumb/libg.a(libc_a-mprec.o)
                0x02021898                __mprec_tens
 .rodata.categories
                0x02021960     0x35dc /opt/devkitpro/devkitARM/bin/../lib/gcc/arm-none-eabi/13.2.0/../../../../arm-none-eabi/lib/thumb/libg.a(libc_a-categories.o)
 .rodata.AddDevice.str1.4
                0x02024f3c        0x8 /opt/devkitpro/devkitARM/bin/../lib/gcc/arm-none-eabi/13.2.0/../../../../arm-none-eabi/lib/thumb/libsysbase.a(libsysbase_libsysbase_a-iosupport.o)
 .rodata.dotab_stdnull
                0x02024f3c       0x80 /opt/devkitpro/devkitARM/bin/../lib/gcc/arm-none-eabi/13.2.0/../../../../arm-none-eabi/lib/thumb/libsysbase.a(libsysbase_libsysbase_a-iosupport.o)
                0x02024f3c                dotab_stdnull
 *(EXCLUDE_FILE(*.twl*) .gnu.linkonce.r*)
                0x02024fbc                        . = ALIGN (0x4)

.ARM.extab
 *(.ARM.extab* .gnu.linkonce.armextab.*)
                0x02024fbc                        __exidx_start = .

ARM.exidx
 *(.ARM.exidx* .gnu.linkonce.armexidx.*)
                0x02024fbc                        __exidx_end = .
                0x02024fbc                        . = ALIGN (0x4)
                0x02024fbc                        PROVIDE (__preinit_array_start = .)

.preinit_array
 *(.preinit_array)
                0x02024fbc                        PROVIDE (__preinit_array_end = .)
                0x02024fbc                        PROVIDE (__init_array_start = .)

.init_array     0x02024fbc        0x4
 *(SORT_BY_NAME(.init_array.*))
 *(.init_array)
 .init_array    0x02024fbc        0x4 /opt/devkitpro/devkitARM/bin/../lib/gcc/arm-none-eabi/13.2.0/thumb/crtbegin.o
                0x02024fc0                        PROVIDE (__init_array_end = .)
                [!provide]                        PROVIDE (__fini_array_start = .)

.fini_array     0x02024fc0        0x4
 *(.fini_array)
 .fini_array    0x02024fc0        0x4 /opt/devkitpro/devkitARM/bin/../lib/gcc/arm-none-eabi/13.2.0/thumb/crtbegin.o
 *(SORT_BY_NAME(.fini_array.*))
                [!provide]                        PROVIDE (__fini_array_end = .)

.ctors          0x02024fc4        0x0
 *crtbegin.o(.ctors)
 *(EXCLUDE_FILE(*crtend.o) .ctors)
 *(SORT_BY_NAME(.ctors.*))
 *(.ctors)
                0x02024fc4                        . = ALIGN (0x4)

.dtors          0x02024fc4        0x0
 *crtbegin.o(.dtors)
 *(EXCLUDE_FILE(*crtend.o) .dtors)
 *(SORT_BY_NAME(.dtors.*))
 *(.dtors)
                0x02024fc4                        . = ALIGN (0x4)

.eh_frame       0x02024fc4        0x4
 *(.eh_frame)
 .eh_frame      0x02024fc4        0x0 /opt/devkitpro/devkitARM/bin/../lib/gcc/arm-none-eabi/13.2.0/thumb/crtbegin.o
 .eh_frame      0x02024fc4        0x4 /opt/devkitpro/devkitARM/bin/../lib/gcc/arm-none-eabi/13.2.0/thumb/crtend.o
                0x02024fc8                        . = ALIGN (0x4)

.gcc_except_table
                0x02024fc8        0x0
 *(.gcc_except_table)
                0x02024fc8                        . = ALIGN (0x4)

.jcr
 *(.jcr)

.got
 *(.got.plt)
 *(.got)
 *(.rel.got)

.ewram          0x02024fc8        0x0
                0x02024fc8                        __ewram_start = ABSOLUTE (.)
 *(.ewram)
 *ewram.*(.text)
                0x02024fc8                        . = ALIGN (0x4)

.data           0x02024fc8     0x252c
                0x02024fc8                        __data_start = ABSOLUTE (.)
 *(EXCLUDE_FILE(*.twl*) .data)
 .data          0x02024fc8       0x28 /opt/devkitpro/libnds/lib/libnds9.a(mpu_setup.o)
 *(EXCLUDE_FILE(*.twl*) .data.*)
 .data.ndsFileFD
                0x02024ff0        0x4 /opt/devkitpro/libnds/lib/libfilesystem.a(nitrofs.o)
 .data.nitroFSdevoptab
                0x02024ff4       0x70 /opt/devkitpro/libnds/lib/libfilesystem.a(nitrofs.o)
                0x02024ff4                nitroFSdevoptab
 .data.syspaths
                0x02025064        0x8 /opt/devkitpro/libnds/lib/libfilesystem.a(nitrofs.o)
                0x02025064                syspaths
 .data.currentConsole
                0x0202506c        0x4 /opt/devkitpro/libnds/lib/libnds9.a(console.o)
                0x0202506c                currentConsole
 .data.defaultConsole
                0x02025070       0x5c /opt/devkitpro/libnds/lib/libnds9.a(console.o)
                0x02025070                defaultConsole
 .data.firstConsoleInit.0
                0x020250cc        0x1 /opt/devkitpro/libnds/lib/libnds9.a(console.o)
 *fill*         0x020250cd        0x3 ff
 .data.oamMain  0x020250d0       0x18 /opt/devkitpro/libnds/lib/libnds9.a(sprite.o)
                0x020250d0                oamMain
 .data.oamSub   0x020250e8       0x18 /opt/devkitpro/libnds/lib/libnds9.a(sprite.o)
                0x020250e8                oamSub
 .data.count    0x02025100        0x1 /opt/devkitpro/libnds/lib/libnds9.a(keys.o)
 .data.delay    0x02025101        0x1 /opt/devkitpro/libnds/lib/libnds9.a(keys.o)
 .data.repeat   0x02025102        0x1 /opt/devkitpro/libnds/lib/libnds9.a(keys.o)
 *fill*         0x02025103        0x1 ff
 .data.fifo_buffer_free
                0x02025104        0x4 /opt/devkitpro/libnds/lib/libnds9.a(fifosystem.o)
                0x02025104                fifo_buffer_free
 .data.fifo_freewords
                0x02025108        0x4 /opt/devkitpro/libnds/lib/libnds9.a(fifosystem.o)
                0x02025108                fifo_freewords
 .data.fifo_receive_queue
                0x0202510c        0x4 /opt/devkitpro/libnds/lib/libnds9.a(fifosystem.o)
                0x0202510c                fifo_receive_queue
 .data.fifo_send_queue
                0x02025110        0x4 /opt/devkitpro/libnds/lib/libnds9.a(fifosystem.o)
                0x02025110                fifo_send_queue
 .data.bgControl
                0x02025114       0x20 /opt/devkitpro/libnds/lib/libnds9.a(background.o)
                0x02025114                bgControl
 .data.bgScrollTable
                0x02025134       0x20 /opt/devkitpro/libnds/lib/libnds9.a(background.o)
                0x02025134                bgScrollTable
 .data.bgTransform
                0x02025154       0x20 /opt/devkitpro/libnds/lib/libnds9.a(background.o)
                0x02025154                bgTransform
 .data.__global_locale